Archive member included to satisfy reference by file (symbol)

C:/ST/STM32CubeIDE_1.16.1/STM32CubeIDE/plugins/com.st.stm32cube.ide.mcu.externaltools.gnu-tools-for-stm32.13.3.rel1.win32_1.0.0.202411081344/tools/bin/../lib/gcc/arm-none-eabi/13.3.1/../../../../arm-none-eabi/lib/thumb/v7e-m+dp/hard\libc_nano.a(libc_a-exit.o)
                              C:/ST/STM32CubeIDE_1.16.1/STM32CubeIDE/plugins/com.st.stm32cube.ide.mcu.externaltools.gnu-tools-for-stm32.13.3.rel1.win32_1.0.0.202411081344/tools/bin/../lib/gcc/arm-none-eabi/13.3.1/../../../../arm-none-eabi/lib/thumb/v7e-m+dp/hard/crt0.o (exit)
C:/ST/STM32CubeIDE_1.16.1/STM32CubeIDE/plugins/com.st.stm32cube.ide.mcu.externaltools.gnu-tools-for-stm32.13.3.rel1.win32_1.0.0.202411081344/tools/bin/../lib/gcc/arm-none-eabi/13.3.1/../../../../arm-none-eabi/lib/thumb/v7e-m+dp/hard\libc_nano.a(libc_a-findfp.o)
                              C:/ST/STM32CubeIDE_1.16.1/STM32CubeIDE/plugins/com.st.stm32cube.ide.mcu.externaltools.gnu-tools-for-stm32.13.3.rel1.win32_1.0.0.202411081344/tools/bin/../lib/gcc/arm-none-eabi/13.3.1/../../../../arm-none-eabi/lib/thumb/v7e-m+dp/hard\libc_nano.a(libc_a-exit.o) (__stdio_exit_handler)
C:/ST/STM32CubeIDE_1.16.1/STM32CubeIDE/plugins/com.st.stm32cube.ide.mcu.externaltools.gnu-tools-for-stm32.13.3.rel1.win32_1.0.0.202411081344/tools/bin/../lib/gcc/arm-none-eabi/13.3.1/../../../../arm-none-eabi/lib/thumb/v7e-m+dp/hard\libc_nano.a(libc_a-fwalk.o)
                              C:/ST/STM32CubeIDE_1.16.1/STM32CubeIDE/plugins/com.st.stm32cube.ide.mcu.externaltools.gnu-tools-for-stm32.13.3.rel1.win32_1.0.0.202411081344/tools/bin/../lib/gcc/arm-none-eabi/13.3.1/../../../../arm-none-eabi/lib/thumb/v7e-m+dp/hard\libc_nano.a(libc_a-findfp.o) (_fwalk_sglue)
C:/ST/STM32CubeIDE_1.16.1/STM32CubeIDE/plugins/com.st.stm32cube.ide.mcu.externaltools.gnu-tools-for-stm32.13.3.rel1.win32_1.0.0.202411081344/tools/bin/../lib/gcc/arm-none-eabi/13.3.1/../../../../arm-none-eabi/lib/thumb/v7e-m+dp/hard\libc_nano.a(libc_a-stdio.o)
                              C:/ST/STM32CubeIDE_1.16.1/STM32CubeIDE/plugins/com.st.stm32cube.ide.mcu.externaltools.gnu-tools-for-stm32.13.3.rel1.win32_1.0.0.202411081344/tools/bin/../lib/gcc/arm-none-eabi/13.3.1/../../../../arm-none-eabi/lib/thumb/v7e-m+dp/hard\libc_nano.a(libc_a-findfp.o) (__sread)
C:/ST/STM32CubeIDE_1.16.1/STM32CubeIDE/plugins/com.st.stm32cube.ide.mcu.externaltools.gnu-tools-for-stm32.13.3.rel1.win32_1.0.0.202411081344/tools/bin/../lib/gcc/arm-none-eabi/13.3.1/../../../../arm-none-eabi/lib/thumb/v7e-m+dp/hard\libc_nano.a(libc_a-memset.o)
                              C:/ST/STM32CubeIDE_1.16.1/STM32CubeIDE/plugins/com.st.stm32cube.ide.mcu.externaltools.gnu-tools-for-stm32.13.3.rel1.win32_1.0.0.202411081344/tools/bin/../lib/gcc/arm-none-eabi/13.3.1/../../../../arm-none-eabi/lib/thumb/v7e-m+dp/hard/crt0.o (memset)
C:/ST/STM32CubeIDE_1.16.1/STM32CubeIDE/plugins/com.st.stm32cube.ide.mcu.externaltools.gnu-tools-for-stm32.13.3.rel1.win32_1.0.0.202411081344/tools/bin/../lib/gcc/arm-none-eabi/13.3.1/../../../../arm-none-eabi/lib/thumb/v7e-m+dp/hard\libc_nano.a(libc_a-closer.o)
                              C:/ST/STM32CubeIDE_1.16.1/STM32CubeIDE/plugins/com.st.stm32cube.ide.mcu.externaltools.gnu-tools-for-stm32.13.3.rel1.win32_1.0.0.202411081344/tools/bin/../lib/gcc/arm-none-eabi/13.3.1/../../../../arm-none-eabi/lib/thumb/v7e-m+dp/hard\libc_nano.a(libc_a-stdio.o) (_close_r)
C:/ST/STM32CubeIDE_1.16.1/STM32CubeIDE/plugins/com.st.stm32cube.ide.mcu.externaltools.gnu-tools-for-stm32.13.3.rel1.win32_1.0.0.202411081344/tools/bin/../lib/gcc/arm-none-eabi/13.3.1/../../../../arm-none-eabi/lib/thumb/v7e-m+dp/hard\libc_nano.a(libc_a-reent.o)
                              C:/ST/STM32CubeIDE_1.16.1/STM32CubeIDE/plugins/com.st.stm32cube.ide.mcu.externaltools.gnu-tools-for-stm32.13.3.rel1.win32_1.0.0.202411081344/tools/bin/../lib/gcc/arm-none-eabi/13.3.1/../../../../arm-none-eabi/lib/thumb/v7e-m+dp/hard\libc_nano.a(libc_a-closer.o) (errno)
C:/ST/STM32CubeIDE_1.16.1/STM32CubeIDE/plugins/com.st.stm32cube.ide.mcu.externaltools.gnu-tools-for-stm32.13.3.rel1.win32_1.0.0.202411081344/tools/bin/../lib/gcc/arm-none-eabi/13.3.1/../../../../arm-none-eabi/lib/thumb/v7e-m+dp/hard\libc_nano.a(libc_a-impure.o)
                              C:/ST/STM32CubeIDE_1.16.1/STM32CubeIDE/plugins/com.st.stm32cube.ide.mcu.externaltools.gnu-tools-for-stm32.13.3.rel1.win32_1.0.0.202411081344/tools/bin/../lib/gcc/arm-none-eabi/13.3.1/../../../../arm-none-eabi/lib/thumb/v7e-m+dp/hard\libc_nano.a(libc_a-reent.o) (_impure_ptr)
C:/ST/STM32CubeIDE_1.16.1/STM32CubeIDE/plugins/com.st.stm32cube.ide.mcu.externaltools.gnu-tools-for-stm32.13.3.rel1.win32_1.0.0.202411081344/tools/bin/../lib/gcc/arm-none-eabi/13.3.1/../../../../arm-none-eabi/lib/thumb/v7e-m+dp/hard\libc_nano.a(libc_a-lseekr.o)
[...]
Memory Configuration

Name             Origin             Length             Attributes
ITCMRAM          0x00000000         0x00010000         xrw
FLASH            0x08000000         0x00080000         xr
FLASH2           0x08100000         0x00080000         xr
DTCMRAM1         0x20000000         0x00010000         xrw
DTCMRAM2         0x20010000         0x00010000         xrw
RAM              0x24000000         0x00100000         xrw
RAM_CD           0x30000000         0x00020000         xrw
RAM_SRD          0x38000000         0x00008000         xrw
*default*        0x00000000         0xffffffff

Linker script and memory map

LOAD C:/ST/STM32CubeIDE_1.16.1/STM32CubeIDE/plugins/com.st.stm32cube.ide.mcu.externaltools.gnu-tools-for-stm32.13.3.rel1.win32_1.0.0.202411081344/tools/bin/../lib/gcc/arm-none-eabi/13.3.1/thumb/v7e-m+dp/hard/crti.o
LOAD C:/ST/STM32CubeIDE_1.16.1/STM32CubeIDE/plugins/com.st.stm32cube.ide.mcu.externaltools.gnu-tools-for-stm32.13.3.rel1.win32_1.0.0.202411081344/tools/bin/../lib/gcc/arm-none-eabi/13.3.1/thumb/v7e-m+dp/hard/crtbegin.o
LOAD C:/ST/STM32CubeIDE_1.16.1/STM32CubeIDE/plugins/com.st.stm32cube.ide.mcu.externaltools.gnu-tools-for-stm32.13.3.rel1.win32_1.0.0.202411081344/tools/bin/../lib/gcc/arm-none-eabi/13.3.1/../../../../arm-none-eabi/lib/thumb/v7e-m+dp/hard/crt0.o
LOAD Core\Src\main.o
LOAD Core\Src\stm32h7xx_hal_msp.o
LOAD Core\Src\stm32h7xx_it.o
LOAD Core\Src\syscalls.o
LOAD Core\Src\sysmem.o
LOAD Core\Src\system_stm32h7xx.o
LOAD Core\Startup\startup_stm32h7a3rgtx.o
LOAD Drivers\STM32H7xx_HAL_Driver\Src\stm32h7xx_hal.o
LOAD Drivers\STM32H7xx_HAL_Driver\Src\stm32h7xx_hal_cortex.o
LOAD Drivers\STM32H7xx_HAL_Driver\Src\stm32h7xx_hal_dma.o
LOAD Drivers\STM32H7xx_HAL_Driver\Src\stm32h7xx_hal_dma_ex.o
LOAD Drivers\STM32H7xx_HAL_Driver\Src\stm32h7xx_hal_exti.o
LOAD Drivers\STM32H7xx_HAL_Driver\Src\stm32h7xx_hal_flash.o
LOAD Drivers\STM32H7xx_HAL_Driver\Src\stm32h7xx_hal_flash_ex.o
LOAD Drivers\STM32H7xx_HAL_Driver\Src\stm32h7xx_hal_gpio.o
LOAD Drivers\STM32H7xx_HAL_Driver\Src\stm32h7xx_hal_hsem.o
LOAD Drivers\STM32H7xx_HAL_Driver\Src\stm32h7xx_hal_i2c.o
LOAD Drivers\STM32H7xx_HAL_Driver\Src\stm32h7xx_hal_i2c_ex.o
LOAD Drivers\STM32H7xx_HAL_Driver\Src\stm32h7xx_hal_mdma.o
LOAD Drivers\STM32H7xx_HAL_Driver\Src\stm32h7xx_hal_pcd.o
LOAD Drivers\STM32H7xx_HAL_Driver\Src\stm32h7xx_hal_pcd_ex.o
LOAD Drivers\STM32H7xx_HAL_Driver\Src\stm32h7xx_hal_pwr.o
LOAD Drivers\STM32H7xx_HAL_Driver\Src\stm32h7xx_hal_pwr_ex.o
LOAD Drivers\STM32H7xx_HAL_Driver\Src\stm32h7xx_hal_rcc.o
LOAD Drivers\STM32H7xx_HAL_Driver\Src\stm32h7xx_hal_rcc_ex.o
LOAD Drivers\STM32H7xx_HAL_Driver\Src\stm32h7xx_ll_usb.o
LOAD Middlewares\ST\STM32_USB_Device_Library\Class\HID\Src\usbd_hid.o
LOAD Middlewares\ST\STM32_USB_Device_Library\Core\Src\usbd_core.o
LOAD Middlewares\ST\STM32_USB_Device_Library\Core\Src\usbd_ctlreq.o
LOAD Middlewares\ST\STM32_USB_Device_Library\Core\Src\usbd_ioreq.o
LOAD USB_DEVICE\App\usb_device.o
LOAD USB_DEVICE\App\usbd_desc.o
LOAD USB_DEVICE\Target\usbd_conf.o
START GROUP
LOAD C:/ST/STM32CubeIDE_1.16.1/STM32CubeIDE/plugins/com.st.stm32cube.ide.mcu.externaltools.gnu-tools-for-stm32.13.3.rel1.win32_1.0.0.202411081344/tools/bin/../lib/gcc/arm-none-eabi/13.3.1/../../../../arm-none-eabi/lib/thumb/v7e-m+dp/hard\libc_nano.a
LOAD C:/ST/STM32CubeIDE_1.16.1/STM32CubeIDE/plugins/com.st.stm32cube.ide.mcu.externaltools.gnu-tools-for-stm32.13.3.rel1.win32_1.0.0.202411081344/tools/bin/../lib/gcc/arm-none-eabi/13.3.1/../../../../arm-none-eabi/lib/thumb/v7e-m+dp/hard\libm.a
END GROUP
START GROUP
LOAD C:/ST/STM32CubeIDE_1.16.1/STM32CubeIDE/plugins/com.st.stm32cube.ide.mcu.externaltools.gnu-tools-for-stm32.13.3.rel1.win32_1.0.0.202411081344/tools/bin/../lib/gcc/arm-none-eabi/13.3.1/thumb/v7e-m+dp/hard\libgcc.a
LOAD C:/ST/STM32CubeIDE_1.16.1/STM32CubeIDE/plugins/com.st.stm32cube.ide.mcu.externaltools.gnu-tools-for-stm32.13.3.rel1.win32_1.0.0.202411081344/tools/bin/../lib/gcc/arm-none-eabi/13.3.1/../../../../arm-none-eabi/lib/thumb/v7e-m+dp/hard\libc_nano.a
END GROUP
START GROUP
LOAD C:/ST/STM32CubeIDE_1.16.1/STM32CubeIDE/plugins/com.st.stm32cube.ide.mcu.externaltools.gnu-tools-for-stm32.13.3.rel1.win32_1.0.0.202411081344/tools/bin/../lib/gcc/arm-none-eabi/13.3.1/thumb/v7e-m+dp/hard\libgcc.a
LOAD C:/ST/STM32CubeIDE_1.16.1/STM32CubeIDE/plugins/com.st.stm32cube.ide.mcu.externaltools.gnu-tools-for-stm32.13.3.rel1.win32_1.0.0.202411081344/tools/bin/../lib/gcc/arm-none-eabi/13.3.1/../../../../arm-none-eabi/lib/thumb/v7e-m+dp/hard\libc_nano.a
LOAD C:/ST/STM32CubeIDE_1.16.1/STM32CubeIDE/plugins/com.st.stm32cube.ide.mcu.externaltools.gnu-tools-for-stm32.13.3.rel1.win32_1.0.0.202411081344/tools/bin/../lib/gcc/arm-none-eabi/13.3.1/../../../../arm-none-eabi/lib/thumb/v7e-m+dp/hard\libnosys.a
END GROUP
START GROUP
LOAD C:/ST/STM32CubeIDE_1.16.1/STM32CubeIDE/plugins/com.st.stm32cube.ide.mcu.externaltools.gnu-tools-for-stm32.13.3.rel1.win32_1.0.0.202411081344/tools/bin/../lib/gcc/arm-none-eabi/13.3.1/thumb/v7e-m+dp/hard\libgcc.a
LOAD C:/ST/STM32CubeIDE_1.16.1/STM32CubeIDE/plugins/com.st.stm32cube.ide.mcu.externaltools.gnu-tools-for-stm32.13.3.rel1.win32_1.0.0.202411081344/tools/bin/../lib/gcc/arm-none-eabi/13.3.1/../../../../arm-none-eabi/lib/thumb/v7e-m+dp/hard\libc_nano.a
LOAD C:/ST/STM32CubeIDE_1.16.1/STM32CubeIDE/plugins/com.st.stm32cube.ide.mcu.externaltools.gnu-tools-for-stm32.13.3.rel1.win32_1.0.0.202411081344/tools/bin/../lib/gcc/arm-none-eabi/13.3.1/../../../../arm-none-eabi/lib/thumb/v7e-m+dp/hard\libnosys.a
END GROUP
LOAD C:/ST/STM32CubeIDE_1.16.1/STM32CubeIDE/plugins/com.st.stm32cube.ide.mcu.externaltools.gnu-tools-for-stm32.13.3.rel1.win32_1.0.0.202411081344/tools/bin/../lib/gcc/arm-none-eabi/13.3.1/thumb/v7e-m+dp/hard/crtend.o
LOAD C:/ST/STM32CubeIDE_1.16.1/STM32CubeIDE/plugins/com.st.stm32cube.ide.mcu.externaltools.gnu-tools-for-stm32.13.3.rel1.win32_1.0.0.202411081344/tools/bin/../lib/gcc/arm-none-eabi/13.3.1/thumb/v7e-m+dp/hard/crtn.o
                0x24100000                        _estack = (ORIGIN (RAM) + LENGTH (RAM))
                0x00000200                        _Min_Heap_Size = 0x200
                0x00000400                        _Min_Stack_Size = 0x400

.isr_vector     0x08000000      0x2ac
                0x08000000                        . = ALIGN (0x4)
 *(.isr_vector)
 .isr_vector    0x08000000      0x2ac Core\Startup\startup_stm32h7a3rgtx.o
                0x08000000                g_pfnVectors
                0x080002ac                        . = ALIGN (0x4)

.text           0x080002ac     0x83a0
                0x080002ac                        . = ALIGN (0x4)
 *(.text)
 .text          0x080002ac       0x40 C:/ST/STM32CubeIDE_1.16.1/STM32CubeIDE/plugins/com.st.stm32cube.ide.mcu.externaltools.gnu-tools-for-stm32.13.3.rel1.win32_1.0.0.202411081344/tools/bin/../lib/gcc/arm-none-eabi/13.3.1/thumb/v7e-m+dp/hard/crtbegin.o
 *(.text*)
 .text.main     0x080002ec       0x88 Core\Src\main.o
                0x080002ec                main
 .text.SystemClock_Config
                0x08000374       0xc8 Core\Src\main.o
                0x08000374                SystemClock_Config
 .text.MX_GPIO_Init
                0x0800043c      0x14c Core\Src\main.o
 .text.write_pin
                0x08000588       0x44 Core\Src\main.o
                0x08000588                write_pin
 .text.MPU_Config
                0x080005cc       0x58 Core\Src\main.o
 .text.Error_Handler
                0x08000624        0xc Core\Src\main.o
                0x08000624                Error_Handler
 .text.HAL_MspInit
                0x08000630       0x34 Core\Src\stm32h7xx_hal_msp.o
                0x08000630                HAL_MspInit
 .text.NMI_Handler
                0x08000664        0x8 Core\Src\stm32h7xx_it.o
                0x08000664                NMI_Handler
 .text.HardFault_Handler
                0x0800066c        0x8 Core\Src\stm32h7xx_it.o
                0x0800066c                HardFault_Handler
 .text.MemManage_Handler
                0x08000674        0x8 Core\Src\stm32h7xx_it.o
                0x08000674                MemManage_Handler
 .text.BusFault_Handler
                0x0800067c        0x8 Core\Src\stm32h7xx_it.o
                0x0800067c                BusFault_Handler
 .text.UsageFault_Handler
                0x08000684        0x8 Core\Src\stm32h7xx_it.o
                0x08000684                UsageFault_Handler
 .text.SVC_Handler
                0x0800068c        0xe Core\Src\stm32h7xx_it.o
                0x0800068c                SVC_Handler
 .text.DebugMon_Handler
                0x0800069a        0xe Core\Src\stm32h7xx_it.o
                0x0800069a                DebugMon_Handler
 .text.PendSV_Handler
                0x080006a8        0xe Core\Src\stm32h7xx_it.o
                0x080006a8                PendSV_Handler
 .text.SysTick_Handler
                0x080006b6        0xc Core\Src\stm32h7xx_it.o
                0x080006b6                SysTick_Handler
 *fill*         0x080006c2        0x2 
 .text.OTG_HS_IRQHandler
                0x080006c4       0x14 Core\Src\stm32h7xx_it.o
                0x080006c4                OTG_HS_IRQHandler
 .text.SystemInit
                0x080006d8      0x120 Core\Src\system_stm32h7xx.o
                0x080006d8                SystemInit
 .text.ExitRun0Mode
                0x080007f8       0x30 Core\Src\system_stm32h7xx.o
                0x080007f8                ExitRun0Mode
 .text.Reset_Handler
                0x08000828       0x54 Core\Startup\startup_stm32h7a3rgtx.o
                0x08000828                Reset_Handler
 .text.Default_Handler
                0x0800087c        0x2 Core\Startup\startup_stm32h7a3rgtx.o
                0x0800087c                RTC_Alarm_IRQHandler
                0x0800087c                EXTI2_IRQHandler
                0x0800087c                TIM8_CC_IRQHandler
                0x0800087c                UART8_IRQHandler
                0x0800087c                BDMA2_Channel1_IRQHandler
                0x0800087c                SPI4_IRQHandler
                0x0800087c                BDMA2_Channel0_IRQHandler
                0x0800087c                TIM1_CC_IRQHandler
                0x0800087c                DMA2_Stream5_IRQHandler
                0x0800087c                JPEG_IRQHandler
                0x0800087c                DMA1_Stream5_IRQHandler
                0x0800087c                EXTI3_IRQHandler
                0x0800087c                LPTIM4_IRQHandler
                0x0800087c                TIM8_TRG_COM_TIM14_IRQHandler
                0x0800087c                LPTIM2_IRQHandler
                0x0800087c                DFSDM1_FLT1_IRQHandler
                0x0800087c                DMAMUX2_OVR_IRQHandler
                0x0800087c                GFXMMU_IRQHandler
                0x0800087c                TIM8_UP_TIM13_IRQHandler
                0x0800087c                I2C3_ER_IRQHandler
                0x0800087c                DFSDM1_FLT2_IRQHandler
                0x0800087c                USART10_IRQHandler
                0x0800087c                MDMA_IRQHandler
                0x0800087c                LPTIM3_IRQHandler
                0x0800087c                BDMA2_Channel3_IRQHandler
                0x0800087c                HSEM1_IRQHandler
                0x0800087c                EXTI0_IRQHandler
                0x0800087c                I2C2_EV_IRQHandler
                0x0800087c                DAC2_IRQHandler
                0x0800087c                DMA1_Stream2_IRQHandler
                0x0800087c                FPU_IRQHandler
                0x0800087c                OTG_HS_WKUP_IRQHandler
                0x0800087c                FDCAN1_IT1_IRQHandler
                0x0800087c                LTDC_ER_IRQHandler
                0x0800087c                DMA2_Stream2_IRQHandler
                0x0800087c                SPI1_IRQHandler
                0x0800087c                OCTOSPI1_IRQHandler
                0x0800087c                TIM6_DAC_IRQHandler
                0x0800087c                BDMA2_Channel6_IRQHandler
                0x0800087c                DMA2_Stream3_IRQHandler
                0x0800087c                OCTOSPI2_IRQHandler
                0x0800087c                SAI2_IRQHandler
                0x0800087c                BDMA1_IRQHandler
                0x0800087c                DFSDM1_FLT3_IRQHandler
                0x0800087c                USART6_IRQHandler
                0x0800087c                TIM17_IRQHandler
                0x0800087c                USART3_IRQHandler
                0x0800087c                LPTIM5_IRQHandler
                0x0800087c                UART5_IRQHandler
                0x0800087c                DMA2_Stream0_IRQHandler
                0x0800087c                TIM4_IRQHandler
                0x0800087c                I2C1_EV_IRQHandler
                0x0800087c                DMA1_Stream6_IRQHandler
                0x0800087c                DMAMUX1_OVR_IRQHandler
                0x0800087c                DMA1_Stream1_IRQHandler
                0x0800087c                TIM16_IRQHandler
                0x0800087c                UART4_IRQHandler
                0x0800087c                TIM3_IRQHandler
                0x0800087c                RCC_IRQHandler
                0x0800087c                UART9_IRQHandler
                0x0800087c                TIM8_BRK_TIM12_IRQHandler
                0x0800087c                TIM1_TRG_COM_IRQHandler
                0x0800087c                Default_Handler
                0x0800087c                ECC_IRQHandler
                0x0800087c                BDMA2_Channel2_IRQHandler
                0x0800087c                CEC_IRQHandler
                0x0800087c                EXTI15_10_IRQHandler
                0x0800087c                DFSDM1_FLT4_IRQHandler
                0x0800087c                ADC_IRQHandler
                0x0800087c                DMA1_Stream7_IRQHandler
                0x0800087c                SPI5_IRQHandler
                0x0800087c                TIM7_IRQHandler
                0x0800087c                SDMMC1_IRQHandler
                0x0800087c                TIM5_IRQHandler
                0x0800087c                DMA2_Stream7_IRQHandler
                0x0800087c                TIM15_IRQHandler
                0x0800087c                I2C3_EV_IRQHandler
                0x0800087c                DFSDM2_IRQHandler
                0x0800087c                EXTI9_5_IRQHandler
                0x0800087c                RTC_WKUP_IRQHandler
                0x0800087c                LTDC_IRQHandler
                0x0800087c                SPDIF_RX_IRQHandler
                0x0800087c                PVD_PVM_IRQHandler
                0x0800087c                SPI2_IRQHandler
                0x0800087c                OTG_HS_EP1_IN_IRQHandler
                0x0800087c                DFSDM1_FLT5_IRQHandler
                0x0800087c                DMA1_Stream0_IRQHandler
                0x0800087c                CRS_IRQHandler
                0x0800087c                EXTI4_IRQHandler
                0x0800087c                DFSDM1_FLT6_IRQHandler
                0x0800087c                RNG_IRQHandler
                0x0800087c                FDCAN2_IT1_IRQHandler
                0x0800087c                COMP_IRQHandler
                0x0800087c                TIM1_UP_IRQHandler
                0x0800087c                OTG_HS_EP1_OUT_IRQHandler
                0x0800087c                WWDG_IRQHandler
                0x0800087c                SPI6_IRQHandler
                0x0800087c                MDIOS_IRQHandler
                0x0800087c                I2C4_EV_IRQHandler
                0x0800087c                FDCAN2_IT0_IRQHandler
                0x0800087c                LPUART1_IRQHandler
                0x0800087c                FDCAN1_IT0_IRQHandler
                0x0800087c                TIM2_IRQHandler
                0x0800087c                BDMA2_Channel5_IRQHandler
                0x0800087c                DMA2D_IRQHandler
                0x0800087c                TIM1_BRK_IRQHandler
                0x0800087c                EXTI1_IRQHandler
                0x0800087c                SDMMC2_IRQHandler
                0x0800087c                DTS_IRQHandler
                0x0800087c                UART7_IRQHandler
                0x0800087c                MDIOS_WKUP_IRQHandler
                0x0800087c                USART2_IRQHandler
                0x0800087c                DFSDM1_FLT0_IRQHandler
                0x0800087c                I2C2_ER_IRQHandler
                0x0800087c                DMA2_Stream1_IRQHandler
                0x0800087c                DFSDM1_FLT7_IRQHandler
                0x0800087c                FLASH_IRQHandler
                0x0800087c                DMA2_Stream4_IRQHandler
                0x0800087c                USART1_IRQHandler
                0x0800087c                SPI3_IRQHandler
                0x0800087c                WAKEUP_PIN_IRQHandler
                0x0800087c                DMA1_Stream4_IRQHandler
                0x0800087c                I2C1_ER_IRQHandler
                0x0800087c                FMC_IRQHandler
                0x0800087c                BDMA2_Channel7_IRQHandler
                0x0800087c                FDCAN_CAL_IRQHandler
                0x0800087c                SWPMI1_IRQHandler
                0x0800087c                LPTIM1_IRQHandler
                0x0800087c                DCMI_PSSI_IRQHandler
                0x0800087c                I2C4_ER_IRQHandler
                0x0800087c                DMA2_Stream6_IRQHandler
                0x0800087c                SAI1_IRQHandler
                0x0800087c                DMA1_Stream3_IRQHandler
                0x0800087c                RTC_TAMP_STAMP_CSS_LSE_IRQHandler
                0x0800087c                BDMA2_Channel4_IRQHandler
 *fill*         0x0800087e        0x2 
 .text.HAL_Init
                0x08000880       0x78 Drivers\STM32H7xx_HAL_Driver\Src\stm32h7xx_hal.o
                0x08000880                HAL_Init
 .text.HAL_InitTick
                0x080008f8       0x6c Drivers\STM32H7xx_HAL_Driver\Src\stm32h7xx_hal.o
                0x080008f8                HAL_InitTick
 .text.HAL_IncTick
                0x08000964       0x28 Drivers\STM32H7xx_HAL_Driver\Src\stm32h7xx_hal.o
                0x08000964                HAL_IncTick
 .text.HAL_GetTick
                0x0800098c       0x18 Drivers\STM32H7xx_HAL_Driver\Src\stm32h7xx_hal.o
                0x0800098c                HAL_GetTick
 .text.HAL_Delay
                0x080009a4       0x48 Drivers\STM32H7xx_HAL_Driver\Src\stm32h7xx_hal.o
                0x080009a4                HAL_Delay
 .text.__NVIC_SetPriorityGrouping
                0x080009ec       0x48 Drivers\STM32H7xx_HAL_Driver\Src\stm32h7xx_hal_cortex.o
 .text.__NVIC_GetPriorityGrouping
                0x08000a34       0x1c Drivers\STM32H7xx_HAL_Driver\Src\stm32h7xx_hal_cortex.o
 .text.__NVIC_EnableIRQ
                0x08000a50       0x3c Drivers\STM32H7xx_HAL_Driver\Src\stm32h7xx_hal_cortex.o
 .text.__NVIC_SetPriority
                0x08000a8c       0x54 Drivers\STM32H7xx_HAL_Driver\Src\stm32h7xx_hal_cortex.o
 .text.NVIC_EncodePriority
                0x08000ae0       0x66 Drivers\STM32H7xx_HAL_Driver\Src\stm32h7xx_hal_cortex.o
 *fill*         0x08000b46        0x2 
 .text.SysTick_Config
                0x08000b48       0x44 Drivers\STM32H7xx_HAL_Driver\Src\stm32h7xx_hal_cortex.o
 .text.HAL_NVIC_SetPriorityGrouping
                0x08000b8c       0x16 Drivers\STM32H7xx_HAL_Driver\Src\stm32h7xx_hal_cortex.o
                0x08000b8c                HAL_NVIC_SetPriorityGrouping
 .text.HAL_NVIC_SetPriority
                0x08000ba2       0x34 Drivers\STM32H7xx_HAL_Driver\Src\stm32h7xx_hal_cortex.o
                0x08000ba2                HAL_NVIC_SetPriority
 .text.HAL_NVIC_EnableIRQ
                0x08000bd6       0x1c Drivers\STM32H7xx_HAL_Driver\Src\stm32h7xx_hal_cortex.o
                0x08000bd6                HAL_NVIC_EnableIRQ
 .text.HAL_SYSTICK_Config
                0x08000bf2       0x18 Drivers\STM32H7xx_HAL_Driver\Src\stm32h7xx_hal_cortex.o
                0x08000bf2                HAL_SYSTICK_Config
 *fill*         0x08000c0a        0x2 
 .text.HAL_MPU_Disable
                0x08000c0c       0x30 Drivers\STM32H7xx_HAL_Driver\Src\stm32h7xx_hal_cortex.o
                0x08000c0c                HAL_MPU_Disable
 .text.HAL_MPU_Enable
                0x08000c3c       0x40 Drivers\STM32H7xx_HAL_Driver\Src\stm32h7xx_hal_cortex.o
                0x08000c3c                HAL_MPU_Enable
 .text.HAL_MPU_ConfigRegion
                0x08000c7c       0x80 Drivers\STM32H7xx_HAL_Driver\Src\stm32h7xx_hal_cortex.o
                0x08000c7c                HAL_MPU_ConfigRegion
 .text.HAL_GPIO_Init
                0x08000cfc      0x360 Drivers\STM32H7xx_HAL_Driver\Src\stm32h7xx_hal_gpio.o
                0x08000cfc                HAL_GPIO_Init
 .text.HAL_GPIO_WritePin
                0x0800105c       0x32 Drivers\STM32H7xx_HAL_Driver\Src\stm32h7xx_hal_gpio.o
                0x0800105c                HAL_GPIO_WritePin
 .text.HAL_PCD_Init
                0x0800108e      0x218 Drivers\STM32H7xx_HAL_Driver\Src\stm32h7xx_hal_pcd.o
                0x0800108e                HAL_PCD_Init
 .text.HAL_PCD_Start
                0x080012a6       0x6a Drivers\STM32H7xx_HAL_Driver\Src\stm32h7xx_hal_pcd.o
                0x080012a6                HAL_PCD_Start
 .text.HAL_PCD_IRQHandler
                0x08001310      0x99c Drivers\STM32H7xx_HAL_Driver\Src\stm32h7xx_hal_pcd.o
                0x08001310                HAL_PCD_IRQHandler
 .text.HAL_PCD_SetAddress
                0x08001cac       0x48 Drivers\STM32H7xx_HAL_Driver\Src\stm32h7xx_hal_pcd.o
                0x08001cac                HAL_PCD_SetAddress
 .text.HAL_PCD_EP_Open
                0x08001cf4       0xd4 Drivers\STM32H7xx_HAL_Driver\Src\stm32h7xx_hal_pcd.o
                0x08001cf4                HAL_PCD_EP_Open
 .text.HAL_PCD_EP_Close
                0x08001dc8       0x94 Drivers\STM32H7xx_HAL_Driver\Src\stm32h7xx_hal_pcd.o
                0x08001dc8                HAL_PCD_EP_Close
 .text.HAL_PCD_EP_Receive
                0x08001e5c       0x76 Drivers\STM32H7xx_HAL_Driver\Src\stm32h7xx_hal_pcd.o
                0x08001e5c                HAL_PCD_EP_Receive
 .text.HAL_PCD_EP_Transmit
                0x08001ed2       0x74 Drivers\STM32H7xx_HAL_Driver\Src\stm32h7xx_hal_pcd.o
                0x08001ed2                HAL_PCD_EP_Transmit
 .text.HAL_PCD_EP_SetStall
                0x08001f46       0xc6 Drivers\STM32H7xx_HAL_Driver\Src\stm32h7xx_hal_pcd.o
                0x08001f46                HAL_PCD_EP_SetStall
 .text.HAL_PCD_EP_ClrStall
                0x0800200c       0xac Drivers\STM32H7xx_HAL_Driver\Src\stm32h7xx_hal_pcd.o
                0x0800200c                HAL_PCD_EP_ClrStall
 .text.HAL_PCD_EP_Abort
                0x080020b8       0x62 Drivers\STM32H7xx_HAL_Driver\Src\stm32h7xx_hal_pcd.o
                0x080020b8                HAL_PCD_EP_Abort
 .text.PCD_WriteEmptyTxFifo
                0x0800211a      0x118 Drivers\STM32H7xx_HAL_Driver\Src\stm32h7xx_hal_pcd.o
 *fill*         0x08002232        0x2 
 .text.PCD_EP_OutXfrComplete_int
                0x08002234      0x1d0 Drivers\STM32H7xx_HAL_Driver\Src\stm32h7xx_hal_pcd.o
 .text.PCD_EP_OutSetupPacket_int
                0x08002404       0x8c Drivers\STM32H7xx_HAL_Driver\Src\stm32h7xx_hal_pcd.o
 .text.HAL_PCDEx_SetTxFiFo
                0x08002490       0x8e Drivers\STM32H7xx_HAL_Driver\Src\stm32h7xx_hal_pcd_ex.o
                0x08002490                HAL_PCDEx_SetTxFiFo
 .text.HAL_PCDEx_SetRxFiFo
                0x0800251e       0x22 Drivers\STM32H7xx_HAL_Driver\Src\stm32h7xx_hal_pcd_ex.o
                0x0800251e                HAL_PCDEx_SetRxFiFo
 .text.HAL_PCDEx_ActivateLPM
                0x08002540       0x48 Drivers\STM32H7xx_HAL_Driver\Src\stm32h7xx_hal_pcd_ex.o
                0x08002540                HAL_PCDEx_ActivateLPM
 .text.HAL_PCDEx_LPM_Callback
                0x08002588       0x18 Drivers\STM32H7xx_HAL_Driver\Src\stm32h7xx_hal_pcd_ex.o
                0x08002588                HAL_PCDEx_LPM_Callback
 .text.HAL_PWREx_ConfigSupply
                0x080025a0       0x74 Drivers\STM32H7xx_HAL_Driver\Src\stm32h7xx_hal_pwr_ex.o
                0x080025a0                HAL_PWREx_ConfigSupply
 .text.HAL_PWREx_EnableUSBVoltageDetector
                0x08002614       0x20 Drivers\STM32H7xx_HAL_Driver\Src\stm32h7xx_hal_pwr_ex.o
                0x08002614                HAL_PWREx_EnableUSBVoltageDetector
 .text.HAL_RCC_OscConfig
                0x08002634      0x864 Drivers\STM32H7xx_HAL_Driver\Src\stm32h7xx_hal_rcc.o
                0x08002634                HAL_RCC_OscConfig
 .text.HAL_RCC_ClockConfig
                0x08002e98      0x36c Drivers\STM32H7xx_HAL_Driver\Src\stm32h7xx_hal_rcc.o
                0x08002e98                HAL_RCC_ClockConfig
 .text.HAL_RCC_GetSysClockFreq
                0x08003204      0x2f4 Drivers\STM32H7xx_HAL_Driver\Src\stm32h7xx_hal_rcc.o
                0x08003204                HAL_RCC_GetSysClockFreq
 .text.HAL_RCC_GetHCLKFreq
                0x080034f8       0x60 Drivers\STM32H7xx_HAL_Driver\Src\stm32h7xx_hal_rcc.o
                0x080034f8                HAL_RCC_GetHCLKFreq
 .text.HAL_RCCEx_PeriphCLKConfig
                0x08003558     0x137c Drivers\STM32H7xx_HAL_Driver\Src\stm32h7xx_hal_rcc_ex.o
                0x08003558                HAL_RCCEx_PeriphCLKConfig
 .text.RCCEx_PLL2_Config
                0x080048d4      0x164 Drivers\STM32H7xx_HAL_Driver\Src\stm32h7xx_hal_rcc_ex.o
 .text.RCCEx_PLL3_Config
                0x08004a38      0x164 Drivers\STM32H7xx_HAL_Driver\Src\stm32h7xx_hal_rcc_ex.o
 .text.USB_CoreInit
                0x08004b9c       0xe4 Drivers\STM32H7xx_HAL_Driver\Src\stm32h7xx_ll_usb.o
                0x08004b9c                USB_CoreInit
 .text.USB_SetTurnaroundTime
                0x08004c80      0x144 Drivers\STM32H7xx_HAL_Driver\Src\stm32h7xx_ll_usb.o
                0x08004c80                USB_SetTurnaroundTime
 .text.USB_EnableGlobalInt
                0x08004dc4       0x22 Drivers\STM32H7xx_HAL_Driver\Src\stm32h7xx_ll_usb.o
                0x08004dc4                USB_EnableGlobalInt
 .text.USB_DisableGlobalInt
                0x08004de6       0x22 Drivers\STM32H7xx_HAL_Driver\Src\stm32h7xx_ll_usb.o
                0x08004de6                USB_DisableGlobalInt
 .text.USB_SetCurrentMode
                0x08004e08       0x98 Drivers\STM32H7xx_HAL_Driver\Src\stm32h7xx_ll_usb.o
                0x08004e08                USB_SetCurrentMode
 .text.USB_DevInit
                0x08004ea0      0x2bc Drivers\STM32H7xx_HAL_Driver\Src\stm32h7xx_ll_usb.o
                0x08004ea0                USB_DevInit
 .text.USB_FlushTxFifo
                0x0800515c       0x64 Drivers\STM32H7xx_HAL_Driver\Src\stm32h7xx_ll_usb.o
                0x0800515c                USB_FlushTxFifo
 .text.USB_FlushRxFifo
                0x080051c0       0x5c Drivers\STM32H7xx_HAL_Driver\Src\stm32h7xx_ll_usb.o
                0x080051c0                USB_FlushRxFifo
 .text.USB_SetDevSpeed
                0x0800521c       0x32 Drivers\STM32H7xx_HAL_Driver\Src\stm32h7xx_ll_usb.o
                0x0800521c                USB_SetDevSpeed
 .text.USB_GetDevSpeed
                0x0800524e       0x4a Drivers\STM32H7xx_HAL_Driver\Src\stm32h7xx_ll_usb.o
                0x0800524e                USB_GetDevSpeed
 .text.USB_ActivateEndpoint
                0x08005298      0x110 Drivers\STM32H7xx_HAL_Driver\Src\stm32h7xx_ll_usb.o
                0x08005298                USB_ActivateEndpoint
 .text.USB_DeactivateEndpoint
                0x080053a8      0x1b8 Drivers\STM32H7xx_HAL_Driver\Src\stm32h7xx_ll_usb.o
                0x080053a8                USB_DeactivateEndpoint
 .text.USB_EPStartXfer
                0x08005560      0x548 Drivers\STM32H7xx_HAL_Driver\Src\stm32h7xx_ll_usb.o
                0x08005560                USB_EPStartXfer
 .text.USB_EPStopXfer
                0x08005aa8      0x154 Drivers\STM32H7xx_HAL_Driver\Src\stm32h7xx_ll_usb.o
                0x08005aa8                USB_EPStopXfer
 .text.USB_WritePacket
                0x08005bfc       0x7c Drivers\STM32H7xx_HAL_Driver\Src\stm32h7xx_ll_usb.o
                0x08005bfc                USB_WritePacket
 .text.USB_ReadPacket
                0x08005c78       0xb0 Drivers\STM32H7xx_HAL_Driver\Src\stm32h7xx_ll_usb.o
                0x08005c78                USB_ReadPacket
 .text.USB_EPSetStall
                0x08005d28       0xdc Drivers\STM32H7xx_HAL_Driver\Src\stm32h7xx_ll_usb.o
                0x08005d28                USB_EPSetStall
 .text.USB_EPClearStall
                0x08005e04       0xcc Drivers\STM32H7xx_HAL_Driver\Src\stm32h7xx_ll_usb.o
                0x08005e04                USB_EPClearStall
 .text.USB_SetDevAddress
                0x08005ed0       0x4c Drivers\STM32H7xx_HAL_Driver\Src\stm32h7xx_ll_usb.o
                0x08005ed0                USB_SetDevAddress
 .text.USB_DevConnect
                0x08005f1c       0x42 Drivers\STM32H7xx_HAL_Driver\Src\stm32h7xx_ll_usb.o
                0x08005f1c                USB_DevConnect
 .text.USB_DevDisconnect
                0x08005f5e       0x42 Drivers\STM32H7xx_HAL_Driver\Src\stm32h7xx_ll_usb.o
                0x08005f5e                USB_DevDisconnect
 .text.USB_ReadInterrupts
                0x08005fa0       0x26 Drivers\STM32H7xx_HAL_Driver\Src\stm32h7xx_ll_usb.o
                0x08005fa0                USB_ReadInterrupts
 .text.USB_ReadDevAllOutEpInterrupt
                0x08005fc6       0x34 Drivers\STM32H7xx_HAL_Driver\Src\stm32h7xx_ll_usb.o
                0x08005fc6                USB_ReadDevAllOutEpInterrupt
 .text.USB_ReadDevAllInEpInterrupt
                0x08005ffa       0x34 Drivers\STM32H7xx_HAL_Driver\Src\stm32h7xx_ll_usb.o
                0x08005ffa                USB_ReadDevAllInEpInterrupt
 .text.USB_ReadDevOutEPInterrupt
                0x0800602e       0x3c Drivers\STM32H7xx_HAL_Driver\Src\stm32h7xx_ll_usb.o
                0x0800602e                USB_ReadDevOutEPInterrupt
 .text.USB_ReadDevInEPInterrupt
                0x0800606a       0x5c Drivers\STM32H7xx_HAL_Driver\Src\stm32h7xx_ll_usb.o
                0x0800606a                USB_ReadDevInEPInterrupt
 .text.USB_GetMode
                0x080060c6       0x1c Drivers\STM32H7xx_HAL_Driver\Src\stm32h7xx_ll_usb.o
                0x080060c6                USB_GetMode
 *fill*         0x080060e2        0x2 
 .text.USB_ActivateSetup
                0x080060e4       0x48 Drivers\STM32H7xx_HAL_Driver\Src\stm32h7xx_ll_usb.o
                0x080060e4                USB_ActivateSetup
 .text.USB_EP0_OutStart
                0x0800612c       0xbc Drivers\STM32H7xx_HAL_Driver\Src\stm32h7xx_ll_usb.o
                0x0800612c                USB_EP0_OutStart
 .text.USB_CoreReset
                0x080061e8       0x62 Drivers\STM32H7xx_HAL_Driver\Src\stm32h7xx_ll_usb.o
 *fill*         0x0800624a        0x2 
 .text.USBD_HID_Init
                0x0800624c       0xcc Middlewares\ST\STM32_USB_Device_Library\Class\HID\Src\usbd_hid.o
 .text.USBD_HID_DeInit
                0x08006318       0x90 Middlewares\ST\STM32_USB_Device_Library\Class\HID\Src\usbd_hid.o
 .text.USBD_HID_Setup
                0x080063a8      0x210 Middlewares\ST\STM32_USB_Device_Library\Class\HID\Src\usbd_hid.o
 .text.USBD_HID_SendReport
                0x080065b8       0x60 Middlewares\ST\STM32_USB_Device_Library\Class\HID\Src\usbd_hid.o
                0x080065b8                USBD_HID_SendReport
 .text.USBD_HID_GetFSCfgDesc
                0x08006618       0x34 Middlewares\ST\STM32_USB_Device_Library\Class\HID\Src\usbd_hid.o
 .text.USBD_HID_GetHSCfgDesc
                0x0800664c       0x34 Middlewares\ST\STM32_USB_Device_Library\Class\HID\Src\usbd_hid.o
 .text.USBD_HID_GetOtherSpeedCfgDesc
                0x08006680       0x34 Middlewares\ST\STM32_USB_Device_Library\Class\HID\Src\usbd_hid.o
 .text.USBD_HID_DataIn
                0x080066b4       0x2c Middlewares\ST\STM32_USB_Device_Library\Class\HID\Src\usbd_hid.o
 .text.USBD_HID_GetDeviceQualifierDesc
                0x080066e0       0x20 Middlewares\ST\STM32_USB_Device_Library\Class\HID\Src\usbd_hid.o
 .text.USBD_Init
                0x08006700       0x60 Middlewares\ST\STM32_USB_Device_Library\Core\Src\usbd_core.o
                0x08006700                USBD_Init
 .text.USBD_RegisterClass
                0x08006760       0x6c Middlewares\ST\STM32_USB_Device_Library\Core\Src\usbd_core.o
                0x08006760                USBD_RegisterClass
 .text.USBD_Start
                0x080067cc       0x18 Middlewares\ST\STM32_USB_Device_Library\Core\Src\usbd_core.o
                0x080067cc                USBD_Start
 .text.USBD_RunTestMode
                0x080067e4       0x16 Middlewares\ST\STM32_USB_Device_Library\Core\Src\usbd_core.o
                0x080067e4                USBD_RunTestMode
 .text.USBD_SetClassConfig
                0x080067fa       0x38 Middlewares\ST\STM32_USB_Device_Library\Core\Src\usbd_core.o
                0x080067fa                USBD_SetClassConfig
 .text.USBD_ClrClassConfig
                0x08006832       0x34 Middlewares\ST\STM32_USB_Device_Library\Core\Src\usbd_core.o
                0x08006832                USBD_ClrClassConfig
 .text.USBD_LL_SetupStage
                0x08006866       0xaa Middlewares\ST\STM32_USB_Device_Library\Core\Src\usbd_core.o
                0x08006866                USBD_LL_SetupStage
 .text.USBD_LL_DataOutStage
                0x08006910      0x166 Middlewares\ST\STM32_USB_Device_Library\Core\Src\usbd_core.o
                0x08006910                USBD_LL_DataOutStage
 .text.USBD_LL_DataInStage
                0x08006a76      0x164 Middlewares\ST\STM32_USB_Device_Library\Core\Src\usbd_core.o
                0x08006a76                USBD_LL_DataInStage
 .text.USBD_LL_Reset
                0x08006bda       0xa4 Middlewares\ST\STM32_USB_Device_Library\Core\Src\usbd_core.o
                0x08006bda                USBD_LL_Reset
 .text.USBD_LL_SetSpeed
                0x08006c7e       0x20 Middlewares\ST\STM32_USB_Device_Library\Core\Src\usbd_core.o
                0x08006c7e                USBD_LL_SetSpeed
 .text.USBD_LL_Suspend
                0x08006c9e       0x38 Middlewares\ST\STM32_USB_Device_Library\Core\Src\usbd_core.o
                0x08006c9e                USBD_LL_Suspend
 .text.USBD_LL_Resume
                0x08006cd6       0x30 Middlewares\ST\STM32_USB_Device_Library\Core\Src\usbd_core.o
                0x08006cd6                USBD_LL_Resume
 .text.USBD_LL_SOF
                0x08006d06       0x40 Middlewares\ST\STM32_USB_Device_Library\Core\Src\usbd_core.o
                0x08006d06                USBD_LL_SOF
 .text.USBD_LL_IsoINIncomplete
                0x08006d46       0x64 Middlewares\ST\STM32_USB_Device_Library\Core\Src\usbd_core.o
                0x08006d46                USBD_LL_IsoINIncomplete
 .text.USBD_LL_IsoOUTIncomplete
                0x08006daa       0x64 Middlewares\ST\STM32_USB_Device_Library\Core\Src\usbd_core.o
                0x08006daa                USBD_LL_IsoOUTIncomplete
 .text.USBD_LL_DevConnected
                0x08006e0e       0x16 Middlewares\ST\STM32_USB_Device_Library\Core\Src\usbd_core.o
                0x08006e0e                USBD_LL_DevConnected
 .text.USBD_LL_DevDisconnected
                0x08006e24       0x46 Middlewares\ST\STM32_USB_Device_Library\Core\Src\usbd_core.o
                0x08006e24                USBD_LL_DevDisconnected
 .text.USBD_CoreFindIF
                0x08006e6a       0x1a Middlewares\ST\STM32_USB_Device_Library\Core\Src\usbd_core.o
                0x08006e6a                USBD_CoreFindIF
 .text.USBD_CoreFindEP
                0x08006e84       0x1a Middlewares\ST\STM32_USB_Device_Library\Core\Src\usbd_core.o
                0x08006e84                USBD_CoreFindEP
 .text.USBD_GetEpDesc
                0x08006e9e       0x70 Middlewares\ST\STM32_USB_Device_Library\Core\Src\usbd_core.o
                0x08006e9e                USBD_GetEpDesc
 .text.USBD_GetNextDesc
                0x08006f0e       0x38 Middlewares\ST\STM32_USB_Device_Library\Core\Src\usbd_core.o
                0x08006f0e                USBD_GetNextDesc
 .text.SWAPBYTE
                0x08006f46       0x3e Middlewares\ST\STM32_USB_Device_Library\Core\Src\usbd_ctlreq.o
 .text.USBD_StdDevReq
                0x08006f84       0xe4 Middlewares\ST\STM32_USB_Device_Library\Core\Src\usbd_ctlreq.o
                0x08006f84                USBD_StdDevReq
 .text.USBD_StdItfReq
                0x08007068       0xd8 Middlewares\ST\STM32_USB_Device_Library\Core\Src\usbd_ctlreq.o
                0x08007068                USBD_StdItfReq
 .text.USBD_StdEPReq
                0x08007140      0x33a Middlewares\ST\STM32_USB_Device_Library\Core\Src\usbd_ctlreq.o
                0x08007140                USBD_StdEPReq
 *fill*         0x0800747a        0x2 
 .text.USBD_GetDescriptor
                0x0800747c      0x328 Middlewares\ST\STM32_USB_Device_Library\Core\Src\usbd_ctlreq.o
 .text.USBD_SetAddress
                0x080077a4       0x88 Middlewares\ST\STM32_USB_Device_Library\Core\Src\usbd_ctlreq.o
 .text.USBD_SetConfig
                0x0800782c      0x154 Middlewares\ST\STM32_USB_Device_Library\Core\Src\usbd_ctlreq.o
 .text.USBD_GetConfig
                0x08007980       0x6c Middlewares\ST\STM32_USB_Device_Library\Core\Src\usbd_ctlreq.o
 .text.USBD_GetStatus
                0x080079ec       0x68 Middlewares\ST\STM32_USB_Device_Library\Core\Src\usbd_ctlreq.o
 .text.USBD_SetFeature
                0x08007a54       0x52 Middlewares\ST\STM32_USB_Device_Library\Core\Src\usbd_ctlreq.o
 .text.USBD_ClrFeature
                0x08007aa6       0x44 Middlewares\ST\STM32_USB_Device_Library\Core\Src\usbd_ctlreq.o
 .text.USBD_ParseSetupRequest
                0x08007aea       0x74 Middlewares\ST\STM32_USB_Device_Library\Core\Src\usbd_ctlreq.o
                0x08007aea                USBD_ParseSetupRequest
 .text.USBD_CtlError
                0x08007b5e       0x22 Middlewares\ST\STM32_USB_Device_Library\Core\Src\usbd_ctlreq.o
                0x08007b5e                USBD_CtlError
 .text.USBD_GetString
                0x08007b80       0xa4 Middlewares\ST\STM32_USB_Device_Library\Core\Src\usbd_ctlreq.o
                0x08007b80                USBD_GetString
 .text.USBD_GetLen
                0x08007c24       0x34 Middlewares\ST\STM32_USB_Device_Library\Core\Src\usbd_ctlreq.o
 .text.USBD_CtlSendData
                0x08007c58       0x36 Middlewares\ST\STM32_USB_Device_Library\Core\Src\usbd_ioreq.o
                0x08007c58                USBD_CtlSendData
 .text.USBD_CtlContinueSendData
                0x08007c8e       0x22 Middlewares\ST\STM32_USB_Device_Library\Core\Src\usbd_ioreq.o
                0x08007c8e                USBD_CtlContinueSendData
 .text.USBD_CtlContinueRx
                0x08007cb0       0x22 Middlewares\ST\STM32_USB_Device_Library\Core\Src\usbd_ioreq.o
                0x08007cb0                USBD_CtlContinueRx
 .text.USBD_CtlSendStatus
                0x08007cd2       0x26 Middlewares\ST\STM32_USB_Device_Library\Core\Src\usbd_ioreq.o
                0x08007cd2                USBD_CtlSendStatus
 .text.USBD_CtlReceiveStatus
                0x08007cf8       0x26 Middlewares\ST\STM32_USB_Device_Library\Core\Src\usbd_ioreq.o
                0x08007cf8                USBD_CtlReceiveStatus
 *fill*         0x08007d1e        0x2 
 .text.MX_USB_DEVICE_Init
                0x08007d20       0x50 USB_DEVICE\App\usb_device.o
                0x08007d20                MX_USB_DEVICE_Init
 .text.USBD_HS_DeviceDescriptor
                0x08007d70       0x24 USB_DEVICE\App\usbd_desc.o
                0x08007d70                USBD_HS_DeviceDescriptor
 .text.USBD_HS_LangIDStrDescriptor
                0x08007d94       0x24 USB_DEVICE\App\usbd_desc.o
                0x08007d94                USBD_HS_LangIDStrDescriptor
 .text.USBD_HS_ProductStrDescriptor
                0x08007db8       0x3c USB_DEVICE\App\usbd_desc.o
                0x08007db8                USBD_HS_ProductStrDescriptor
 .text.USBD_HS_ManufacturerStrDescriptor
                0x08007df4       0x28 USB_DEVICE\App\usbd_desc.o
                0x08007df4                USBD_HS_ManufacturerStrDescriptor
 .text.USBD_HS_SerialStrDescriptor
                0x08007e1c       0x24 USB_DEVICE\App\usbd_desc.o
                0x08007e1c                USBD_HS_SerialStrDescriptor
 .text.USBD_HS_ConfigStrDescriptor
                0x08007e40       0x3c USB_DEVICE\App\usbd_desc.o
                0x08007e40                USBD_HS_ConfigStrDescriptor
 .text.USBD_HS_InterfaceStrDescriptor
                0x08007e7c       0x3c USB_DEVICE\App\usbd_desc.o
                0x08007e7c                USBD_HS_InterfaceStrDescriptor
 .text.Get_SerialNum
                0x08007eb8       0x58 USB_DEVICE\App\usbd_desc.o
 .text.IntToUnicode
                0x08007f10       0x7e USB_DEVICE\App\usbd_desc.o
 *fill*         0x08007f8e        0x2 
 .text.HAL_PCD_MspInit
                0x08007f90       0xe4 USB_DEVICE\Target\usbd_conf.o
                0x08007f90                HAL_PCD_MspInit
 .text.HAL_PCD_SetupStageCallback
                0x08008074       0x24 USB_DEVICE\Target\usbd_conf.o
                0x08008074                HAL_PCD_SetupStageCallback
 .text.HAL_PCD_DataOutStageCallback
                0x08008098       0x36 USB_DEVICE\Target\usbd_conf.o
                0x08008098                HAL_PCD_DataOutStageCallback
 .text.HAL_PCD_DataInStageCallback
                0x080080ce       0x34 USB_DEVICE\Target\usbd_conf.o
                0x080080ce                HAL_PCD_DataInStageCallback
 .text.HAL_PCD_SOFCallback
                0x08008102       0x1c USB_DEVICE\Target\usbd_conf.o
                0x08008102                HAL_PCD_SOFCallback
 .text.HAL_PCD_ResetCallback
                0x0800811e       0x50 USB_DEVICE\Target\usbd_conf.o
                0x0800811e                HAL_PCD_ResetCallback
 *fill*         0x0800816e        0x2 
 .text.HAL_PCD_SuspendCallback
                0x08008170       0x4c USB_DEVICE\Target\usbd_conf.o
                0x08008170                HAL_PCD_SuspendCallback
 .text.HAL_PCD_ResumeCallback
                0x080081bc       0x1c USB_DEVICE\Target\usbd_conf.o
                0x080081bc                HAL_PCD_ResumeCallback
 .text.HAL_PCD_ISOOUTIncompleteCallback
                0x080081d8       0x24 USB_DEVICE\Target\usbd_conf.o
                0x080081d8                HAL_PCD_ISOOUTIncompleteCallback
 .text.HAL_PCD_ISOINIncompleteCallback
                0x080081fc       0x24 USB_DEVICE\Target\usbd_conf.o
                0x080081fc                HAL_PCD_ISOINIncompleteCallback
 .text.HAL_PCD_ConnectCallback
                0x08008220       0x1c USB_DEVICE\Target\usbd_conf.o
                0x08008220                HAL_PCD_ConnectCallback
 .text.HAL_PCD_DisconnectCallback
                0x0800823c       0x1c USB_DEVICE\Target\usbd_conf.o
                0x0800823c                HAL_PCD_DisconnectCallback
 .text.USBD_LL_Init
                0x08008258       0xa4 USB_DEVICE\Target\usbd_conf.o
                0x08008258                USBD_LL_Init
 .text.USBD_LL_Start
                0x080082fc       0x36 USB_DEVICE\Target\usbd_conf.o
                0x080082fc                USBD_LL_Start
 .text.USBD_LL_OpenEP
                0x08008332       0x4c USB_DEVICE\Target\usbd_conf.o
                0x08008332                USBD_LL_OpenEP
 .text.USBD_LL_CloseEP
                0x0800837e       0x3e USB_DEVICE\Target\usbd_conf.o
                0x0800837e                USBD_LL_CloseEP
 .text.USBD_LL_StallEP
                0x080083bc       0x3e USB_DEVICE\Target\usbd_conf.o
                0x080083bc                USBD_LL_StallEP
 .text.USBD_LL_ClearStallEP
                0x080083fa       0x3e USB_DEVICE\Target\usbd_conf.o
                0x080083fa                USBD_LL_ClearStallEP
 .text.USBD_LL_IsStallEP
                0x08008438       0x58 USB_DEVICE\Target\usbd_conf.o
                0x08008438                USBD_LL_IsStallEP
 .text.USBD_LL_SetUSBAddress
                0x08008490       0x3e USB_DEVICE\Target\usbd_conf.o
                0x08008490                USBD_LL_SetUSBAddress
 .text.USBD_LL_Transmit
                0x080084ce       0x42 USB_DEVICE\Target\usbd_conf.o
                0x080084ce                USBD_LL_Transmit
 .text.USBD_LL_PrepareReceive
                0x08008510       0x42 USB_DEVICE\Target\usbd_conf.o
                0x08008510                USBD_LL_PrepareReceive
 *fill*         0x08008552        0x2 
 .text.USBD_static_malloc
                0x08008554       0x1c USB_DEVICE\Target\usbd_conf.o
                0x08008554                USBD_static_malloc
 .text.USBD_static_free
                0x08008570       0x14 USB_DEVICE\Target\usbd_conf.o
                0x08008570                USBD_static_free
 .text.USBD_Get_USB_Status
                0x08008584       0x58 USB_DEVICE\Target\usbd_conf.o
                0x08008584                USBD_Get_USB_Status
 .text.memset   0x080085dc       0x10 C:/ST/STM32CubeIDE_1.16.1/STM32CubeIDE/plugins/com.st.stm32cube.ide.mcu.externaltools.gnu-tools-for-stm32.13.3.rel1.win32_1.0.0.202411081344/tools/bin/../lib/gcc/arm-none-eabi/13.3.1/../../../../arm-none-eabi/lib/thumb/v7e-m+dp/hard\libc_nano.a(libc_a-memset.o)
                0x080085dc                memset
 .text.__libc_init_array
                0x080085ec       0x48 C:/ST/STM32CubeIDE_1.16.1/STM32CubeIDE/plugins/com.st.stm32cube.ide.mcu.externaltools.gnu-tools-for-stm32.13.3.rel1.win32_1.0.0.202411081344/tools/bin/../lib/gcc/arm-none-eabi/13.3.1/../../../../arm-none-eabi/lib/thumb/v7e-m+dp/hard\libc_nano.a(libc_a-init.o)
                0x080085ec                __libc_init_array
 *(.glue_7)
 .glue_7        0x08008634        0x0 linker stubs
 *(.glue_7t)
 .glue_7t       0x08008634        0x0 linker stubs
 *(.eh_frame)
 .eh_frame      0x08008634        0x0 C:/ST/STM32CubeIDE_1.16.1/STM32CubeIDE/plugins/com.st.stm32cube.ide.mcu.externaltools.gnu-tools-for-stm32.13.3.rel1.win32_1.0.0.202411081344/tools/bin/../lib/gcc/arm-none-eabi/13.3.1/thumb/v7e-m+dp/hard/crtbegin.o
 *(.init)
 .init          0x08008634        0x4 C:/ST/STM32CubeIDE_1.16.1/STM32CubeIDE/plugins/com.st.stm32cube.ide.mcu.externaltools.gnu-tools-for-stm32.13.3.rel1.win32_1.0.0.202411081344/tools/bin/../lib/gcc/arm-none-eabi/13.3.1/thumb/v7e-m+dp/hard/crti.o
                0x08008634                _init
 .init          0x08008638        0x8 C:/ST/STM32CubeIDE_1.16.1/STM32CubeIDE/plugins/com.st.stm32cube.ide.mcu.externaltools.gnu-tools-for-stm32.13.3.rel1.win32_1.0.0.202411081344/tools/bin/../lib/gcc/arm-none-eabi/13.3.1/thumb/v7e-m+dp/hard/crtn.o
 *(.fini)
 .fini          0x08008640        0x4 C:/ST/STM32CubeIDE_1.16.1/STM32CubeIDE/plugins/com.st.stm32cube.ide.mcu.externaltools.gnu-tools-for-stm32.13.3.rel1.win32_1.0.0.202411081344/tools/bin/../lib/gcc/arm-none-eabi/13.3.1/thumb/v7e-m+dp/hard/crti.o
                0x08008640                _fini
 .fini          0x08008644        0x8 C:/ST/STM32CubeIDE_1.16.1/STM32CubeIDE/plugins/com.st.stm32cube.ide.mcu.externaltools.gnu-tools-for-stm32.13.3.rel1.win32_1.0.0.202411081344/tools/bin/../lib/gcc/arm-none-eabi/13.3.1/thumb/v7e-m+dp/hard/crtn.o
                0x0800864c                        . = ALIGN (0x4)
                0x0800864c                        _etext = .

.vfp11_veneer   0x0800864c        0x0
 .vfp11_veneer  0x0800864c        0x0 linker stubs

.v4_bx          0x0800864c        0x0
 .v4_bx         0x0800864c        0x0 linker stubs

.iplt           0x0800864c        0x0
 .iplt          0x0800864c        0x0 C:/ST/STM32CubeIDE_1.16.1/STM32CubeIDE/plugins/com.st.stm32cube.ide.mcu.externaltools.gnu-tools-for-stm32.13.3.rel1.win32_1.0.0.202411081344/tools/bin/../lib/gcc/arm-none-eabi/13.3.1/thumb/v7e-m+dp/hard/crtbegin.o

.rodata         0x0800864c       0x70
                0x0800864c                        . = ALIGN (0x4)
 *(.rodata)
 .rodata        0x0800864c       0x46 USB_DEVICE\App\usbd_desc.o
 *(.rodata*)
 *fill*         0x08008692        0x2 
 .rodata.DEBUG_ELEVEN
                0x08008694        0xc Core\Src\main.o
                0x08008694                DEBUG_ELEVEN
 .rodata.DEBUG_TWELVE
                0x080086a0        0xc Core\Src\main.o
                0x080086a0                DEBUG_TWELVE
 .rodata.D1CorePrescTable
                0x080086ac       0x10 Core\Src\system_stm32h7xx.o
                0x080086ac                D1CorePrescTable
                0x080086bc                        . = ALIGN (0x4)

.ARM.extab
 *(.ARM.extab* .gnu.linkonce.armextab.*)

.ARM            0x080086bc        0x0
                0x080086bc                        __exidx_start = .
 *(.ARM.exidx*)
                0x080086bc                        __exidx_end = .

.preinit_array  0x080086bc        0x0
                0x080086bc                        PROVIDE (__preinit_array_start = .)
 *(.preinit_array*)
                0x080086bc                        PROVIDE (__preinit_array_end = .)

.init_array     0x080086bc        0x4
                0x080086bc                        PROVIDE (__init_array_start = .)
 *(SORT_BY_NAME(.init_array.*))
 *(.init_array*)
 .init_array    0x080086bc        0x4 C:/ST/STM32CubeIDE_1.16.1/STM32CubeIDE/plugins/com.st.stm32cube.ide.mcu.externaltools.gnu-tools-for-stm32.13.3.rel1.win32_1.0.0.202411081344/tools/bin/../lib/gcc/arm-none-eabi/13.3.1/thumb/v7e-m+dp/hard/crtbegin.o
                0x080086c0                        PROVIDE (__init_array_end = .)

.fini_array     0x080086c0        0x4
                [!provide]                        PROVIDE (__fini_array_start = .)
 *(SORT_BY_NAME(.fini_array.*))
 *(.fini_array*)
 .fini_array    0x080086c0        0x4 C:/ST/STM32CubeIDE_1.16.1/STM32CubeIDE/plugins/com.st.stm32cube.ide.mcu.externaltools.gnu-tools-for-stm32.13.3.rel1.win32_1.0.0.202411081344/tools/bin/../lib/gcc/arm-none-eabi/13.3.1/thumb/v7e-m+dp/hard/crtbegin.o
                [!provide]                        PROVIDE (__fini_array_end = .)
                0x080086c4                        _sidata = LOADADDR (.data)

.rel.dyn        0x080086c4        0x0
 .rel.iplt      0x080086c4        0x0 C:/ST/STM32CubeIDE_1.16.1/STM32CubeIDE/plugins/com.st.stm32cube.ide.mcu.externaltools.gnu-tools-for-stm32.13.3.rel1.win32_1.0.0.202411081344/tools/bin/../lib/gcc/arm-none-eabi/13.3.1/thumb/v7e-m+dp/hard/crtbegin.o

.data           0x24000000      0x114 load address 0x080086c4
                0x24000000                        . = ALIGN (0x4)
                0x24000000                        _sdata = .
 *(.data)
 *(.data*)
 .data.SystemCoreClock
                0x24000000        0x4 Core\Src\system_stm32h7xx.o
                0x24000000                SystemCoreClock
 .data.SystemD2Clock
                0x24000004        0x4 Core\Src\system_stm32h7xx.o
                0x24000004                SystemD2Clock
 .data.uwTickPrio
                0x24000008        0x4 Drivers\STM32H7xx_HAL_Driver\Src\stm32h7xx_hal.o
                0x24000008                uwTickPrio
 .data.uwTickFreq
                0x2400000c        0x1 Drivers\STM32H7xx_HAL_Driver\Src\stm32h7xx_hal.o
                0x2400000c                uwTickFreq
 *fill*         0x2400000d        0x3 
 .data.USBD_HID
                0x24000010       0x38 Middlewares\ST\STM32_USB_Device_Library\Class\HID\Src\usbd_hid.o
                0x24000010                USBD_HID
 .data.USBD_HID_CfgDesc
                0x24000048       0x22 Middlewares\ST\STM32_USB_Device_Library\Class\HID\Src\usbd_hid.o
 *fill*         0x2400006a        0x2 
 .data.USBD_HID_Desc
                0x2400006c        0x9 Middlewares\ST\STM32_USB_Device_Library\Class\HID\Src\usbd_hid.o
 *fill*         0x24000075        0x3 
 .data.USBD_HID_DeviceQualifierDesc
                0x24000078        0xa Middlewares\ST\STM32_USB_Device_Library\Class\HID\Src\usbd_hid.o
 *fill*         0x24000082        0x2 
 .data.HID_MOUSE_ReportDesc
                0x24000084       0x3f Middlewares\ST\STM32_USB_Device_Library\Class\HID\Src\usbd_hid.o
 .data.HIDInEpAdd
                0x240000c3        0x1 Middlewares\ST\STM32_USB_Device_Library\Class\HID\Src\usbd_hid.o
 .data.HS_Desc  0x240000c4       0x1c USB_DEVICE\App\usbd_desc.o
                0x240000c4                HS_Desc
 .data.USBD_HS_DeviceDesc
                0x240000e0       0x12 USB_DEVICE\App\usbd_desc.o
                0x240000e0                USBD_HS_DeviceDesc
 *fill*         0x240000f2        0x2 
 .data.USBD_LangIDDesc
                0x240000f4        0x4 USB_DEVICE\App\usbd_desc.o
                0x240000f4                USBD_LangIDDesc
 .data.USBD_StringSerial
                0x240000f8       0x1a USB_DEVICE\App\usbd_desc.o
                0x240000f8                USBD_StringSerial
 *(.RamFunc)
 *(.RamFunc*)
                0x24000114                        . = ALIGN (0x4)
 *fill*         0x24000112        0x2 
                0x24000114                        _edata = .

.igot.plt       0x24000114        0x0 load address 0x080087d8
 .igot.plt      0x24000114        0x0 C:/ST/STM32CubeIDE_1.16.1/STM32CubeIDE/plugins/com.st.stm32cube.ide.mcu.externaltools.gnu-tools-for-stm32.13.3.rel1.win32_1.0.0.202411081344/tools/bin/../lib/gcc/arm-none-eabi/13.3.1/thumb/v7e-m+dp/hard/crtbegin.o
                0x24000114                        . = ALIGN (0x4)

.bss            0x24000114      0x9f8 load address 0x080087d8
                0x24000114                        _sbss = .
                0x24000114                        __bss_start__ = _sbss
 *(.bss)
 .bss           0x24000114       0x1c C:/ST/STM32CubeIDE_1.16.1/STM32CubeIDE/plugins/com.st.stm32cube.ide.mcu.externaltools.gnu-tools-for-stm32.13.3.rel1.win32_1.0.0.202411081344/tools/bin/../lib/gcc/arm-none-eabi/13.3.1/thumb/v7e-m+dp/hard/crtbegin.o
 *(.bss*)
 .bss.uwTick    0x24000130        0x4 Drivers\STM32H7xx_HAL_Driver\Src\stm32h7xx_hal.o
                0x24000130                uwTick
 .bss.cfgidx.0  0x24000134        0x1 Middlewares\ST\STM32_USB_Device_Library\Core\Src\usbd_ctlreq.o
 *fill*         0x24000135        0x3 
 .bss.hUsbDeviceHS
                0x24000138      0x2dc USB_DEVICE\App\usb_device.o
                0x24000138                hUsbDeviceHS
 .bss.USBD_StrDesc
                0x24000414      0x200 USB_DEVICE\App\usbd_desc.o
                0x24000414                USBD_StrDesc
 .bss.hpcd_USB_OTG_HS
                0x24000614      0x4e4 USB_DEVICE\Target\usbd_conf.o
                0x24000614                hpcd_USB_OTG_HS
 .bss.mem.0     0x24000af8       0x14 USB_DEVICE\Target\usbd_conf.o
 *(COMMON)
                0x24000b0c                        . = ALIGN (0x4)
                0x24000b0c                        _ebss = .
                0x24000b0c                        __bss_end__ = _ebss

._user_heap_stack
                0x24000b0c      0x604 load address 0x080087d8
                0x24000b10                        . = ALIGN (0x8)
 *fill*         0x24000b0c        0x4 
                [!provide]                        PROVIDE (end = .)
                0x24000b10                        PROVIDE (_end = .)
                0x24000d10                        . = (. + _Min_Heap_Size)
 *fill*         0x24000b10      0x200 
                0x24001110                        . = (. + _Min_Stack_Size)
 *fill*         0x24000d10      0x400 
                0x24001110                        . = ALIGN (0x8)

/DISCARD/
 libc.a(*)
 libm.a(*)
 libgcc.a(*)

.ARM.attributes
                0x00000000       0x2e
 *(.ARM.attributes)
 .ARM.attributes
                0x00000000       0x20 C:/ST/STM32CubeIDE_1.16.1/STM32CubeIDE/plugins/com.st.stm32cube.ide.mcu.externaltools.gnu-tools-for-stm32.13.3.rel1.win32_1.0.0.202411081344/tools/bin/../lib/gcc/arm-none-eabi/13.3.1/thumb/v7e-m+dp/hard/crti.o
 .ARM.attributes
                0x00000020       0x32 C:/ST/STM32CubeIDE_1.16.1/STM32CubeIDE/plugins/com.st.stm32cube.ide.mcu.externaltools.gnu-tools-for-stm32.13.3.rel1.win32_1.0.0.202411081344/tools/bin/../lib/gcc/arm-none-eabi/13.3.1/thumb/v7e-m+dp/hard/crtbegin.o
 .ARM.attributes
                0x00000052       0x32 Core\Src\main.o
 .ARM.attributes
                0x00000084       0x32 Core\Src\stm32h7xx_hal_msp.o
 .ARM.attributes
                0x000000b6       0x32 Core\Src\stm32h7xx_it.o
 .ARM.attributes
                0x000000e8       0x32 Core\Src\system_stm32h7xx.o
 .ARM.attributes
                0x0000011a       0x21 Core\Startup\startup_stm32h7a3rgtx.o
 .ARM.attributes
                0x0000013b       0x32 Drivers\STM32H7xx_HAL_Driver\Src\stm32h7xx_hal.o
 .ARM.attributes
                0x0000016d       0x32 Drivers\STM32H7xx_HAL_Driver\Src\stm32h7xx_hal_cortex.o
 .ARM.attributes
                0x0000019f       0x32 Drivers\STM32H7xx_HAL_Driver\Src\stm32h7xx_hal_gpio.o
 .ARM.attributes
                0x000001d1       0x32 Drivers\STM32H7xx_HAL_Driver\Src\stm32h7xx_hal_pcd.o
 .ARM.attributes
                0x00000203       0x32 Drivers\STM32H7xx_HAL_Driver\Src\stm32h7xx_hal_pcd_ex.o
 .ARM.attributes
                0x00000235       0x32 Drivers\STM32H7xx_HAL_Driver\Src\stm32h7xx_hal_pwr_ex.o
 .ARM.attributes
                0x00000267       0x32 Drivers\STM32H7xx_HAL_Driver\Src\stm32h7xx_hal_rcc.o
 .ARM.attributes
                0x00000299       0x32 Drivers\STM32H7xx_HAL_Driver\Src\stm32h7xx_hal_rcc_ex.o
 .ARM.attributes
                0x000002cb       0x32 Drivers\STM32H7xx_HAL_Driver\Src\stm32h7xx_ll_usb.o
 .ARM.attributes
                0x000002fd       0x32 Middlewares\ST\STM32_USB_Device_Library\Class\HID\Src\usbd_hid.o
 .ARM.attributes
                0x0000032f       0x32 Middlewares\ST\STM32_USB_Device_Library\Core\Src\usbd_core.o
 .ARM.attributes
                0x00000361       0x32 Middlewares\ST\STM32_USB_Device_Library\Core\Src\usbd_ctlreq.o
 .ARM.attributes
                0x00000393       0x32 Middlewares\ST\STM32_USB_Device_Library\Core\Src\usbd_ioreq.o
 .ARM.attributes
                0x000003c5       0x32 USB_DEVICE\App\usb_device.o
 .ARM.attributes
                0x000003f7       0x32 USB_DEVICE\App\usbd_desc.o
 .ARM.attributes
                0x00000429       0x32 USB_DEVICE\Target\usbd_conf.o
 .ARM.attributes
                0x0000045b       0x32 C:/ST/STM32CubeIDE_1.16.1/STM32CubeIDE/plugins/com.st.stm32cube.ide.mcu.externaltools.gnu-tools-for-stm32.13.3.rel1.win32_1.0.0.202411081344/tools/bin/../lib/gcc/arm-none-eabi/13.3.1/../../../../arm-none-eabi/lib/thumb/v7e-m+dp/hard\libc_nano.a(libc_a-memset.o)
 .ARM.attributes
                0x0000048d       0x32 C:/ST/STM32CubeIDE_1.16.1/STM32CubeIDE/plugins/com.st.stm32cube.ide.mcu.externaltools.gnu-tools-for-stm32.13.3.rel1.win32_1.0.0.202411081344/tools/bin/../lib/gcc/arm-none-eabi/13.3.1/../../../../arm-none-eabi/lib/thumb/v7e-m+dp/hard\libc_nano.a(libc_a-init.o)
 .ARM.attributes
                0x000004bf       0x20 C:/ST/STM32CubeIDE_1.16.1/STM32CubeIDE/plugins/com.st.stm32cube.ide.mcu.externaltools.gnu-tools-for-stm32.13.3.rel1.win32_1.0.0.202411081344/tools/bin/../lib/gcc/arm-none-eabi/13.3.1/thumb/v7e-m+dp/hard/crtn.o
OUTPUT(custom_keypad.elf elf32-littlearm)
LOAD linker stubs
LOAD C:/ST/STM32CubeIDE_1.16.1/STM32CubeIDE/plugins/com.st.stm32cube.ide.mcu.externaltools.gnu-tools-for-stm32.13.3.rel1.win32_1.0.0.202411081344/tools/bin/../lib/gcc/arm-none-eabi/13.3.1/../../../../arm-none-eabi/lib/thumb/v7e-m+dp/hard\libc.a
LOAD C:/ST/STM32CubeIDE_1.16.1/STM32CubeIDE/plugins/com.st.stm32cube.ide.mcu.externaltools.gnu-tools-for-stm32.13.3.rel1.win32_1.0.0.202411081344/tools/bin/../lib/gcc/arm-none-eabi/13.3.1/../../../../arm-none-eabi/lib/thumb/v7e-m+dp/hard\libm.a
LOAD C:/ST/STM32CubeIDE_1.16.1/STM32CubeIDE/plugins/com.st.stm32cube.ide.mcu.externaltools.gnu-tools-for-stm32.13.3.rel1.win32_1.0.0.202411081344/tools/bin/../lib/gcc/arm-none-eabi/13.3.1/thumb/v7e-m+dp/hard\libgcc.a

.debug_info     0x00000000    0x12b57
 .debug_info    0x00000000     0x1fa1 Core\Src\main.o
 .debug_info    0x00001fa1      0x48b Core\Src\stm32h7xx_hal_msp.o
 .debug_info    0x0000242c      0x6b2 Core\Src\stm32h7xx_it.o
 .debug_info    0x00002ade      0xd33 Core\Src\system_stm32h7xx.o
 .debug_info    0x00003811       0x30 Core\Startup\startup_stm32h7a3rgtx.o
 .debug_info    0x00003841     0x13f1 Drivers\STM32H7xx_HAL_Driver\Src\stm32h7xx_hal.o
 .debug_info    0x00004c32     0x1093 Drivers\STM32H7xx_HAL_Driver\Src\stm32h7xx_hal_cortex.o
 .debug_info    0x00005cc5      0xb3a Drivers\STM32H7xx_HAL_Driver\Src\stm32h7xx_hal_gpio.o
 .debug_info    0x000067ff     0x1561 Drivers\STM32H7xx_HAL_Driver\Src\stm32h7xx_hal_pcd.o
 .debug_info    0x00007d60      0x8b3 Drivers\STM32H7xx_HAL_Driver\Src\stm32h7xx_hal_pcd_ex.o
 .debug_info    0x00008613      0xf01 Drivers\STM32H7xx_HAL_Driver\Src\stm32h7xx_hal_pwr_ex.o
 .debug_info    0x00009514      0xeb0 Drivers\STM32H7xx_HAL_Driver\Src\stm32h7xx_hal_rcc.o
 .debug_info    0x0000a3c4     0x120c Drivers\STM32H7xx_HAL_Driver\Src\stm32h7xx_hal_rcc_ex.o
 .debug_info    0x0000b5d0     0x1a1e Drivers\STM32H7xx_HAL_Driver\Src\stm32h7xx_ll_usb.o
 .debug_info    0x0000cfee      0xa9f Middlewares\ST\STM32_USB_Device_Library\Class\HID\Src\usbd_hid.o
 .debug_info    0x0000da8d      0xe13 Middlewares\ST\STM32_USB_Device_Library\Core\Src\usbd_core.o
 .debug_info    0x0000e8a0      0xaf9 Middlewares\ST\STM32_USB_Device_Library\Core\Src\usbd_ctlreq.o
 .debug_info    0x0000f399      0x770 Middlewares\ST\STM32_USB_Device_Library\Core\Src\usbd_ioreq.o
 .debug_info    0x0000fb09      0x613 USB_DEVICE\App\usb_device.o
 .debug_info    0x0001011c      0x4b9 USB_DEVICE\App\usbd_desc.o
 .debug_info    0x000105d5     0x2582 USB_DEVICE\Target\usbd_conf.o

.debug_abbrev   0x00000000     0x2f71
 .debug_abbrev  0x00000000      0x3b3 Core\Src\main.o
 .debug_abbrev  0x000003b3       0xec Core\Src\stm32h7xx_hal_msp.o
 .debug_abbrev  0x0000049f      0x1a4 Core\Src\stm32h7xx_it.o
 .debug_abbrev  0x00000643      0x165 Core\Src\system_stm32h7xx.o
 .debug_abbrev  0x000007a8       0x24 Core\Startup\startup_stm32h7a3rgtx.o
 .debug_abbrev  0x000007cc      0x291 Drivers\STM32H7xx_HAL_Driver\Src\stm32h7xx_hal.o
 .debug_abbrev  0x00000a5d      0x339 Drivers\STM32H7xx_HAL_Driver\Src\stm32h7xx_hal_cortex.o
 .debug_abbrev  0x00000d96      0x201 Drivers\STM32H7xx_HAL_Driver\Src\stm32h7xx_hal_gpio.o
 .debug_abbrev  0x00000f97      0x2dc Drivers\STM32H7xx_HAL_Driver\Src\stm32h7xx_hal_pcd.o
 .debug_abbrev  0x00001273      0x256 Drivers\STM32H7xx_HAL_Driver\Src\stm32h7xx_hal_pcd_ex.o
 .debug_abbrev  0x000014c9      0x297 Drivers\STM32H7xx_HAL_Driver\Src\stm32h7xx_hal_pwr_ex.o
 .debug_abbrev  0x00001760      0x2c5 Drivers\STM32H7xx_HAL_Driver\Src\stm32h7xx_hal_rcc.o
 .debug_abbrev  0x00001a25      0x27a Drivers\STM32H7xx_HAL_Driver\Src\stm32h7xx_hal_rcc_ex.o
 .debug_abbrev  0x00001c9f      0x2b3 Drivers\STM32H7xx_HAL_Driver\Src\stm32h7xx_ll_usb.o
 .debug_abbrev  0x00001f52      0x2a2 Middlewares\ST\STM32_USB_Device_Library\Class\HID\Src\usbd_hid.o
 .debug_abbrev  0x000021f4      0x27c Middlewares\ST\STM32_USB_Device_Library\Core\Src\usbd_core.o
 .debug_abbrev  0x00002470      0x26f Middlewares\ST\STM32_USB_Device_Library\Core\Src\usbd_ctlreq.o
 .debug_abbrev  0x000026df      0x19a Middlewares\ST\STM32_USB_Device_Library\Core\Src\usbd_ioreq.o
 .debug_abbrev  0x00002879      0x1a3 USB_DEVICE\App\usb_device.o
 .debug_abbrev  0x00002a1c      0x1f5 USB_DEVICE\App\usbd_desc.o
 .debug_abbrev  0x00002c11      0x360 USB_DEVICE\Target\usbd_conf.o

.debug_aranges  0x00000000      0xe58
 .debug_aranges
                0x00000000       0x58 Core\Src\main.o
 .debug_aranges
                0x00000058       0x20 Core\Src\stm32h7xx_hal_msp.o
 .debug_aranges
                0x00000078       0x68 Core\Src\stm32h7xx_it.o
 .debug_aranges
                0x000000e0       0x30 Core\Src\system_stm32h7xx.o
 .debug_aranges
                0x00000110       0x28 Core\Startup\startup_stm32h7a3rgtx.o
 .debug_aranges
                0x00000138      0x1a0 Drivers\STM32H7xx_HAL_Driver\Src\stm32h7xx_hal.o
 .debug_aranges
                0x000002d8      0x130 Drivers\STM32H7xx_HAL_Driver\Src\stm32h7xx_hal_cortex.o
 .debug_aranges
                0x00000408       0x58 Drivers\STM32H7xx_HAL_Driver\Src\stm32h7xx_hal_gpio.o
 .debug_aranges
                0x00000460      0x140 Drivers\STM32H7xx_HAL_Driver\Src\stm32h7xx_hal_pcd.o
 .debug_aranges
                0x000005a0       0x60 Drivers\STM32H7xx_HAL_Driver\Src\stm32h7xx_hal_pcd_ex.o
 .debug_aranges
                0x00000600      0x188 Drivers\STM32H7xx_HAL_Driver\Src\stm32h7xx_hal_pwr_ex.o
 .debug_aranges
                0x00000788       0x88 Drivers\STM32H7xx_HAL_Driver\Src\stm32h7xx_hal_rcc.o
 .debug_aranges
                0x00000810       0xf0 Drivers\STM32H7xx_HAL_Driver\Src\stm32h7xx_hal_rcc_ex.o
 .debug_aranges
                0x00000900      0x1a0 Drivers\STM32H7xx_HAL_Driver\Src\stm32h7xx_ll_usb.o
 .debug_aranges
                0x00000aa0       0x68 Middlewares\ST\STM32_USB_Device_Library\Class\HID\Src\usbd_hid.o
 .debug_aranges
                0x00000b08       0xd8 Middlewares\ST\STM32_USB_Device_Library\Core\Src\usbd_core.o
 .debug_aranges
                0x00000be0       0x90 Middlewares\ST\STM32_USB_Device_Library\Core\Src\usbd_ctlreq.o
 .debug_aranges
                0x00000c70       0x50 Middlewares\ST\STM32_USB_Device_Library\Core\Src\usbd_ioreq.o
 .debug_aranges
                0x00000cc0       0x20 USB_DEVICE\App\usb_device.o
 .debug_aranges
                0x00000ce0       0x68 USB_DEVICE\App\usbd_desc.o
 .debug_aranges
                0x00000d48      0x110 USB_DEVICE\Target\usbd_conf.o

.debug_rnglists
                0x00000000      0xaab
 .debug_rnglists
                0x00000000       0x40 Core\Src\main.o
 .debug_rnglists
                0x00000040       0x13 Core\Src\stm32h7xx_hal_msp.o
 .debug_rnglists
                0x00000053       0x49 Core\Src\stm32h7xx_it.o
 .debug_rnglists
                0x0000009c       0x21 Core\Src\system_stm32h7xx.o
 .debug_rnglists
                0x000000bd       0x19 Core\Startup\startup_stm32h7a3rgtx.o
 .debug_rnglists
                0x000000d6      0x137 Drivers\STM32H7xx_HAL_Driver\Src\stm32h7xx_hal.o
 .debug_rnglists
                0x0000020d       0xe0 Drivers\STM32H7xx_HAL_Driver\Src\stm32h7xx_hal_cortex.o
 .debug_rnglists
                0x000002ed       0x3f Drivers\STM32H7xx_HAL_Driver\Src\stm32h7xx_hal_gpio.o
 .debug_rnglists
                0x0000032c       0xf4 Drivers\STM32H7xx_HAL_Driver\Src\stm32h7xx_hal_pcd.o
 .debug_rnglists
                0x00000420       0x45 Drivers\STM32H7xx_HAL_Driver\Src\stm32h7xx_hal_pcd_ex.o
 .debug_rnglists
                0x00000465      0x126 Drivers\STM32H7xx_HAL_Driver\Src\stm32h7xx_hal_pwr_ex.o
 .debug_rnglists
                0x0000058b       0x68 Drivers\STM32H7xx_HAL_Driver\Src\stm32h7xx_hal_rcc.o
 .debug_rnglists
                0x000005f3       0xba Drivers\STM32H7xx_HAL_Driver\Src\stm32h7xx_hal_rcc_ex.o
 .debug_rnglists
                0x000006ad      0x147 Drivers\STM32H7xx_HAL_Driver\Src\stm32h7xx_ll_usb.o
 .debug_rnglists
                0x000007f4       0x4c Middlewares\ST\STM32_USB_Device_Library\Class\HID\Src\usbd_hid.o
 .debug_rnglists
                0x00000840       0xa1 Middlewares\ST\STM32_USB_Device_Library\Core\Src\usbd_core.o
 .debug_rnglists
                0x000008e1       0x6e Middlewares\ST\STM32_USB_Device_Library\Core\Src\usbd_ctlreq.o
 .debug_rnglists
                0x0000094f       0x37 Middlewares\ST\STM32_USB_Device_Library\Core\Src\usbd_ioreq.o
 .debug_rnglists
                0x00000986       0x13 USB_DEVICE\App\usb_device.o
 .debug_rnglists
                0x00000999       0x49 USB_DEVICE\App\usbd_desc.o
 .debug_rnglists
                0x000009e2       0xc9 USB_DEVICE\Target\usbd_conf.o

.debug_macro    0x00000000    0x3120e
 .debug_macro   0x00000000      0x3ad Core\Src\main.o
 .debug_macro   0x000003ad      0xaf6 Core\Src\main.o
 .debug_macro   0x00000ea3      0x232 Core\Src\main.o
 .debug_macro   0x000010d5       0x2e Core\Src\main.o
 .debug_macro   0x00001103       0x3b Core\Src\main.o
 .debug_macro   0x0000113e       0x22 Core\Src\main.o
 .debug_macro   0x00001160       0x8e Core\Src\main.o
 .debug_macro   0x000011ee       0x51 Core\Src\main.o
 .debug_macro   0x0000123f      0x103 Core\Src\main.o
 .debug_macro   0x00001342       0x6a Core\Src\main.o
 .debug_macro   0x000013ac      0x1df Core\Src\main.o
 .debug_macro   0x0000158b       0x1c Core\Src\main.o
 .debug_macro   0x000015a7       0x22 Core\Src\main.o
 .debug_macro   0x000015c9       0xfb Core\Src\main.o
 .debug_macro   0x000016c4     0x1305 Core\Src\main.o
 .debug_macro   0x000029c9      0x11f Core\Src\main.o
 .debug_macro   0x00002ae8       0x27 Core\Src\main.o
 .debug_macro   0x00002b0f    0x1eb92 Core\Src\main.o
 .debug_macro   0x000216a1       0x6d Core\Src\main.o
 .debug_macro   0x0002170e     0x3d80 Core\Src\main.o
 .debug_macro   0x0002548e      0x190 Core\Src\main.o
 .debug_macro   0x0002561e       0x61 Core\Src\main.o
 .debug_macro   0x0002567f       0x29 Core\Src\main.o
 .debug_macro   0x000256a8       0x43 Core\Src\main.o
 .debug_macro   0x000256eb       0x34 Core\Src\main.o
 .debug_macro   0x0002571f      0x370 Core\Src\main.o
 .debug_macro   0x00025a8f       0x16 Core\Src\main.o
 .debug_macro   0x00025aa5       0x4a Core\Src\main.o
 .debug_macro   0x00025aef       0x34 Core\Src\main.o
 .debug_macro   0x00025b23       0x10 Core\Src\main.o
 .debug_macro   0x00025b33       0x58 Core\Src\main.o
 .debug_macro   0x00025b8b       0x8e Core\Src\main.o
 .debug_macro   0x00025c19       0x1c Core\Src\main.o
 .debug_macro   0x00025c35      0x185 Core\Src\main.o
 .debug_macro   0x00025dba      0x19b Core\Src\main.o
 .debug_macro   0x00025f55       0x5d Core\Src\main.o
 .debug_macro   0x00025fb2     0x24ee Core\Src\main.o
 .debug_macro   0x000284a0     0x103a Core\Src\main.o
 .debug_macro   0x000294da      0x154 Core\Src\main.o
 .debug_macro   0x0002962e      0x114 Core\Src\main.o
 .debug_macro   0x00029742      0x3d5 Core\Src\main.o
 .debug_macro   0x00029b17       0xac Core\Src\main.o
 .debug_macro   0x00029bc3      0x70a Core\Src\main.o
 .debug_macro   0x0002a2cd      0x20c Core\Src\main.o
 .debug_macro   0x0002a4d9       0x66 Core\Src\main.o
 .debug_macro   0x0002a53f      0x3c9 Core\Src\main.o
 .debug_macro   0x0002a908      0x3eb Core\Src\main.o
 .debug_macro   0x0002acf3      0x275 Core\Src\main.o
 .debug_macro   0x0002af68      0x6c8 Core\Src\main.o
 .debug_macro   0x0002b630      0x520 Core\Src\main.o
 .debug_macro   0x0002bb50       0x58 Core\Src\main.o
 .debug_macro   0x0002bba8       0x4a Core\Src\main.o
 .debug_macro   0x0002bbf2      0x22c Core\Src\main.o
 .debug_macro   0x0002be1e       0x67 Core\Src\main.o
 .debug_macro   0x0002be85       0xa5 Core\Src\main.o
 .debug_macro   0x0002bf2a      0x1bd Core\Src\main.o
 .debug_macro   0x0002c0e7      0x2ab Core\Src\main.o
 .debug_macro   0x0002c392       0x35 Core\Src\main.o
 .debug_macro   0x0002c3c7      0x293 Core\Src\main.o
 .debug_macro   0x0002c65a       0x90 Core\Src\main.o
 .debug_macro   0x0002c6ea      0x5ca Core\Src\main.o
 .debug_macro   0x0002ccb4       0x1c Core\Src\main.o
 .debug_macro   0x0002ccd0       0x3c Core\Src\main.o
 .debug_macro   0x0002cd0c       0x10 Core\Src\main.o
 .debug_macro   0x0002cd1c       0x1c Core\Src\main.o
 .debug_macro   0x0002cd38       0x16 Core\Src\main.o
 .debug_macro   0x0002cd4e      0x146 Core\Src\main.o
 .debug_macro   0x0002ce94       0x16 Core\Src\main.o
 .debug_macro   0x0002ceaa       0x16 Core\Src\main.o
 .debug_macro   0x0002cec0       0x29 Core\Src\main.o
 .debug_macro   0x0002cee9       0x16 Core\Src\main.o
 .debug_macro   0x0002ceff       0x20 Core\Src\main.o
 .debug_macro   0x0002cf1f       0x6b Core\Src\main.o
 .debug_macro   0x0002cf8a      0x20f Core\Src\main.o
 .debug_macro   0x0002d199       0x5f Core\Src\main.o
 .debug_macro   0x0002d1f8      0x372 Core\Src\stm32h7xx_hal_msp.o
 .debug_macro   0x0002d56a      0x37c Core\Src\stm32h7xx_it.o
 .debug_macro   0x0002d8e6      0x2a4 Core\Src\system_stm32h7xx.o
 .debug_macro   0x0002db8a      0x2ce Drivers\STM32H7xx_HAL_Driver\Src\stm32h7xx_hal.o
 .debug_macro   0x0002de58      0x2a4 Drivers\STM32H7xx_HAL_Driver\Src\stm32h7xx_hal_cortex.o
 .debug_macro   0x0002e0fc      0x2ab Drivers\STM32H7xx_HAL_Driver\Src\stm32h7xx_hal_gpio.o
 .debug_macro   0x0002e3a7      0x2b0 Drivers\STM32H7xx_HAL_Driver\Src\stm32h7xx_hal_pcd.o
 .debug_macro   0x0002e657      0x2a4 Drivers\STM32H7xx_HAL_Driver\Src\stm32h7xx_hal_pcd_ex.o
 .debug_macro   0x0002e8fb      0x2dd Drivers\STM32H7xx_HAL_Driver\Src\stm32h7xx_hal_pwr_ex.o
 .debug_macro   0x0002ebd8      0x2c8 Drivers\STM32H7xx_HAL_Driver\Src\stm32h7xx_hal_rcc.o
 .debug_macro   0x0002eea0      0x2c2 Drivers\STM32H7xx_HAL_Driver\Src\stm32h7xx_hal_rcc_ex.o
 .debug_macro   0x0002f162      0x2a4 Drivers\STM32H7xx_HAL_Driver\Src\stm32h7xx_ll_usb.o
 .debug_macro   0x0002f406      0x3b3 Middlewares\ST\STM32_USB_Device_Library\Class\HID\Src\usbd_hid.o
 .debug_macro   0x0002f7b9       0x16 Middlewares\ST\STM32_USB_Device_Library\Class\HID\Src\usbd_hid.o
 .debug_macro   0x0002f7cf       0x9e Middlewares\ST\STM32_USB_Device_Library\Class\HID\Src\usbd_hid.o
 .debug_macro   0x0002f86d      0x112 Middlewares\ST\STM32_USB_Device_Library\Class\HID\Src\usbd_hid.o
 .debug_macro   0x0002f97f       0x16 Middlewares\ST\STM32_USB_Device_Library\Class\HID\Src\usbd_hid.o
 .debug_macro   0x0002f995      0x3a4 Middlewares\ST\STM32_USB_Device_Library\Core\Src\usbd_core.o
 .debug_macro   0x0002fd39      0x227 Middlewares\ST\STM32_USB_Device_Library\Core\Src\usbd_core.o
 .debug_macro   0x0002ff60      0x3a4 Middlewares\ST\STM32_USB_Device_Library\Core\Src\usbd_ctlreq.o
 .debug_macro   0x00030304      0x3a0 Middlewares\ST\STM32_USB_Device_Library\Core\Src\usbd_ioreq.o
 .debug_macro   0x000306a4      0x3ba USB_DEVICE\App\usb_device.o
 .debug_macro   0x00030a5e       0x22 USB_DEVICE\App\usb_device.o
 .debug_macro   0x00030a80      0x3dd USB_DEVICE\App\usbd_desc.o
 .debug_macro   0x00030e5d      0x3b1 USB_DEVICE\Target\usbd_conf.o

.debug_line     0x00000000    0x134ba
 .debug_line    0x00000000      0xbea Core\Src\main.o
 .debug_line    0x00000bea      0x9bc Core\Src\stm32h7xx_hal_msp.o
 .debug_line    0x000015a6      0xa84 Core\Src\stm32h7xx_it.o
 .debug_line    0x0000202a      0xab1 Core\Src\system_stm32h7xx.o
 .debug_line    0x00002adb       0x7b Core\Startup\startup_stm32h7a3rgtx.o
 .debug_line    0x00002b56      0xea2 Drivers\STM32H7xx_HAL_Driver\Src\stm32h7xx_hal.o
 .debug_line    0x000039f8      0xe7f Drivers\STM32H7xx_HAL_Driver\Src\stm32h7xx_hal_cortex.o
 .debug_line    0x00004877      0xd1e Drivers\STM32H7xx_HAL_Driver\Src\stm32h7xx_hal_gpio.o
 .debug_line    0x00005595     0x15fd Drivers\STM32H7xx_HAL_Driver\Src\stm32h7xx_hal_pcd.o
 .debug_line    0x00006b92      0xac3 Drivers\STM32H7xx_HAL_Driver\Src\stm32h7xx_hal_pcd_ex.o
 .debug_line    0x00007655     0x1052 Drivers\STM32H7xx_HAL_Driver\Src\stm32h7xx_hal_pwr_ex.o
 .debug_line    0x000086a7     0x14d7 Drivers\STM32H7xx_HAL_Driver\Src\stm32h7xx_hal_rcc.o
 .debug_line    0x00009b7e     0x1d55 Drivers\STM32H7xx_HAL_Driver\Src\stm32h7xx_hal_rcc_ex.o
 .debug_line    0x0000b8d3     0x1eb1 Drivers\STM32H7xx_HAL_Driver\Src\stm32h7xx_ll_usb.o
 .debug_line    0x0000d784      0xcdd Middlewares\ST\STM32_USB_Device_Library\Class\HID\Src\usbd_hid.o
 .debug_line    0x0000e461      0xfb2 Middlewares\ST\STM32_USB_Device_Library\Core\Src\usbd_core.o
 .debug_line    0x0000f413     0x11ac Middlewares\ST\STM32_USB_Device_Library\Core\Src\usbd_ctlreq.o
 .debug_line    0x000105bf      0xac8 Middlewares\ST\STM32_USB_Device_Library\Core\Src\usbd_ioreq.o
 .debug_line    0x00011087      0xa66 USB_DEVICE\App\usb_device.o
 .debug_line    0x00011aed      0xb46 USB_DEVICE\App\usbd_desc.o
 .debug_line    0x00012633      0xe87 USB_DEVICE\Target\usbd_conf.o

.debug_str      0x00000000   0x12ffe3
 .debug_str     0x00000000   0x12ffe3 Core\Src\main.o
                             0x12c16e (size before relaxing)
 .debug_str     0x0012ffe3   0x12aef0 Core\Src\stm32h7xx_hal_msp.o
 .debug_str     0x0012ffe3   0x12b1ac Core\Src\stm32h7xx_it.o
 .debug_str     0x0012ffe3   0x12a05f Core\Src\system_stm32h7xx.o
 .debug_str     0x0012ffe3       0x99 Core\Startup\startup_stm32h7a3rgtx.o
 .debug_str     0x0012ffe3   0x12aef3 Drivers\STM32H7xx_HAL_Driver\Src\stm32h7xx_hal.o
 .debug_str     0x0012ffe3   0x12a93b Drivers\STM32H7xx_HAL_Driver\Src\stm32h7xx_hal_cortex.o
 .debug_str     0x0012ffe3   0x129fd0 Drivers\STM32H7xx_HAL_Driver\Src\stm32h7xx_hal_gpio.o
 .debug_str     0x0012ffe3   0x12a796 Drivers\STM32H7xx_HAL_Driver\Src\stm32h7xx_hal_pcd.o
 .debug_str     0x0012ffe3   0x12a134 Drivers\STM32H7xx_HAL_Driver\Src\stm32h7xx_hal_pcd_ex.o
 .debug_str     0x0012ffe3   0x12a555 Drivers\STM32H7xx_HAL_Driver\Src\stm32h7xx_hal_pwr_ex.o
 .debug_str     0x0012ffe3   0x12a3f8 Drivers\STM32H7xx_HAL_Driver\Src\stm32h7xx_hal_rcc.o
 .debug_str     0x0012ffe3   0x12a88d Drivers\STM32H7xx_HAL_Driver\Src\stm32h7xx_hal_rcc_ex.o
 .debug_str     0x0012ffe3   0x12a690 Drivers\STM32H7xx_HAL_Driver\Src\stm32h7xx_ll_usb.o
 .debug_str     0x0012ffe3   0x12b5aa Middlewares\ST\STM32_USB_Device_Library\Class\HID\Src\usbd_hid.o
 .debug_str     0x0012ffe3   0x12b518 Middlewares\ST\STM32_USB_Device_Library\Core\Src\usbd_core.o
 .debug_str     0x0012ffe3   0x12b340 Middlewares\ST\STM32_USB_Device_Library\Core\Src\usbd_ctlreq.o
 .debug_str     0x0012ffe3   0x12b215 Middlewares\ST\STM32_USB_Device_Library\Core\Src\usbd_ioreq.o
 .debug_str     0x0012ffe3   0x12b3b8 USB_DEVICE\App\usb_device.o
 .debug_str     0x0012ffe3   0x12b141 USB_DEVICE\App\usbd_desc.o
 .debug_str     0x0012ffe3   0x12cb6c USB_DEVICE\Target\usbd_conf.o

.comment        0x00000000       0x43
 .comment       0x00000000       0x43 Core\Src\main.o
                                 0x44 (size before relaxing)
 .comment       0x00000043       0x44 Core\Src\stm32h7xx_hal_msp.o
 .comment       0x00000043       0x44 Core\Src\stm32h7xx_it.o
 .comment       0x00000043       0x44 Core\Src\system_stm32h7xx.o
 .comment       0x00000043       0x44 Drivers\STM32H7xx_HAL_Driver\Src\stm32h7xx_hal.o
 .comment       0x00000043       0x44 Drivers\STM32H7xx_HAL_Driver\Src\stm32h7xx_hal_cortex.o
 .comment       0x00000043       0x44 Drivers\STM32H7xx_HAL_Driver\Src\stm32h7xx_hal_gpio.o
 .comment       0x00000043       0x44 Drivers\STM32H7xx_HAL_Driver\Src\stm32h7xx_hal_pcd.o
 .comment       0x00000043       0x44 Drivers\STM32H7xx_HAL_Driver\Src\stm32h7xx_hal_pcd_ex.o
 .comment       0x00000043       0x44 Drivers\STM32H7xx_HAL_Driver\Src\stm32h7xx_hal_pwr_ex.o
 .comment       0x00000043       0x44 Drivers\STM32H7xx_HAL_Driver\Src\stm32h7xx_hal_rcc.o
 .comment       0x00000043       0x44 Drivers\STM32H7xx_HAL_Driver\Src\stm32h7xx_hal_rcc_ex.o
 .comment       0x00000043       0x44 Drivers\STM32H7xx_HAL_Driver\Src\stm32h7xx_ll_usb.o
 .comment       0x00000043       0x44 Middlewares\ST\STM32_USB_Device_Library\Class\HID\Src\usbd_hid.o
 .comment       0x00000043       0x44 Middlewares\ST\STM32_USB_Device_Library\Core\Src\usbd_core.o
 .comment       0x00000043       0x44 Middlewares\ST\STM32_USB_Device_Library\Core\Src\usbd_ctlreq.o
 .comment       0x00000043       0x44 Middlewares\ST\STM32_USB_Device_Library\Core\Src\usbd_ioreq.o
 .comment       0x00000043       0x44 USB_DEVICE\App\usb_device.o
 .comment       0x00000043       0x44 USB_DEVICE\App\usbd_desc.o
 .comment       0x00000043       0x44 USB_DEVICE\Target\usbd_conf.o

.debug_frame    0x00000000     0x39d8
 .debug_frame   0x00000000      0x124 Core\Src\main.o
 .debug_frame   0x00000124       0x38 Core\Src\stm32h7xx_hal_msp.o
 .debug_frame   0x0000015c      0x120 Core\Src\stm32h7xx_it.o
 .debug_frame   0x0000027c       0x78 Core\Src\system_stm32h7xx.o
 .debug_frame   0x000002f4      0x6a8 Drivers\STM32H7xx_HAL_Driver\Src\stm32h7xx_hal.o
 .debug_frame   0x0000099c      0x508 Drivers\STM32H7xx_HAL_Driver\Src\stm32h7xx_hal_cortex.o
 .debug_frame   0x00000ea4      0x14c Drivers\STM32H7xx_HAL_Driver\Src\stm32h7xx_hal_gpio.o
 .debug_frame   0x00000ff0      0x590 Drivers\STM32H7xx_HAL_Driver\Src\stm32h7xx_hal_pcd.o
 .debug_frame   0x00001580      0x174 Drivers\STM32H7xx_HAL_Driver\Src\stm32h7xx_hal_pcd_ex.o
 .debug_frame   0x000016f4      0x660 Drivers\STM32H7xx_HAL_Driver\Src\stm32h7xx_hal_pwr_ex.o
 .debug_frame   0x00001d54      0x1fc Drivers\STM32H7xx_HAL_Driver\Src\stm32h7xx_hal_rcc.o
 .debug_frame   0x00001f50      0x3ec Drivers\STM32H7xx_HAL_Driver\Src\stm32h7xx_hal_rcc_ex.o
 .debug_frame   0x0000233c      0x7c0 Drivers\STM32H7xx_HAL_Driver\Src\stm32h7xx_ll_usb.o
 .debug_frame   0x00002afc      0x184 Middlewares\ST\STM32_USB_Device_Library\Class\HID\Src\usbd_hid.o
 .debug_frame   0x00002c80      0x390 Middlewares\ST\STM32_USB_Device_Library\Core\Src\usbd_core.o
 .debug_frame   0x00003010      0x23c Middlewares\ST\STM32_USB_Device_Library\Core\Src\usbd_ctlreq.o
 .debug_frame   0x0000324c      0x10c Middlewares\ST\STM32_USB_Device_Library\Core\Src\usbd_ioreq.o
 .debug_frame   0x00003358       0x2c USB_DEVICE\App\usb_device.o
 .debug_frame   0x00003384      0x188 USB_DEVICE\App\usbd_desc.o
 .debug_frame   0x0000350c      0x480 USB_DEVICE\Target\usbd_conf.o
 .debug_frame   0x0000398c       0x20 C:/ST/STM32CubeIDE_1.16.1/STM32CubeIDE/plugins/com.st.stm32cube.ide.mcu.externaltools.gnu-tools-for-stm32.13.3.rel1.win32_1.0.0.202411081344/tools/bin/../lib/gcc/arm-none-eabi/13.3.1/../../../../arm-none-eabi/lib/thumb/v7e-m+dp/hard\libc_nano.a(libc_a-memset.o)
 .debug_frame   0x000039ac       0x2c C:/ST/STM32CubeIDE_1.16.1/STM32CubeIDE/plugins/com.st.stm32cube.ide.mcu.externaltools.gnu-tools-for-stm32.13.3.rel1.win32_1.0.0.202411081344/tools/bin/../lib/gcc/arm-none-eabi/13.3.1/../../../../arm-none-eabi/lib/thumb/v7e-m+dp/hard\libc_nano.a(libc_a-init.o)

.debug_line_str
                0x00000000       0x7d
 .debug_line_str
                0x00000000       0x7d Core\Startup\startup_stm32h7a3rgtx.o
