Archive member included to satisfy reference by file (symbol)

C:/ST/STM32CubeIDE_1.17.0/STM32CubeIDE/plugins/com.st.stm32cube.ide.mcu.externaltools.gnu-tools-for-stm32.12.3.rel1.win32_1.1.0.202410251130/tools/bin/../lib/gcc/arm-none-eabi/12.3.1/../../../../arm-none-eabi/lib/thumb/v7e-m+dp/hard\libc_nano.a(libc_a-exit.o)
                              C:/ST/STM32CubeIDE_1.17.0/STM32CubeIDE/plugins/com.st.stm32cube.ide.mcu.externaltools.gnu-tools-for-stm32.12.3.rel1.win32_1.1.0.202410251130/tools/bin/../lib/gcc/arm-none-eabi/12.3.1/../../../../arm-none-eabi/lib/thumb/v7e-m+dp/hard/crt0.o (exit)
C:/ST/STM32CubeIDE_1.17.0/STM32CubeIDE/plugins/com.st.stm32cube.ide.mcu.externaltools.gnu-tools-for-stm32.12.3.rel1.win32_1.1.0.202410251130/tools/bin/../lib/gcc/arm-none-eabi/12.3.1/../../../../arm-none-eabi/lib/thumb/v7e-m+dp/hard\libc_nano.a(libc_a-findfp.o)
                              C:/ST/STM32CubeIDE_1.17.0/STM32CubeIDE/plugins/com.st.stm32cube.ide.mcu.externaltools.gnu-tools-for-stm32.12.3.rel1.win32_1.1.0.202410251130/tools/bin/../lib/gcc/arm-none-eabi/12.3.1/../../../../arm-none-eabi/lib/thumb/v7e-m+dp/hard\libc_nano.a(libc_a-exit.o) (__stdio_exit_handler)
C:/ST/STM32CubeIDE_1.17.0/STM32CubeIDE/plugins/com.st.stm32cube.ide.mcu.externaltools.gnu-tools-for-stm32.12.3.rel1.win32_1.1.0.202410251130/tools/bin/../lib/gcc/arm-none-eabi/12.3.1/../../../../arm-none-eabi/lib/thumb/v7e-m+dp/hard\libc_nano.a(libc_a-fwalk.o)
                              C:/ST/STM32CubeIDE_1.17.0/STM32CubeIDE/plugins/com.st.stm32cube.ide.mcu.externaltools.gnu-tools-for-stm32.12.3.rel1.win32_1.1.0.202410251130/tools/bin/../lib/gcc/arm-none-eabi/12.3.1/../../../../arm-none-eabi/lib/thumb/v7e-m+dp/hard\libc_nano.a(libc_a-findfp.o) (_fwalk_sglue)
C:/ST/STM32CubeIDE_1.17.0/STM32CubeIDE/plugins/com.st.stm32cube.ide.mcu.externaltools.gnu-tools-for-stm32.12.3.rel1.win32_1.1.0.202410251130/tools/bin/../lib/gcc/arm-none-eabi/12.3.1/../../../../arm-none-eabi/lib/thumb/v7e-m+dp/hard\libc_nano.a(libc_a-stdio.o)
                              C:/ST/STM32CubeIDE_1.17.0/STM32CubeIDE/plugins/com.st.stm32cube.ide.mcu.externaltools.gnu-tools-for-stm32.12.3.rel1.win32_1.1.0.202410251130/tools/bin/../lib/gcc/arm-none-eabi/12.3.1/../../../../arm-none-eabi/lib/thumb/v7e-m+dp/hard\libc_nano.a(libc_a-findfp.o) (__sread)
C:/ST/STM32CubeIDE_1.17.0/STM32CubeIDE/plugins/com.st.stm32cube.ide.mcu.externaltools.gnu-tools-for-stm32.12.3.rel1.win32_1.1.0.202410251130/tools/bin/../lib/gcc/arm-none-eabi/12.3.1/../../../../arm-none-eabi/lib/thumb/v7e-m+dp/hard\libc_nano.a(libc_a-memset.o)
                              C:/ST/STM32CubeIDE_1.17.0/STM32CubeIDE/plugins/com.st.stm32cube.ide.mcu.externaltools.gnu-tools-for-stm32.12.3.rel1.win32_1.1.0.202410251130/tools/bin/../lib/gcc/arm-none-eabi/12.3.1/../../../../arm-none-eabi/lib/thumb/v7e-m+dp/hard/crt0.o (memset)
C:/ST/STM32CubeIDE_1.17.0/STM32CubeIDE/plugins/com.st.stm32cube.ide.mcu.externaltools.gnu-tools-for-stm32.12.3.rel1.win32_1.1.0.202410251130/tools/bin/../lib/gcc/arm-none-eabi/12.3.1/../../../../arm-none-eabi/lib/thumb/v7e-m+dp/hard\libc_nano.a(libc_a-closer.o)
                              C:/ST/STM32CubeIDE_1.17.0/STM32CubeIDE/plugins/com.st.stm32cube.ide.mcu.externaltools.gnu-tools-for-stm32.12.3.rel1.win32_1.1.0.202410251130/tools/bin/../lib/gcc/arm-none-eabi/12.3.1/../../../../arm-none-eabi/lib/thumb/v7e-m+dp/hard\libc_nano.a(libc_a-stdio.o) (_close_r)
C:/ST/STM32CubeIDE_1.17.0/STM32CubeIDE/plugins/com.st.stm32cube.ide.mcu.externaltools.gnu-tools-for-stm32.12.3.rel1.win32_1.1.0.202410251130/tools/bin/../lib/gcc/arm-none-eabi/12.3.1/../../../../arm-none-eabi/lib/thumb/v7e-m+dp/hard\libc_nano.a(libc_a-reent.o)
                              C:/ST/STM32CubeIDE_1.17.0/STM32CubeIDE/plugins/com.st.stm32cube.ide.mcu.externaltools.gnu-tools-for-stm32.12.3.rel1.win32_1.1.0.202410251130/tools/bin/../lib/gcc/arm-none-eabi/12.3.1/../../../../arm-none-eabi/lib/thumb/v7e-m+dp/hard\libc_nano.a(libc_a-closer.o) (errno)
C:/ST/STM32CubeIDE_1.17.0/STM32CubeIDE/plugins/com.st.stm32cube.ide.mcu.externaltools.gnu-tools-for-stm32.12.3.rel1.win32_1.1.0.202410251130/tools/bin/../lib/gcc/arm-none-eabi/12.3.1/../../../../arm-none-eabi/lib/thumb/v7e-m+dp/hard\libc_nano.a(libc_a-impure.o)
                              C:/ST/STM32CubeIDE_1.17.0/STM32CubeIDE/plugins/com.st.stm32cube.ide.mcu.externaltools.gnu-tools-for-stm32.12.3.rel1.win32_1.1.0.202410251130/tools/bin/../lib/gcc/arm-none-eabi/12.3.1/../../../../arm-none-eabi/lib/thumb/v7e-m+dp/hard\libc_nano.a(libc_a-reent.o) (_impure_ptr)
C:/ST/STM32CubeIDE_1.17.0/STM32CubeIDE/plugins/com.st.stm32cube.ide.mcu.externaltools.gnu-tools-for-stm32.12.3.rel1.win32_1.1.0.202410251130/tools/bin/../lib/gcc/arm-none-eabi/12.3.1/../../../../arm-none-eabi/lib/thumb/v7e-m+dp/hard\libc_nano.a(libc_a-lseekr.o)
[...]
Memory Configuration

Name             Origin             Length             Attributes
ITCMRAM          0x00000000         0x00010000         xrw
FLASH            0x08000000         0x00080000         xr
FLASH2           0x08100000         0x00080000         xr
DTCMRAM1         0x20000000         0x00010000         xrw
DTCMRAM2         0x20010000         0x00010000         xrw
RAM              0x24000000         0x00100000         xrw
RAM_CD           0x30000000         0x00020000         xrw
RAM_SRD          0x38000000         0x00008000         xrw
*default*        0x00000000         0xffffffff

Linker script and memory map

LOAD C:/ST/STM32CubeIDE_1.17.0/STM32CubeIDE/plugins/com.st.stm32cube.ide.mcu.externaltools.gnu-tools-for-stm32.12.3.rel1.win32_1.1.0.202410251130/tools/bin/../lib/gcc/arm-none-eabi/12.3.1/thumb/v7e-m+dp/hard/crti.o
LOAD C:/ST/STM32CubeIDE_1.17.0/STM32CubeIDE/plugins/com.st.stm32cube.ide.mcu.externaltools.gnu-tools-for-stm32.12.3.rel1.win32_1.1.0.202410251130/tools/bin/../lib/gcc/arm-none-eabi/12.3.1/thumb/v7e-m+dp/hard/crtbegin.o
LOAD C:/ST/STM32CubeIDE_1.17.0/STM32CubeIDE/plugins/com.st.stm32cube.ide.mcu.externaltools.gnu-tools-for-stm32.12.3.rel1.win32_1.1.0.202410251130/tools/bin/../lib/gcc/arm-none-eabi/12.3.1/../../../../arm-none-eabi/lib/thumb/v7e-m+dp/hard/crt0.o
LOAD Core\Src\main.o
LOAD Core\Src\stm32h7xx_hal_msp.o
LOAD Core\Src\stm32h7xx_it.o
LOAD Core\Src\syscalls.o
LOAD Core\Src\sysmem.o
LOAD Core\Src\system_stm32h7xx.o
LOAD Core\Startup\startup_stm32h7a3rgtx.o
LOAD Drivers\STM32H7xx_HAL_Driver\Src\stm32h7xx_hal.o
LOAD Drivers\STM32H7xx_HAL_Driver\Src\stm32h7xx_hal_cortex.o
LOAD Drivers\STM32H7xx_HAL_Driver\Src\stm32h7xx_hal_dma.o
LOAD Drivers\STM32H7xx_HAL_Driver\Src\stm32h7xx_hal_dma_ex.o
LOAD Drivers\STM32H7xx_HAL_Driver\Src\stm32h7xx_hal_exti.o
LOAD Drivers\STM32H7xx_HAL_Driver\Src\stm32h7xx_hal_flash.o
LOAD Drivers\STM32H7xx_HAL_Driver\Src\stm32h7xx_hal_flash_ex.o
LOAD Drivers\STM32H7xx_HAL_Driver\Src\stm32h7xx_hal_gpio.o
LOAD Drivers\STM32H7xx_HAL_Driver\Src\stm32h7xx_hal_hsem.o
LOAD Drivers\STM32H7xx_HAL_Driver\Src\stm32h7xx_hal_i2c.o
LOAD Drivers\STM32H7xx_HAL_Driver\Src\stm32h7xx_hal_i2c_ex.o
LOAD Drivers\STM32H7xx_HAL_Driver\Src\stm32h7xx_hal_mdma.o
LOAD Drivers\STM32H7xx_HAL_Driver\Src\stm32h7xx_hal_pcd.o
LOAD Drivers\STM32H7xx_HAL_Driver\Src\stm32h7xx_hal_pcd_ex.o
LOAD Drivers\STM32H7xx_HAL_Driver\Src\stm32h7xx_hal_pwr.o
LOAD Drivers\STM32H7xx_HAL_Driver\Src\stm32h7xx_hal_pwr_ex.o
LOAD Drivers\STM32H7xx_HAL_Driver\Src\stm32h7xx_hal_rcc.o
LOAD Drivers\STM32H7xx_HAL_Driver\Src\stm32h7xx_hal_rcc_ex.o
LOAD Drivers\STM32H7xx_HAL_Driver\Src\stm32h7xx_ll_usb.o
LOAD Middlewares\ST\STM32_USB_Device_Library\Class\HID\Src\usbd_hid.o
LOAD Middlewares\ST\STM32_USB_Device_Library\Core\Src\usbd_core.o
LOAD Middlewares\ST\STM32_USB_Device_Library\Core\Src\usbd_ctlreq.o
LOAD Middlewares\ST\STM32_USB_Device_Library\Core\Src\usbd_ioreq.o
LOAD USB_DEVICE\App\usb_device.o
LOAD USB_DEVICE\App\usbd_desc.o
LOAD USB_DEVICE\Target\usbd_conf.o
START GROUP
LOAD C:/ST/STM32CubeIDE_1.17.0/STM32CubeIDE/plugins/com.st.stm32cube.ide.mcu.externaltools.gnu-tools-for-stm32.12.3.rel1.win32_1.1.0.202410251130/tools/bin/../lib/gcc/arm-none-eabi/12.3.1/../../../../arm-none-eabi/lib/thumb/v7e-m+dp/hard\libc_nano.a
LOAD C:/ST/STM32CubeIDE_1.17.0/STM32CubeIDE/plugins/com.st.stm32cube.ide.mcu.externaltools.gnu-tools-for-stm32.12.3.rel1.win32_1.1.0.202410251130/tools/bin/../lib/gcc/arm-none-eabi/12.3.1/../../../../arm-none-eabi/lib/thumb/v7e-m+dp/hard\libm.a
END GROUP
START GROUP
LOAD C:/ST/STM32CubeIDE_1.17.0/STM32CubeIDE/plugins/com.st.stm32cube.ide.mcu.externaltools.gnu-tools-for-stm32.12.3.rel1.win32_1.1.0.202410251130/tools/bin/../lib/gcc/arm-none-eabi/12.3.1/thumb/v7e-m+dp/hard\libgcc.a
LOAD C:/ST/STM32CubeIDE_1.17.0/STM32CubeIDE/plugins/com.st.stm32cube.ide.mcu.externaltools.gnu-tools-for-stm32.12.3.rel1.win32_1.1.0.202410251130/tools/bin/../lib/gcc/arm-none-eabi/12.3.1/../../../../arm-none-eabi/lib/thumb/v7e-m+dp/hard\libc_nano.a
END GROUP
START GROUP
LOAD C:/ST/STM32CubeIDE_1.17.0/STM32CubeIDE/plugins/com.st.stm32cube.ide.mcu.externaltools.gnu-tools-for-stm32.12.3.rel1.win32_1.1.0.202410251130/tools/bin/../lib/gcc/arm-none-eabi/12.3.1/thumb/v7e-m+dp/hard\libgcc.a
LOAD C:/ST/STM32CubeIDE_1.17.0/STM32CubeIDE/plugins/com.st.stm32cube.ide.mcu.externaltools.gnu-tools-for-stm32.12.3.rel1.win32_1.1.0.202410251130/tools/bin/../lib/gcc/arm-none-eabi/12.3.1/../../../../arm-none-eabi/lib/thumb/v7e-m+dp/hard\libc_nano.a
LOAD C:/ST/STM32CubeIDE_1.17.0/STM32CubeIDE/plugins/com.st.stm32cube.ide.mcu.externaltools.gnu-tools-for-stm32.12.3.rel1.win32_1.1.0.202410251130/tools/bin/../lib/gcc/arm-none-eabi/12.3.1/../../../../arm-none-eabi/lib/thumb/v7e-m+dp/hard\libnosys.a
END GROUP
START GROUP
LOAD C:/ST/STM32CubeIDE_1.17.0/STM32CubeIDE/plugins/com.st.stm32cube.ide.mcu.externaltools.gnu-tools-for-stm32.12.3.rel1.win32_1.1.0.202410251130/tools/bin/../lib/gcc/arm-none-eabi/12.3.1/thumb/v7e-m+dp/hard\libgcc.a
LOAD C:/ST/STM32CubeIDE_1.17.0/STM32CubeIDE/plugins/com.st.stm32cube.ide.mcu.externaltools.gnu-tools-for-stm32.12.3.rel1.win32_1.1.0.202410251130/tools/bin/../lib/gcc/arm-none-eabi/12.3.1/../../../../arm-none-eabi/lib/thumb/v7e-m+dp/hard\libc_nano.a
LOAD C:/ST/STM32CubeIDE_1.17.0/STM32CubeIDE/plugins/com.st.stm32cube.ide.mcu.externaltools.gnu-tools-for-stm32.12.3.rel1.win32_1.1.0.202410251130/tools/bin/../lib/gcc/arm-none-eabi/12.3.1/../../../../arm-none-eabi/lib/thumb/v7e-m+dp/hard\libnosys.a
END GROUP
LOAD C:/ST/STM32CubeIDE_1.17.0/STM32CubeIDE/plugins/com.st.stm32cube.ide.mcu.externaltools.gnu-tools-for-stm32.12.3.rel1.win32_1.1.0.202410251130/tools/bin/../lib/gcc/arm-none-eabi/12.3.1/thumb/v7e-m+dp/hard/crtend.o
LOAD C:/ST/STM32CubeIDE_1.17.0/STM32CubeIDE/plugins/com.st.stm32cube.ide.mcu.externaltools.gnu-tools-for-stm32.12.3.rel1.win32_1.1.0.202410251130/tools/bin/../lib/gcc/arm-none-eabi/12.3.1/thumb/v7e-m+dp/hard/crtn.o
                0x24100000                        _estack = (ORIGIN (RAM) + LENGTH (RAM))
                0x00000200                        _Min_Heap_Size = 0x200
                0x00000400                        _Min_Stack_Size = 0x400

.isr_vector     0x08000000      0x2ac
                0x08000000                        . = ALIGN (0x4)
 *(.isr_vector)
 .isr_vector    0x08000000      0x2ac Core\Startup\startup_stm32h7a3rgtx.o
                0x08000000                g_pfnVectors
                0x080002ac                        . = ALIGN (0x4)

.text           0x080002ac     0x87f0
                0x080002ac                        . = ALIGN (0x4)
 *(.text)
 .text          0x080002ac       0x40 C:/ST/STM32CubeIDE_1.17.0/STM32CubeIDE/plugins/com.st.stm32cube.ide.mcu.externaltools.gnu-tools-for-stm32.12.3.rel1.win32_1.1.0.202410251130/tools/bin/../lib/gcc/arm-none-eabi/12.3.1/thumb/v7e-m+dp/hard/crtbegin.o
 *(.text*)
 .text.main     0x080002ec      0x31c Core\Src\main.o
                0x080002ec                main
 .text.SystemClock_Config
                0x08000608       0xc8 Core\Src\main.o
                0x08000608                SystemClock_Config
 .text.MX_GPIO_Init
                0x080006d0      0x158 Core\Src\main.o
 .text.encoder_update
                0x08000828       0x74 Core\Src\main.o
                0x08000828                encoder_update
 .text.HAL_GPIO_EXTI_Callback
                0x0800089c       0x22 Core\Src\main.o
                0x0800089c                HAL_GPIO_EXTI_Callback
 .text.key_send
                0x080008be       0x5e Core\Src\main.o
                0x080008be                key_send
 .text.write_pin
                0x0800091c       0x44 Core\Src\main.o
                0x0800091c                write_pin
 .text.read_pin
                0x08000960       0x3c Core\Src\main.o
                0x08000960                read_pin
 .text.MPU_Config
                0x0800099c       0x58 Core\Src\main.o
 .text.Error_Handler
                0x080009f4        0xc Core\Src\main.o
                0x080009f4                Error_Handler
 .text.HAL_MspInit
                0x08000a00       0x34 Core\Src\stm32h7xx_hal_msp.o
                0x08000a00                HAL_MspInit
 .text.NMI_Handler
                0x08000a34        0x8 Core\Src\stm32h7xx_it.o
                0x08000a34                NMI_Handler
 .text.HardFault_Handler
                0x08000a3c        0x8 Core\Src\stm32h7xx_it.o
                0x08000a3c                HardFault_Handler
 .text.MemManage_Handler
                0x08000a44        0x8 Core\Src\stm32h7xx_it.o
                0x08000a44                MemManage_Handler
 .text.BusFault_Handler
                0x08000a4c        0x8 Core\Src\stm32h7xx_it.o
                0x08000a4c                BusFault_Handler
 .text.UsageFault_Handler
                0x08000a54        0x8 Core\Src\stm32h7xx_it.o
                0x08000a54                UsageFault_Handler
 .text.SVC_Handler
                0x08000a5c        0xe Core\Src\stm32h7xx_it.o
                0x08000a5c                SVC_Handler
 .text.DebugMon_Handler
                0x08000a6a        0xe Core\Src\stm32h7xx_it.o
                0x08000a6a                DebugMon_Handler
 .text.PendSV_Handler
                0x08000a78        0xe Core\Src\stm32h7xx_it.o
                0x08000a78                PendSV_Handler
 .text.SysTick_Handler
                0x08000a86        0xc Core\Src\stm32h7xx_it.o
                0x08000a86                SysTick_Handler
 .text.EXTI3_IRQHandler
                0x08000a92        0xe Core\Src\stm32h7xx_it.o
                0x08000a92                EXTI3_IRQHandler
 .text.EXTI4_IRQHandler
                0x08000aa0        0xe Core\Src\stm32h7xx_it.o
                0x08000aa0                EXTI4_IRQHandler
 *fill*         0x08000aae        0x2 
 .text.OTG_HS_IRQHandler
                0x08000ab0       0x14 Core\Src\stm32h7xx_it.o
                0x08000ab0                OTG_HS_IRQHandler
 .text.SystemInit
                0x08000ac4      0x120 Core\Src\system_stm32h7xx.o
                0x08000ac4                SystemInit
 .text.ExitRun0Mode
                0x08000be4       0x30 Core\Src\system_stm32h7xx.o
                0x08000be4                ExitRun0Mode
 .text.Reset_Handler
                0x08000c14       0x54 Core\Startup\startup_stm32h7a3rgtx.o
                0x08000c14                Reset_Handler
 .text.Default_Handler
                0x08000c68        0x2 Core\Startup\startup_stm32h7a3rgtx.o
                0x08000c68                RTC_Alarm_IRQHandler
                0x08000c68                EXTI2_IRQHandler
                0x08000c68                TIM8_CC_IRQHandler
                0x08000c68                UART8_IRQHandler
                0x08000c68                BDMA2_Channel1_IRQHandler
                0x08000c68                SPI4_IRQHandler
                0x08000c68                BDMA2_Channel0_IRQHandler
                0x08000c68                TIM1_CC_IRQHandler
                0x08000c68                DMA2_Stream5_IRQHandler
                0x08000c68                JPEG_IRQHandler
                0x08000c68                DMA1_Stream5_IRQHandler
                0x08000c68                LPTIM4_IRQHandler
                0x08000c68                TIM8_TRG_COM_TIM14_IRQHandler
                0x08000c68                LPTIM2_IRQHandler
                0x08000c68                DFSDM1_FLT1_IRQHandler
                0x08000c68                DMAMUX2_OVR_IRQHandler
                0x08000c68                GFXMMU_IRQHandler
                0x08000c68                TIM8_UP_TIM13_IRQHandler
                0x08000c68                I2C3_ER_IRQHandler
                0x08000c68                DFSDM1_FLT2_IRQHandler
                0x08000c68                USART10_IRQHandler
                0x08000c68                MDMA_IRQHandler
                0x08000c68                LPTIM3_IRQHandler
                0x08000c68                BDMA2_Channel3_IRQHandler
                0x08000c68                HSEM1_IRQHandler
                0x08000c68                EXTI0_IRQHandler
                0x08000c68                I2C2_EV_IRQHandler
                0x08000c68                DAC2_IRQHandler
                0x08000c68                DMA1_Stream2_IRQHandler
                0x08000c68                FPU_IRQHandler
                0x08000c68                OTG_HS_WKUP_IRQHandler
                0x08000c68                FDCAN1_IT1_IRQHandler
                0x08000c68                LTDC_ER_IRQHandler
                0x08000c68                DMA2_Stream2_IRQHandler
                0x08000c68                SPI1_IRQHandler
                0x08000c68                OCTOSPI1_IRQHandler
                0x08000c68                TIM6_DAC_IRQHandler
                0x08000c68                BDMA2_Channel6_IRQHandler
                0x08000c68                DMA2_Stream3_IRQHandler
                0x08000c68                OCTOSPI2_IRQHandler
                0x08000c68                SAI2_IRQHandler
                0x08000c68                BDMA1_IRQHandler
                0x08000c68                DFSDM1_FLT3_IRQHandler
                0x08000c68                USART6_IRQHandler
                0x08000c68                TIM17_IRQHandler
                0x08000c68                USART3_IRQHandler
                0x08000c68                LPTIM5_IRQHandler
                0x08000c68                UART5_IRQHandler
                0x08000c68                DMA2_Stream0_IRQHandler
                0x08000c68                TIM4_IRQHandler
                0x08000c68                I2C1_EV_IRQHandler
                0x08000c68                DMA1_Stream6_IRQHandler
                0x08000c68                DMAMUX1_OVR_IRQHandler
                0x08000c68                DMA1_Stream1_IRQHandler
                0x08000c68                TIM16_IRQHandler
                0x08000c68                UART4_IRQHandler
                0x08000c68                TIM3_IRQHandler
                0x08000c68                RCC_IRQHandler
                0x08000c68                UART9_IRQHandler
                0x08000c68                TIM8_BRK_TIM12_IRQHandler
                0x08000c68                TIM1_TRG_COM_IRQHandler
                0x08000c68                Default_Handler
                0x08000c68                ECC_IRQHandler
                0x08000c68                BDMA2_Channel2_IRQHandler
                0x08000c68                CEC_IRQHandler
                0x08000c68                EXTI15_10_IRQHandler
                0x08000c68                DFSDM1_FLT4_IRQHandler
                0x08000c68                ADC_IRQHandler
                0x08000c68                DMA1_Stream7_IRQHandler
                0x08000c68                SPI5_IRQHandler
                0x08000c68                TIM7_IRQHandler
                0x08000c68                SDMMC1_IRQHandler
                0x08000c68                TIM5_IRQHandler
                0x08000c68                DMA2_Stream7_IRQHandler
                0x08000c68                TIM15_IRQHandler
                0x08000c68                I2C3_EV_IRQHandler
                0x08000c68                DFSDM2_IRQHandler
                0x08000c68                EXTI9_5_IRQHandler
                0x08000c68                RTC_WKUP_IRQHandler
                0x08000c68                LTDC_IRQHandler
                0x08000c68                SPDIF_RX_IRQHandler
                0x08000c68                PVD_PVM_IRQHandler
                0x08000c68                SPI2_IRQHandler
                0x08000c68                OTG_HS_EP1_IN_IRQHandler
                0x08000c68                DFSDM1_FLT5_IRQHandler
                0x08000c68                DMA1_Stream0_IRQHandler
                0x08000c68                CRS_IRQHandler
                0x08000c68                DFSDM1_FLT6_IRQHandler
                0x08000c68                RNG_IRQHandler
                0x08000c68                FDCAN2_IT1_IRQHandler
                0x08000c68                COMP_IRQHandler
                0x08000c68                TIM1_UP_IRQHandler
                0x08000c68                OTG_HS_EP1_OUT_IRQHandler
                0x08000c68                WWDG_IRQHandler
                0x08000c68                SPI6_IRQHandler
                0x08000c68                MDIOS_IRQHandler
                0x08000c68                I2C4_EV_IRQHandler
                0x08000c68                FDCAN2_IT0_IRQHandler
                0x08000c68                LPUART1_IRQHandler
                0x08000c68                FDCAN1_IT0_IRQHandler
                0x08000c68                TIM2_IRQHandler
                0x08000c68                BDMA2_Channel5_IRQHandler
                0x08000c68                DMA2D_IRQHandler
                0x08000c68                TIM1_BRK_IRQHandler
                0x08000c68                EXTI1_IRQHandler
                0x08000c68                SDMMC2_IRQHandler
                0x08000c68                DTS_IRQHandler
                0x08000c68                UART7_IRQHandler
                0x08000c68                MDIOS_WKUP_IRQHandler
                0x08000c68                USART2_IRQHandler
                0x08000c68                DFSDM1_FLT0_IRQHandler
                0x08000c68                I2C2_ER_IRQHandler
                0x08000c68                DMA2_Stream1_IRQHandler
                0x08000c68                DFSDM1_FLT7_IRQHandler
                0x08000c68                FLASH_IRQHandler
                0x08000c68                DMA2_Stream4_IRQHandler
                0x08000c68                USART1_IRQHandler
                0x08000c68                SPI3_IRQHandler
                0x08000c68                WAKEUP_PIN_IRQHandler
                0x08000c68                DMA1_Stream4_IRQHandler
                0x08000c68                I2C1_ER_IRQHandler
                0x08000c68                FMC_IRQHandler
                0x08000c68                BDMA2_Channel7_IRQHandler
                0x08000c68                FDCAN_CAL_IRQHandler
                0x08000c68                SWPMI1_IRQHandler
                0x08000c68                LPTIM1_IRQHandler
                0x08000c68                DCMI_PSSI_IRQHandler
                0x08000c68                I2C4_ER_IRQHandler
                0x08000c68                DMA2_Stream6_IRQHandler
                0x08000c68                SAI1_IRQHandler
                0x08000c68                DMA1_Stream3_IRQHandler
                0x08000c68                RTC_TAMP_STAMP_CSS_LSE_IRQHandler
                0x08000c68                BDMA2_Channel4_IRQHandler
 *fill*         0x08000c6a        0x2 
 .text.HAL_Init
                0x08000c6c       0x78 Drivers\STM32H7xx_HAL_Driver\Src\stm32h7xx_hal.o
                0x08000c6c                HAL_Init
 .text.HAL_InitTick
                0x08000ce4       0x6c Drivers\STM32H7xx_HAL_Driver\Src\stm32h7xx_hal.o
                0x08000ce4                HAL_InitTick
 .text.HAL_IncTick
                0x08000d50       0x28 Drivers\STM32H7xx_HAL_Driver\Src\stm32h7xx_hal.o
                0x08000d50                HAL_IncTick
 .text.HAL_GetTick
                0x08000d78       0x18 Drivers\STM32H7xx_HAL_Driver\Src\stm32h7xx_hal.o
                0x08000d78                HAL_GetTick
 .text.HAL_Delay
                0x08000d90       0x48 Drivers\STM32H7xx_HAL_Driver\Src\stm32h7xx_hal.o
                0x08000d90                HAL_Delay
 .text.__NVIC_SetPriorityGrouping
                0x08000dd8       0x48 Drivers\STM32H7xx_HAL_Driver\Src\stm32h7xx_hal_cortex.o
 .text.__NVIC_GetPriorityGrouping
                0x08000e20       0x1c Drivers\STM32H7xx_HAL_Driver\Src\stm32h7xx_hal_cortex.o
 .text.__NVIC_EnableIRQ
                0x08000e3c       0x3c Drivers\STM32H7xx_HAL_Driver\Src\stm32h7xx_hal_cortex.o
 .text.__NVIC_SetPriority
                0x08000e78       0x54 Drivers\STM32H7xx_HAL_Driver\Src\stm32h7xx_hal_cortex.o
 .text.NVIC_EncodePriority
                0x08000ecc       0x66 Drivers\STM32H7xx_HAL_Driver\Src\stm32h7xx_hal_cortex.o
 *fill*         0x08000f32        0x2 
 .text.SysTick_Config
                0x08000f34       0x44 Drivers\STM32H7xx_HAL_Driver\Src\stm32h7xx_hal_cortex.o
 .text.HAL_NVIC_SetPriorityGrouping
                0x08000f78       0x16 Drivers\STM32H7xx_HAL_Driver\Src\stm32h7xx_hal_cortex.o
                0x08000f78                HAL_NVIC_SetPriorityGrouping
 .text.HAL_NVIC_SetPriority
                0x08000f8e       0x34 Drivers\STM32H7xx_HAL_Driver\Src\stm32h7xx_hal_cortex.o
                0x08000f8e                HAL_NVIC_SetPriority
 .text.HAL_NVIC_EnableIRQ
                0x08000fc2       0x1c Drivers\STM32H7xx_HAL_Driver\Src\stm32h7xx_hal_cortex.o
                0x08000fc2                HAL_NVIC_EnableIRQ
 .text.HAL_SYSTICK_Config
                0x08000fde       0x18 Drivers\STM32H7xx_HAL_Driver\Src\stm32h7xx_hal_cortex.o
                0x08000fde                HAL_SYSTICK_Config
 *fill*         0x08000ff6        0x2 
 .text.HAL_MPU_Disable
                0x08000ff8       0x30 Drivers\STM32H7xx_HAL_Driver\Src\stm32h7xx_hal_cortex.o
                0x08000ff8                HAL_MPU_Disable
 .text.HAL_MPU_Enable
                0x08001028       0x40 Drivers\STM32H7xx_HAL_Driver\Src\stm32h7xx_hal_cortex.o
                0x08001028                HAL_MPU_Enable
 .text.HAL_MPU_ConfigRegion
                0x08001068       0x80 Drivers\STM32H7xx_HAL_Driver\Src\stm32h7xx_hal_cortex.o
                0x08001068                HAL_MPU_ConfigRegion
 .text.HAL_GPIO_Init
                0x080010e8      0x360 Drivers\STM32H7xx_HAL_Driver\Src\stm32h7xx_hal_gpio.o
                0x080010e8                HAL_GPIO_Init
 .text.HAL_GPIO_ReadPin
                0x08001448       0x30 Drivers\STM32H7xx_HAL_Driver\Src\stm32h7xx_hal_gpio.o
                0x08001448                HAL_GPIO_ReadPin
 .text.HAL_GPIO_WritePin
                0x08001478       0x32 Drivers\STM32H7xx_HAL_Driver\Src\stm32h7xx_hal_gpio.o
                0x08001478                HAL_GPIO_WritePin
 .text.HAL_GPIO_EXTI_IRQHandler
                0x080014aa       0x34 Drivers\STM32H7xx_HAL_Driver\Src\stm32h7xx_hal_gpio.o
                0x080014aa                HAL_GPIO_EXTI_IRQHandler
 .text.HAL_PCD_Init
                0x080014de      0x218 Drivers\STM32H7xx_HAL_Driver\Src\stm32h7xx_hal_pcd.o
                0x080014de                HAL_PCD_Init
 .text.HAL_PCD_Start
                0x080016f6       0x6a Drivers\STM32H7xx_HAL_Driver\Src\stm32h7xx_hal_pcd.o
                0x080016f6                HAL_PCD_Start
 .text.HAL_PCD_IRQHandler
                0x08001760      0x99c Drivers\STM32H7xx_HAL_Driver\Src\stm32h7xx_hal_pcd.o
                0x08001760                HAL_PCD_IRQHandler
 .text.HAL_PCD_SetAddress
                0x080020fc       0x48 Drivers\STM32H7xx_HAL_Driver\Src\stm32h7xx_hal_pcd.o
                0x080020fc                HAL_PCD_SetAddress
 .text.HAL_PCD_EP_Open
                0x08002144       0xd4 Drivers\STM32H7xx_HAL_Driver\Src\stm32h7xx_hal_pcd.o
                0x08002144                HAL_PCD_EP_Open
 .text.HAL_PCD_EP_Close
                0x08002218       0x94 Drivers\STM32H7xx_HAL_Driver\Src\stm32h7xx_hal_pcd.o
                0x08002218                HAL_PCD_EP_Close
 .text.HAL_PCD_EP_Receive
                0x080022ac       0x76 Drivers\STM32H7xx_HAL_Driver\Src\stm32h7xx_hal_pcd.o
                0x080022ac                HAL_PCD_EP_Receive
 .text.HAL_PCD_EP_Transmit
                0x08002322       0x74 Drivers\STM32H7xx_HAL_Driver\Src\stm32h7xx_hal_pcd.o
                0x08002322                HAL_PCD_EP_Transmit
 .text.HAL_PCD_EP_SetStall
                0x08002396       0xc6 Drivers\STM32H7xx_HAL_Driver\Src\stm32h7xx_hal_pcd.o
                0x08002396                HAL_PCD_EP_SetStall
 .text.HAL_PCD_EP_ClrStall
                0x0800245c       0xac Drivers\STM32H7xx_HAL_Driver\Src\stm32h7xx_hal_pcd.o
                0x0800245c                HAL_PCD_EP_ClrStall
 .text.HAL_PCD_EP_Abort
                0x08002508       0x62 Drivers\STM32H7xx_HAL_Driver\Src\stm32h7xx_hal_pcd.o
                0x08002508                HAL_PCD_EP_Abort
 .text.PCD_WriteEmptyTxFifo
                0x0800256a      0x118 Drivers\STM32H7xx_HAL_Driver\Src\stm32h7xx_hal_pcd.o
 *fill*         0x08002682        0x2 
 .text.PCD_EP_OutXfrComplete_int
                0x08002684      0x1d0 Drivers\STM32H7xx_HAL_Driver\Src\stm32h7xx_hal_pcd.o
 .text.PCD_EP_OutSetupPacket_int
                0x08002854       0x8c Drivers\STM32H7xx_HAL_Driver\Src\stm32h7xx_hal_pcd.o
 .text.HAL_PCDEx_SetTxFiFo
                0x080028e0       0x8e Drivers\STM32H7xx_HAL_Driver\Src\stm32h7xx_hal_pcd_ex.o
                0x080028e0                HAL_PCDEx_SetTxFiFo
 .text.HAL_PCDEx_SetRxFiFo
                0x0800296e       0x22 Drivers\STM32H7xx_HAL_Driver\Src\stm32h7xx_hal_pcd_ex.o
                0x0800296e                HAL_PCDEx_SetRxFiFo
 .text.HAL_PCDEx_ActivateLPM
                0x08002990       0x48 Drivers\STM32H7xx_HAL_Driver\Src\stm32h7xx_hal_pcd_ex.o
                0x08002990                HAL_PCDEx_ActivateLPM
 .text.HAL_PCDEx_LPM_Callback
                0x080029d8       0x18 Drivers\STM32H7xx_HAL_Driver\Src\stm32h7xx_hal_pcd_ex.o
                0x080029d8                HAL_PCDEx_LPM_Callback
 .text.HAL_PWREx_ConfigSupply
                0x080029f0       0x74 Drivers\STM32H7xx_HAL_Driver\Src\stm32h7xx_hal_pwr_ex.o
                0x080029f0                HAL_PWREx_ConfigSupply
 .text.HAL_PWREx_EnableUSBVoltageDetector
                0x08002a64       0x20 Drivers\STM32H7xx_HAL_Driver\Src\stm32h7xx_hal_pwr_ex.o
                0x08002a64                HAL_PWREx_EnableUSBVoltageDetector
 .text.HAL_RCC_OscConfig
                0x08002a84      0x864 Drivers\STM32H7xx_HAL_Driver\Src\stm32h7xx_hal_rcc.o
                0x08002a84                HAL_RCC_OscConfig
 .text.HAL_RCC_ClockConfig
                0x080032e8      0x36c Drivers\STM32H7xx_HAL_Driver\Src\stm32h7xx_hal_rcc.o
                0x080032e8                HAL_RCC_ClockConfig
 .text.HAL_RCC_GetSysClockFreq
                0x08003654      0x2f4 Drivers\STM32H7xx_HAL_Driver\Src\stm32h7xx_hal_rcc.o
                0x08003654                HAL_RCC_GetSysClockFreq
 .text.HAL_RCC_GetHCLKFreq
                0x08003948       0x60 Drivers\STM32H7xx_HAL_Driver\Src\stm32h7xx_hal_rcc.o
                0x08003948                HAL_RCC_GetHCLKFreq
 .text.HAL_RCCEx_PeriphCLKConfig
                0x080039a8     0x137c Drivers\STM32H7xx_HAL_Driver\Src\stm32h7xx_hal_rcc_ex.o
                0x080039a8                HAL_RCCEx_PeriphCLKConfig
 .text.RCCEx_PLL2_Config
                0x08004d24      0x164 Drivers\STM32H7xx_HAL_Driver\Src\stm32h7xx_hal_rcc_ex.o
 .text.RCCEx_PLL3_Config
                0x08004e88      0x164 Drivers\STM32H7xx_HAL_Driver\Src\stm32h7xx_hal_rcc_ex.o
 .text.USB_CoreInit
                0x08004fec       0xe4 Drivers\STM32H7xx_HAL_Driver\Src\stm32h7xx_ll_usb.o
                0x08004fec                USB_CoreInit
 .text.USB_SetTurnaroundTime
                0x080050d0      0x144 Drivers\STM32H7xx_HAL_Driver\Src\stm32h7xx_ll_usb.o
                0x080050d0                USB_SetTurnaroundTime
 .text.USB_EnableGlobalInt
                0x08005214       0x22 Drivers\STM32H7xx_HAL_Driver\Src\stm32h7xx_ll_usb.o
                0x08005214                USB_EnableGlobalInt
 .text.USB_DisableGlobalInt
                0x08005236       0x22 Drivers\STM32H7xx_HAL_Driver\Src\stm32h7xx_ll_usb.o
                0x08005236                USB_DisableGlobalInt
 .text.USB_SetCurrentMode
                0x08005258       0x98 Drivers\STM32H7xx_HAL_Driver\Src\stm32h7xx_ll_usb.o
                0x08005258                USB_SetCurrentMode
 .text.USB_DevInit
                0x080052f0      0x2bc Drivers\STM32H7xx_HAL_Driver\Src\stm32h7xx_ll_usb.o
                0x080052f0                USB_DevInit
 .text.USB_FlushTxFifo
                0x080055ac       0x64 Drivers\STM32H7xx_HAL_Driver\Src\stm32h7xx_ll_usb.o
                0x080055ac                USB_FlushTxFifo
 .text.USB_FlushRxFifo
                0x08005610       0x5c Drivers\STM32H7xx_HAL_Driver\Src\stm32h7xx_ll_usb.o
                0x08005610                USB_FlushRxFifo
 .text.USB_SetDevSpeed
                0x0800566c       0x32 Drivers\STM32H7xx_HAL_Driver\Src\stm32h7xx_ll_usb.o
                0x0800566c                USB_SetDevSpeed
 .text.USB_GetDevSpeed
                0x0800569e       0x4a Drivers\STM32H7xx_HAL_Driver\Src\stm32h7xx_ll_usb.o
                0x0800569e                USB_GetDevSpeed
 .text.USB_ActivateEndpoint
                0x080056e8      0x110 Drivers\STM32H7xx_HAL_Driver\Src\stm32h7xx_ll_usb.o
                0x080056e8                USB_ActivateEndpoint
 .text.USB_DeactivateEndpoint
                0x080057f8      0x1b8 Drivers\STM32H7xx_HAL_Driver\Src\stm32h7xx_ll_usb.o
                0x080057f8                USB_DeactivateEndpoint
 .text.USB_EPStartXfer
                0x080059b0      0x548 Drivers\STM32H7xx_HAL_Driver\Src\stm32h7xx_ll_usb.o
                0x080059b0                USB_EPStartXfer
 .text.USB_EPStopXfer
                0x08005ef8      0x154 Drivers\STM32H7xx_HAL_Driver\Src\stm32h7xx_ll_usb.o
                0x08005ef8                USB_EPStopXfer
 .text.USB_WritePacket
                0x0800604c       0x7c Drivers\STM32H7xx_HAL_Driver\Src\stm32h7xx_ll_usb.o
                0x0800604c                USB_WritePacket
 .text.USB_ReadPacket
                0x080060c8       0xb0 Drivers\STM32H7xx_HAL_Driver\Src\stm32h7xx_ll_usb.o
                0x080060c8                USB_ReadPacket
 .text.USB_EPSetStall
                0x08006178       0xdc Drivers\STM32H7xx_HAL_Driver\Src\stm32h7xx_ll_usb.o
                0x08006178                USB_EPSetStall
 .text.USB_EPClearStall
                0x08006254       0xcc Drivers\STM32H7xx_HAL_Driver\Src\stm32h7xx_ll_usb.o
                0x08006254                USB_EPClearStall
 .text.USB_SetDevAddress
                0x08006320       0x4c Drivers\STM32H7xx_HAL_Driver\Src\stm32h7xx_ll_usb.o
                0x08006320                USB_SetDevAddress
 .text.USB_DevConnect
                0x0800636c       0x42 Drivers\STM32H7xx_HAL_Driver\Src\stm32h7xx_ll_usb.o
                0x0800636c                USB_DevConnect
 .text.USB_DevDisconnect
                0x080063ae       0x42 Drivers\STM32H7xx_HAL_Driver\Src\stm32h7xx_ll_usb.o
                0x080063ae                USB_DevDisconnect
 .text.USB_ReadInterrupts
                0x080063f0       0x26 Drivers\STM32H7xx_HAL_Driver\Src\stm32h7xx_ll_usb.o
                0x080063f0                USB_ReadInterrupts
 .text.USB_ReadDevAllOutEpInterrupt
                0x08006416       0x34 Drivers\STM32H7xx_HAL_Driver\Src\stm32h7xx_ll_usb.o
                0x08006416                USB_ReadDevAllOutEpInterrupt
 .text.USB_ReadDevAllInEpInterrupt
                0x0800644a       0x34 Drivers\STM32H7xx_HAL_Driver\Src\stm32h7xx_ll_usb.o
                0x0800644a                USB_ReadDevAllInEpInterrupt
 .text.USB_ReadDevOutEPInterrupt
                0x0800647e       0x3c Drivers\STM32H7xx_HAL_Driver\Src\stm32h7xx_ll_usb.o
                0x0800647e                USB_ReadDevOutEPInterrupt
 .text.USB_ReadDevInEPInterrupt
                0x080064ba       0x5c Drivers\STM32H7xx_HAL_Driver\Src\stm32h7xx_ll_usb.o
                0x080064ba                USB_ReadDevInEPInterrupt
 .text.USB_GetMode
                0x08006516       0x1c Drivers\STM32H7xx_HAL_Driver\Src\stm32h7xx_ll_usb.o
                0x08006516                USB_GetMode
 *fill*         0x08006532        0x2 
 .text.USB_ActivateSetup
                0x08006534       0x48 Drivers\STM32H7xx_HAL_Driver\Src\stm32h7xx_ll_usb.o
                0x08006534                USB_ActivateSetup
 .text.USB_EP0_OutStart
                0x0800657c       0xbc Drivers\STM32H7xx_HAL_Driver\Src\stm32h7xx_ll_usb.o
                0x0800657c                USB_EP0_OutStart
 .text.USB_CoreReset
                0x08006638       0x62 Drivers\STM32H7xx_HAL_Driver\Src\stm32h7xx_ll_usb.o
 *fill*         0x0800669a        0x2 
 .text.USBD_HID_Init
                0x0800669c       0xcc Middlewares\ST\STM32_USB_Device_Library\Class\HID\Src\usbd_hid.o
 .text.USBD_HID_DeInit
                0x08006768       0x90 Middlewares\ST\STM32_USB_Device_Library\Class\HID\Src\usbd_hid.o
 .text.USBD_HID_Setup
                0x080067f8      0x210 Middlewares\ST\STM32_USB_Device_Library\Class\HID\Src\usbd_hid.o
 .text.USBD_HID_SendReport
                0x08006a08       0x60 Middlewares\ST\STM32_USB_Device_Library\Class\HID\Src\usbd_hid.o
                0x08006a08                USBD_HID_SendReport
 .text.USBD_HID_GetFSCfgDesc
                0x08006a68       0x34 Middlewares\ST\STM32_USB_Device_Library\Class\HID\Src\usbd_hid.o
 .text.USBD_HID_GetHSCfgDesc
                0x08006a9c       0x34 Middlewares\ST\STM32_USB_Device_Library\Class\HID\Src\usbd_hid.o
 .text.USBD_HID_GetOtherSpeedCfgDesc
                0x08006ad0       0x34 Middlewares\ST\STM32_USB_Device_Library\Class\HID\Src\usbd_hid.o
 .text.USBD_HID_DataIn
                0x08006b04       0x2c Middlewares\ST\STM32_USB_Device_Library\Class\HID\Src\usbd_hid.o
 .text.USBD_HID_GetDeviceQualifierDesc
                0x08006b30       0x20 Middlewares\ST\STM32_USB_Device_Library\Class\HID\Src\usbd_hid.o
 .text.USBD_Init
                0x08006b50       0x60 Middlewares\ST\STM32_USB_Device_Library\Core\Src\usbd_core.o
                0x08006b50                USBD_Init
 .text.USBD_RegisterClass
                0x08006bb0       0x6c Middlewares\ST\STM32_USB_Device_Library\Core\Src\usbd_core.o
                0x08006bb0                USBD_RegisterClass
 .text.USBD_Start
                0x08006c1c       0x18 Middlewares\ST\STM32_USB_Device_Library\Core\Src\usbd_core.o
                0x08006c1c                USBD_Start
 .text.USBD_RunTestMode
                0x08006c34       0x16 Middlewares\ST\STM32_USB_Device_Library\Core\Src\usbd_core.o
                0x08006c34                USBD_RunTestMode
 .text.USBD_SetClassConfig
                0x08006c4a       0x38 Middlewares\ST\STM32_USB_Device_Library\Core\Src\usbd_core.o
                0x08006c4a                USBD_SetClassConfig
 .text.USBD_ClrClassConfig
                0x08006c82       0x34 Middlewares\ST\STM32_USB_Device_Library\Core\Src\usbd_core.o
                0x08006c82                USBD_ClrClassConfig
 .text.USBD_LL_SetupStage
                0x08006cb6       0xaa Middlewares\ST\STM32_USB_Device_Library\Core\Src\usbd_core.o
                0x08006cb6                USBD_LL_SetupStage
 .text.USBD_LL_DataOutStage
                0x08006d60      0x166 Middlewares\ST\STM32_USB_Device_Library\Core\Src\usbd_core.o
                0x08006d60                USBD_LL_DataOutStage
 .text.USBD_LL_DataInStage
                0x08006ec6      0x164 Middlewares\ST\STM32_USB_Device_Library\Core\Src\usbd_core.o
                0x08006ec6                USBD_LL_DataInStage
 .text.USBD_LL_Reset
                0x0800702a       0xa4 Middlewares\ST\STM32_USB_Device_Library\Core\Src\usbd_core.o
                0x0800702a                USBD_LL_Reset
 .text.USBD_LL_SetSpeed
                0x080070ce       0x20 Middlewares\ST\STM32_USB_Device_Library\Core\Src\usbd_core.o
                0x080070ce                USBD_LL_SetSpeed
 .text.USBD_LL_Suspend
                0x080070ee       0x38 Middlewares\ST\STM32_USB_Device_Library\Core\Src\usbd_core.o
                0x080070ee                USBD_LL_Suspend
 .text.USBD_LL_Resume
                0x08007126       0x30 Middlewares\ST\STM32_USB_Device_Library\Core\Src\usbd_core.o
                0x08007126                USBD_LL_Resume
 .text.USBD_LL_SOF
                0x08007156       0x40 Middlewares\ST\STM32_USB_Device_Library\Core\Src\usbd_core.o
                0x08007156                USBD_LL_SOF
 .text.USBD_LL_IsoINIncomplete
                0x08007196       0x64 Middlewares\ST\STM32_USB_Device_Library\Core\Src\usbd_core.o
                0x08007196                USBD_LL_IsoINIncomplete
 .text.USBD_LL_IsoOUTIncomplete
                0x080071fa       0x64 Middlewares\ST\STM32_USB_Device_Library\Core\Src\usbd_core.o
                0x080071fa                USBD_LL_IsoOUTIncomplete
 .text.USBD_LL_DevConnected
                0x0800725e       0x16 Middlewares\ST\STM32_USB_Device_Library\Core\Src\usbd_core.o
                0x0800725e                USBD_LL_DevConnected
 .text.USBD_LL_DevDisconnected
                0x08007274       0x46 Middlewares\ST\STM32_USB_Device_Library\Core\Src\usbd_core.o
                0x08007274                USBD_LL_DevDisconnected
 .text.USBD_CoreFindIF
                0x080072ba       0x1a Middlewares\ST\STM32_USB_Device_Library\Core\Src\usbd_core.o
                0x080072ba                USBD_CoreFindIF
 .text.USBD_CoreFindEP
                0x080072d4       0x1a Middlewares\ST\STM32_USB_Device_Library\Core\Src\usbd_core.o
                0x080072d4                USBD_CoreFindEP
 .text.USBD_GetEpDesc
                0x080072ee       0x70 Middlewares\ST\STM32_USB_Device_Library\Core\Src\usbd_core.o
                0x080072ee                USBD_GetEpDesc
 .text.USBD_GetNextDesc
                0x0800735e       0x38 Middlewares\ST\STM32_USB_Device_Library\Core\Src\usbd_core.o
                0x0800735e                USBD_GetNextDesc
 .text.SWAPBYTE
                0x08007396       0x3c Middlewares\ST\STM32_USB_Device_Library\Core\Src\usbd_ctlreq.o
 *fill*         0x080073d2        0x2 
 .text.USBD_StdDevReq
                0x080073d4       0xe4 Middlewares\ST\STM32_USB_Device_Library\Core\Src\usbd_ctlreq.o
                0x080073d4                USBD_StdDevReq
 .text.USBD_StdItfReq
                0x080074b8       0xd8 Middlewares\ST\STM32_USB_Device_Library\Core\Src\usbd_ctlreq.o
                0x080074b8                USBD_StdItfReq
 .text.USBD_StdEPReq
                0x08007590      0x33a Middlewares\ST\STM32_USB_Device_Library\Core\Src\usbd_ctlreq.o
                0x08007590                USBD_StdEPReq
 *fill*         0x080078ca        0x2 
 .text.USBD_GetDescriptor
                0x080078cc      0x328 Middlewares\ST\STM32_USB_Device_Library\Core\Src\usbd_ctlreq.o
 .text.USBD_SetAddress
                0x08007bf4       0x88 Middlewares\ST\STM32_USB_Device_Library\Core\Src\usbd_ctlreq.o
 .text.USBD_SetConfig
                0x08007c7c      0x154 Middlewares\ST\STM32_USB_Device_Library\Core\Src\usbd_ctlreq.o
 .text.USBD_GetConfig
                0x08007dd0       0x6c Middlewares\ST\STM32_USB_Device_Library\Core\Src\usbd_ctlreq.o
 .text.USBD_GetStatus
                0x08007e3c       0x68 Middlewares\ST\STM32_USB_Device_Library\Core\Src\usbd_ctlreq.o
 .text.USBD_SetFeature
                0x08007ea4       0x52 Middlewares\ST\STM32_USB_Device_Library\Core\Src\usbd_ctlreq.o
 .text.USBD_ClrFeature
                0x08007ef6       0x44 Middlewares\ST\STM32_USB_Device_Library\Core\Src\usbd_ctlreq.o
 .text.USBD_ParseSetupRequest
                0x08007f3a       0x74 Middlewares\ST\STM32_USB_Device_Library\Core\Src\usbd_ctlreq.o
                0x08007f3a                USBD_ParseSetupRequest
 .text.USBD_CtlError
                0x08007fae       0x22 Middlewares\ST\STM32_USB_Device_Library\Core\Src\usbd_ctlreq.o
                0x08007fae                USBD_CtlError
 .text.USBD_GetString
                0x08007fd0       0xa4 Middlewares\ST\STM32_USB_Device_Library\Core\Src\usbd_ctlreq.o
                0x08007fd0                USBD_GetString
 .text.USBD_GetLen
                0x08008074       0x34 Middlewares\ST\STM32_USB_Device_Library\Core\Src\usbd_ctlreq.o
 .text.USBD_CtlSendData
                0x080080a8       0x36 Middlewares\ST\STM32_USB_Device_Library\Core\Src\usbd_ioreq.o
                0x080080a8                USBD_CtlSendData
 .text.USBD_CtlContinueSendData
                0x080080de       0x22 Middlewares\ST\STM32_USB_Device_Library\Core\Src\usbd_ioreq.o
                0x080080de                USBD_CtlContinueSendData
 .text.USBD_CtlContinueRx
                0x08008100       0x22 Middlewares\ST\STM32_USB_Device_Library\Core\Src\usbd_ioreq.o
                0x08008100                USBD_CtlContinueRx
 .text.USBD_CtlSendStatus
                0x08008122       0x26 Middlewares\ST\STM32_USB_Device_Library\Core\Src\usbd_ioreq.o
                0x08008122                USBD_CtlSendStatus
 .text.USBD_CtlReceiveStatus
                0x08008148       0x26 Middlewares\ST\STM32_USB_Device_Library\Core\Src\usbd_ioreq.o
                0x08008148                USBD_CtlReceiveStatus
 *fill*         0x0800816e        0x2 
 .text.MX_USB_DEVICE_Init
                0x08008170       0x50 USB_DEVICE\App\usb_device.o
                0x08008170                MX_USB_DEVICE_Init
 .text.USBD_HS_DeviceDescriptor
                0x080081c0       0x24 USB_DEVICE\App\usbd_desc.o
                0x080081c0                USBD_HS_DeviceDescriptor
 .text.USBD_HS_LangIDStrDescriptor
                0x080081e4       0x24 USB_DEVICE\App\usbd_desc.o
                0x080081e4                USBD_HS_LangIDStrDescriptor
 .text.USBD_HS_ProductStrDescriptor
                0x08008208       0x3c USB_DEVICE\App\usbd_desc.o
                0x08008208                USBD_HS_ProductStrDescriptor
 .text.USBD_HS_ManufacturerStrDescriptor
                0x08008244       0x28 USB_DEVICE\App\usbd_desc.o
                0x08008244                USBD_HS_ManufacturerStrDescriptor
 .text.USBD_HS_SerialStrDescriptor
                0x0800826c       0x24 USB_DEVICE\App\usbd_desc.o
                0x0800826c                USBD_HS_SerialStrDescriptor
 .text.USBD_HS_ConfigStrDescriptor
                0x08008290       0x3c USB_DEVICE\App\usbd_desc.o
                0x08008290                USBD_HS_ConfigStrDescriptor
 .text.USBD_HS_InterfaceStrDescriptor
                0x080082cc       0x3c USB_DEVICE\App\usbd_desc.o
                0x080082cc                USBD_HS_InterfaceStrDescriptor
 .text.Get_SerialNum
                0x08008308       0x58 USB_DEVICE\App\usbd_desc.o
 .text.IntToUnicode
                0x08008360       0x7e USB_DEVICE\App\usbd_desc.o
 *fill*         0x080083de        0x2 
 .text.HAL_PCD_MspInit
                0x080083e0       0xe4 USB_DEVICE\Target\usbd_conf.o
                0x080083e0                HAL_PCD_MspInit
 .text.HAL_PCD_SetupStageCallback
                0x080084c4       0x24 USB_DEVICE\Target\usbd_conf.o
                0x080084c4                HAL_PCD_SetupStageCallback
 .text.HAL_PCD_DataOutStageCallback
                0x080084e8       0x36 USB_DEVICE\Target\usbd_conf.o
                0x080084e8                HAL_PCD_DataOutStageCallback
 .text.HAL_PCD_DataInStageCallback
                0x0800851e       0x34 USB_DEVICE\Target\usbd_conf.o
                0x0800851e                HAL_PCD_DataInStageCallback
 .text.HAL_PCD_SOFCallback
                0x08008552       0x1c USB_DEVICE\Target\usbd_conf.o
                0x08008552                HAL_PCD_SOFCallback
 .text.HAL_PCD_ResetCallback
                0x0800856e       0x50 USB_DEVICE\Target\usbd_conf.o
                0x0800856e                HAL_PCD_ResetCallback
 *fill*         0x080085be        0x2 
 .text.HAL_PCD_SuspendCallback
                0x080085c0       0x4c USB_DEVICE\Target\usbd_conf.o
                0x080085c0                HAL_PCD_SuspendCallback
 .text.HAL_PCD_ResumeCallback
                0x0800860c       0x1c USB_DEVICE\Target\usbd_conf.o
                0x0800860c                HAL_PCD_ResumeCallback
 .text.HAL_PCD_ISOOUTIncompleteCallback
                0x08008628       0x24 USB_DEVICE\Target\usbd_conf.o
                0x08008628                HAL_PCD_ISOOUTIncompleteCallback
 .text.HAL_PCD_ISOINIncompleteCallback
                0x0800864c       0x24 USB_DEVICE\Target\usbd_conf.o
                0x0800864c                HAL_PCD_ISOINIncompleteCallback
 .text.HAL_PCD_ConnectCallback
                0x08008670       0x1c USB_DEVICE\Target\usbd_conf.o
                0x08008670                HAL_PCD_ConnectCallback
 .text.HAL_PCD_DisconnectCallback
                0x0800868c       0x1c USB_DEVICE\Target\usbd_conf.o
                0x0800868c                HAL_PCD_DisconnectCallback
 .text.USBD_LL_Init
                0x080086a8       0xa4 USB_DEVICE\Target\usbd_conf.o
                0x080086a8                USBD_LL_Init
 .text.USBD_LL_Start
                0x0800874c       0x36 USB_DEVICE\Target\usbd_conf.o
                0x0800874c                USBD_LL_Start
 .text.USBD_LL_OpenEP
                0x08008782       0x4c USB_DEVICE\Target\usbd_conf.o
                0x08008782                USBD_LL_OpenEP
 .text.USBD_LL_CloseEP
                0x080087ce       0x3e USB_DEVICE\Target\usbd_conf.o
                0x080087ce                USBD_LL_CloseEP
 .text.USBD_LL_StallEP
                0x0800880c       0x3e USB_DEVICE\Target\usbd_conf.o
                0x0800880c                USBD_LL_StallEP
 .text.USBD_LL_ClearStallEP
                0x0800884a       0x3e USB_DEVICE\Target\usbd_conf.o
                0x0800884a                USBD_LL_ClearStallEP
 .text.USBD_LL_IsStallEP
                0x08008888       0x58 USB_DEVICE\Target\usbd_conf.o
                0x08008888                USBD_LL_IsStallEP
 .text.USBD_LL_SetUSBAddress
                0x080088e0       0x3e USB_DEVICE\Target\usbd_conf.o
                0x080088e0                USBD_LL_SetUSBAddress
 .text.USBD_LL_Transmit
                0x0800891e       0x42 USB_DEVICE\Target\usbd_conf.o
                0x0800891e                USBD_LL_Transmit
 .text.USBD_LL_PrepareReceive
                0x08008960       0x42 USB_DEVICE\Target\usbd_conf.o
                0x08008960                USBD_LL_PrepareReceive
 *fill*         0x080089a2        0x2 
 .text.USBD_static_malloc
                0x080089a4       0x1c USB_DEVICE\Target\usbd_conf.o
                0x080089a4                USBD_static_malloc
 .text.USBD_static_free
                0x080089c0       0x14 USB_DEVICE\Target\usbd_conf.o
                0x080089c0                USBD_static_free
 .text.USBD_Get_USB_Status
                0x080089d4       0x58 USB_DEVICE\Target\usbd_conf.o
                0x080089d4                USBD_Get_USB_Status
 .text.memset   0x08008a2c       0x10 C:/ST/STM32CubeIDE_1.17.0/STM32CubeIDE/plugins/com.st.stm32cube.ide.mcu.externaltools.gnu-tools-for-stm32.12.3.rel1.win32_1.1.0.202410251130/tools/bin/../lib/gcc/arm-none-eabi/12.3.1/../../../../arm-none-eabi/lib/thumb/v7e-m+dp/hard\libc_nano.a(libc_a-memset.o)
                0x08008a2c                memset
 .text.__libc_init_array
                0x08008a3c       0x48 C:/ST/STM32CubeIDE_1.17.0/STM32CubeIDE/plugins/com.st.stm32cube.ide.mcu.externaltools.gnu-tools-for-stm32.12.3.rel1.win32_1.1.0.202410251130/tools/bin/../lib/gcc/arm-none-eabi/12.3.1/../../../../arm-none-eabi/lib/thumb/v7e-m+dp/hard\libc_nano.a(libc_a-init.o)
                0x08008a3c                __libc_init_array
 *(.glue_7)
 .glue_7        0x08008a84        0x0 linker stubs
 *(.glue_7t)
 .glue_7t       0x08008a84        0x0 linker stubs
 *(.eh_frame)
 .eh_frame      0x08008a84        0x0 C:/ST/STM32CubeIDE_1.17.0/STM32CubeIDE/plugins/com.st.stm32cube.ide.mcu.externaltools.gnu-tools-for-stm32.12.3.rel1.win32_1.1.0.202410251130/tools/bin/../lib/gcc/arm-none-eabi/12.3.1/thumb/v7e-m+dp/hard/crtbegin.o
 *(.init)
 .init          0x08008a84        0x4 C:/ST/STM32CubeIDE_1.17.0/STM32CubeIDE/plugins/com.st.stm32cube.ide.mcu.externaltools.gnu-tools-for-stm32.12.3.rel1.win32_1.1.0.202410251130/tools/bin/../lib/gcc/arm-none-eabi/12.3.1/thumb/v7e-m+dp/hard/crti.o
                0x08008a84                _init
 .init          0x08008a88        0x8 C:/ST/STM32CubeIDE_1.17.0/STM32CubeIDE/plugins/com.st.stm32cube.ide.mcu.externaltools.gnu-tools-for-stm32.12.3.rel1.win32_1.1.0.202410251130/tools/bin/../lib/gcc/arm-none-eabi/12.3.1/thumb/v7e-m+dp/hard/crtn.o
 *(.fini)
 .fini          0x08008a90        0x4 C:/ST/STM32CubeIDE_1.17.0/STM32CubeIDE/plugins/com.st.stm32cube.ide.mcu.externaltools.gnu-tools-for-stm32.12.3.rel1.win32_1.1.0.202410251130/tools/bin/../lib/gcc/arm-none-eabi/12.3.1/thumb/v7e-m+dp/hard/crti.o
                0x08008a90                _fini
 .fini          0x08008a94        0x8 C:/ST/STM32CubeIDE_1.17.0/STM32CubeIDE/plugins/com.st.stm32cube.ide.mcu.externaltools.gnu-tools-for-stm32.12.3.rel1.win32_1.1.0.202410251130/tools/bin/../lib/gcc/arm-none-eabi/12.3.1/thumb/v7e-m+dp/hard/crtn.o
                0x08008a9c                        . = ALIGN (0x4)
                0x08008a9c                        _etext = .

.vfp11_veneer   0x08008a9c        0x0
 .vfp11_veneer  0x08008a9c        0x0 linker stubs

.v4_bx          0x08008a9c        0x0
 .v4_bx         0x08008a9c        0x0 linker stubs

.iplt           0x08008a9c        0x0
 .iplt          0x08008a9c        0x0 C:/ST/STM32CubeIDE_1.17.0/STM32CubeIDE/plugins/com.st.stm32cube.ide.mcu.externaltools.gnu-tools-for-stm32.12.3.rel1.win32_1.1.0.202410251130/tools/bin/../lib/gcc/arm-none-eabi/12.3.1/thumb/v7e-m+dp/hard/crtbegin.o

.rodata         0x08008a9c       0xf0
                0x08008a9c                        . = ALIGN (0x4)
 *(.rodata)
 .rodata        0x08008a9c        0x3 Core\Src\main.o
 *fill*         0x08008a9f        0x1 
 .rodata        0x08008aa0       0x46 USB_DEVICE\App\usbd_desc.o
 *(.rodata*)
 *fill*         0x08008ae6        0x2 
 .rodata.KEY_ONE
                0x08008ae8        0xc Core\Src\main.o
                0x08008ae8                KEY_ONE
 .rodata.KEY_TWO
                0x08008af4        0xc Core\Src\main.o
                0x08008af4                KEY_TWO
 .rodata.KEY_THREE
                0x08008b00        0xc Core\Src\main.o
                0x08008b00                KEY_THREE
 .rodata.KEY_FOUR
                0x08008b0c        0xc Core\Src\main.o
                0x08008b0c                KEY_FOUR
 .rodata.KEY_FIVE
                0x08008b18        0xc Core\Src\main.o
                0x08008b18                KEY_FIVE
 .rodata.KEY_SIX
                0x08008b24        0xc Core\Src\main.o
                0x08008b24                KEY_SIX
 .rodata.ROTARY_SWITCH
                0x08008b30        0xc Core\Src\main.o
                0x08008b30                ROTARY_SWITCH
 .rodata.ROTARY_A
                0x08008b3c        0xc Core\Src\main.o
                0x08008b3c                ROTARY_A
 .rodata.ROTARY_B
                0x08008b48        0xc Core\Src\main.o
                0x08008b48                ROTARY_B
 .rodata.DEBUG_ELEVEN
                0x08008b54        0xc Core\Src\main.o
                0x08008b54                DEBUG_ELEVEN
 .rodata.DEBUG_TWELVE
                0x08008b60        0xc Core\Src\main.o
                0x08008b60                DEBUG_TWELVE
 .rodata.decode_table
                0x08008b6c       0x10 Core\Src\main.o
 .rodata.D1CorePrescTable
                0x08008b7c       0x10 Core\Src\system_stm32h7xx.o
                0x08008b7c                D1CorePrescTable
                0x08008b8c                        . = ALIGN (0x4)

.ARM.extab
 *(.ARM.extab* .gnu.linkonce.armextab.*)

.ARM            0x08008b8c        0x0
                0x08008b8c                        __exidx_start = .
 *(.ARM.exidx*)
                0x08008b8c                        __exidx_end = .

.preinit_array  0x08008b8c        0x0
                0x08008b8c                        PROVIDE (__preinit_array_start = .)
 *(.preinit_array*)
                0x08008b8c                        PROVIDE (__preinit_array_end = .)

.init_array     0x08008b8c        0x4
                0x08008b8c                        PROVIDE (__init_array_start = .)
 *(SORT_BY_NAME(.init_array.*))
 *(.init_array*)
 .init_array    0x08008b8c        0x4 C:/ST/STM32CubeIDE_1.17.0/STM32CubeIDE/plugins/com.st.stm32cube.ide.mcu.externaltools.gnu-tools-for-stm32.12.3.rel1.win32_1.1.0.202410251130/tools/bin/../lib/gcc/arm-none-eabi/12.3.1/thumb/v7e-m+dp/hard/crtbegin.o
                0x08008b90                        PROVIDE (__init_array_end = .)

.fini_array     0x08008b90        0x4
                [!provide]                        PROVIDE (__fini_array_start = .)
 *(SORT_BY_NAME(.fini_array.*))
 *(.fini_array*)
 .fini_array    0x08008b90        0x4 C:/ST/STM32CubeIDE_1.17.0/STM32CubeIDE/plugins/com.st.stm32cube.ide.mcu.externaltools.gnu-tools-for-stm32.12.3.rel1.win32_1.1.0.202410251130/tools/bin/../lib/gcc/arm-none-eabi/12.3.1/thumb/v7e-m+dp/hard/crtbegin.o
                [!provide]                        PROVIDE (__fini_array_end = .)
                0x08008b94                        _sidata = LOADADDR (.data)

.rel.dyn        0x08008b94        0x0
 .rel.iplt      0x08008b94        0x0 C:/ST/STM32CubeIDE_1.17.0/STM32CubeIDE/plugins/com.st.stm32cube.ide.mcu.externaltools.gnu-tools-for-stm32.12.3.rel1.win32_1.1.0.202410251130/tools/bin/../lib/gcc/arm-none-eabi/12.3.1/thumb/v7e-m+dp/hard/crtbegin.o

.data           0x24000000      0x130 load address 0x08008b94
                0x24000000                        . = ALIGN (0x4)
                0x24000000                        _sdata = .
 *(.data)
 *(.data*)
 .data.SystemCoreClock
                0x24000000        0x4 Core\Src\system_stm32h7xx.o
                0x24000000                SystemCoreClock
 .data.SystemD2Clock
                0x24000004        0x4 Core\Src\system_stm32h7xx.o
                0x24000004                SystemD2Clock
 .data.uwTickPrio
                0x24000008        0x4 Drivers\STM32H7xx_HAL_Driver\Src\stm32h7xx_hal.o
                0x24000008                uwTickPrio
 .data.uwTickFreq
                0x2400000c        0x1 Drivers\STM32H7xx_HAL_Driver\Src\stm32h7xx_hal.o
                0x2400000c                uwTickFreq
 *fill*         0x2400000d        0x3 
 .data.USBD_HID
                0x24000010       0x38 Middlewares\ST\STM32_USB_Device_Library\Class\HID\Src\usbd_hid.o
                0x24000010                USBD_HID
 .data.USBD_HID_CfgDesc
                0x24000048       0x22 Middlewares\ST\STM32_USB_Device_Library\Class\HID\Src\usbd_hid.o
 *fill*         0x2400006a        0x2 
 .data.USBD_HID_Desc
                0x2400006c        0x9 Middlewares\ST\STM32_USB_Device_Library\Class\HID\Src\usbd_hid.o
 *fill*         0x24000075        0x3 
 .data.USBD_HID_DeviceQualifierDesc
                0x24000078        0xa Middlewares\ST\STM32_USB_Device_Library\Class\HID\Src\usbd_hid.o
 *fill*         0x24000082        0x2 
 .data.HID_MOUSE_ReportDesc
                0x24000084       0x58 Middlewares\ST\STM32_USB_Device_Library\Class\HID\Src\usbd_hid.o
 .data.HIDInEpAdd
                0x240000dc        0x1 Middlewares\ST\STM32_USB_Device_Library\Class\HID\Src\usbd_hid.o
 *fill*         0x240000dd        0x3 
 .data.HS_Desc  0x240000e0       0x1c USB_DEVICE\App\usbd_desc.o
                0x240000e0                HS_Desc
 .data.USBD_HS_DeviceDesc
                0x240000fc       0x12 USB_DEVICE\App\usbd_desc.o
                0x240000fc                USBD_HS_DeviceDesc
 *fill*         0x2400010e        0x2 
 .data.USBD_LangIDDesc
                0x24000110        0x4 USB_DEVICE\App\usbd_desc.o
                0x24000110                USBD_LangIDDesc
 .data.USBD_StringSerial
                0x24000114       0x1a USB_DEVICE\App\usbd_desc.o
                0x24000114                USBD_StringSerial
 *(.RamFunc)
 *(.RamFunc*)
                0x24000130                        . = ALIGN (0x4)
 *fill*         0x2400012e        0x2 
                0x24000130                        _edata = .

.igot.plt       0x24000130        0x0 load address 0x08008cc4
 .igot.plt      0x24000130        0x0 C:/ST/STM32CubeIDE_1.17.0/STM32CubeIDE/plugins/com.st.stm32cube.ide.mcu.externaltools.gnu-tools-for-stm32.12.3.rel1.win32_1.1.0.202410251130/tools/bin/../lib/gcc/arm-none-eabi/12.3.1/thumb/v7e-m+dp/hard/crtbegin.o
                0x24000130                        . = ALIGN (0x4)

.bss            0x24000130      0xa00 load address 0x08008cc4
                0x24000130                        _sbss = .
                0x24000130                        __bss_start__ = _sbss
 *(.bss)
 .bss           0x24000130       0x1c C:/ST/STM32CubeIDE_1.17.0/STM32CubeIDE/plugins/com.st.stm32cube.ide.mcu.externaltools.gnu-tools-for-stm32.12.3.rel1.win32_1.1.0.202410251130/tools/bin/../lib/gcc/arm-none-eabi/12.3.1/thumb/v7e-m+dp/hard/crtbegin.o
 *(.bss*)
 .bss.encoder_pos
                0x2400014c        0x4 Core\Src\main.o
                0x2400014c                encoder_pos
 .bss.prev_state
                0x24000150        0x1 Core\Src\main.o
 *fill*         0x24000151        0x3 
 .bss.uwTick    0x24000154        0x4 Drivers\STM32H7xx_HAL_Driver\Src\stm32h7xx_hal.o
                0x24000154                uwTick
 .bss.cfgidx.0  0x24000158        0x1 Middlewares\ST\STM32_USB_Device_Library\Core\Src\usbd_ctlreq.o
 *fill*         0x24000159        0x3 
 .bss.hUsbDeviceHS
                0x2400015c      0x2dc USB_DEVICE\App\usb_device.o
                0x2400015c                hUsbDeviceHS
 .bss.USBD_StrDesc
                0x24000438      0x200 USB_DEVICE\App\usbd_desc.o
                0x24000438                USBD_StrDesc
 .bss.hpcd_USB_OTG_HS
                0x24000638      0x4e4 USB_DEVICE\Target\usbd_conf.o
                0x24000638                hpcd_USB_OTG_HS
 .bss.mem.0     0x24000b1c       0x14 USB_DEVICE\Target\usbd_conf.o
 *(COMMON)
                0x24000b30                        . = ALIGN (0x4)
                0x24000b30                        _ebss = .
                0x24000b30                        __bss_end__ = _ebss

._user_heap_stack
                0x24000b30      0x600 load address 0x08008cc4
                0x24000b30                        . = ALIGN (0x8)
                [!provide]                        PROVIDE (end = .)
                0x24000b30                        PROVIDE (_end = .)
                0x24000d30                        . = (. + _Min_Heap_Size)
 *fill*         0x24000b30      0x200 
                0x24001130                        . = (. + _Min_Stack_Size)
 *fill*         0x24000d30      0x400 
                0x24001130                        . = ALIGN (0x8)

/DISCARD/
 libc.a(*)
 libm.a(*)
 libgcc.a(*)

.ARM.attributes
                0x00000000       0x2e
 *(.ARM.attributes)
 .ARM.attributes
                0x00000000       0x20 C:/ST/STM32CubeIDE_1.17.0/STM32CubeIDE/plugins/com.st.stm32cube.ide.mcu.externaltools.gnu-tools-for-stm32.12.3.rel1.win32_1.1.0.202410251130/tools/bin/../lib/gcc/arm-none-eabi/12.3.1/thumb/v7e-m+dp/hard/crti.o
 .ARM.attributes
                0x00000020       0x32 C:/ST/STM32CubeIDE_1.17.0/STM32CubeIDE/plugins/com.st.stm32cube.ide.mcu.externaltools.gnu-tools-for-stm32.12.3.rel1.win32_1.1.0.202410251130/tools/bin/../lib/gcc/arm-none-eabi/12.3.1/thumb/v7e-m+dp/hard/crtbegin.o
 .ARM.attributes
                0x00000052       0x32 Core\Src\main.o
 .ARM.attributes
                0x00000084       0x32 Core\Src\stm32h7xx_hal_msp.o
 .ARM.attributes
                0x000000b6       0x32 Core\Src\stm32h7xx_it.o
 .ARM.attributes
                0x000000e8       0x32 Core\Src\system_stm32h7xx.o
 .ARM.attributes
                0x0000011a       0x21 Core\Startup\startup_stm32h7a3rgtx.o
 .ARM.attributes
                0x0000013b       0x32 Drivers\STM32H7xx_HAL_Driver\Src\stm32h7xx_hal.o
 .ARM.attributes
                0x0000016d       0x32 Drivers\STM32H7xx_HAL_Driver\Src\stm32h7xx_hal_cortex.o
 .ARM.attributes
                0x0000019f       0x32 Drivers\STM32H7xx_HAL_Driver\Src\stm32h7xx_hal_gpio.o
 .ARM.attributes
                0x000001d1       0x32 Drivers\STM32H7xx_HAL_Driver\Src\stm32h7xx_hal_pcd.o
 .ARM.attributes
                0x00000203       0x32 Drivers\STM32H7xx_HAL_Driver\Src\stm32h7xx_hal_pcd_ex.o
 .ARM.attributes
                0x00000235       0x32 Drivers\STM32H7xx_HAL_Driver\Src\stm32h7xx_hal_pwr_ex.o
 .ARM.attributes
                0x00000267       0x32 Drivers\STM32H7xx_HAL_Driver\Src\stm32h7xx_hal_rcc.o
 .ARM.attributes
                0x00000299       0x32 Drivers\STM32H7xx_HAL_Driver\Src\stm32h7xx_hal_rcc_ex.o
 .ARM.attributes
                0x000002cb       0x32 Drivers\STM32H7xx_HAL_Driver\Src\stm32h7xx_ll_usb.o
 .ARM.attributes
                0x000002fd       0x32 Middlewares\ST\STM32_USB_Device_Library\Class\HID\Src\usbd_hid.o
 .ARM.attributes
                0x0000032f       0x32 Middlewares\ST\STM32_USB_Device_Library\Core\Src\usbd_core.o
 .ARM.attributes
                0x00000361       0x32 Middlewares\ST\STM32_USB_Device_Library\Core\Src\usbd_ctlreq.o
 .ARM.attributes
                0x00000393       0x32 Middlewares\ST\STM32_USB_Device_Library\Core\Src\usbd_ioreq.o
 .ARM.attributes
                0x000003c5       0x32 USB_DEVICE\App\usb_device.o
 .ARM.attributes
                0x000003f7       0x32 USB_DEVICE\App\usbd_desc.o
 .ARM.attributes
                0x00000429       0x32 USB_DEVICE\Target\usbd_conf.o
 .ARM.attributes
                0x0000045b       0x32 C:/ST/STM32CubeIDE_1.17.0/STM32CubeIDE/plugins/com.st.stm32cube.ide.mcu.externaltools.gnu-tools-for-stm32.12.3.rel1.win32_1.1.0.202410251130/tools/bin/../lib/gcc/arm-none-eabi/12.3.1/../../../../arm-none-eabi/lib/thumb/v7e-m+dp/hard\libc_nano.a(libc_a-memset.o)
 .ARM.attributes
                0x0000048d       0x32 C:/ST/STM32CubeIDE_1.17.0/STM32CubeIDE/plugins/com.st.stm32cube.ide.mcu.externaltools.gnu-tools-for-stm32.12.3.rel1.win32_1.1.0.202410251130/tools/bin/../lib/gcc/arm-none-eabi/12.3.1/../../../../arm-none-eabi/lib/thumb/v7e-m+dp/hard\libc_nano.a(libc_a-init.o)
 .ARM.attributes
                0x000004bf       0x20 C:/ST/STM32CubeIDE_1.17.0/STM32CubeIDE/plugins/com.st.stm32cube.ide.mcu.externaltools.gnu-tools-for-stm32.12.3.rel1.win32_1.1.0.202410251130/tools/bin/../lib/gcc/arm-none-eabi/12.3.1/thumb/v7e-m+dp/hard/crtn.o
OUTPUT(custom_keypad.elf elf32-littlearm)
LOAD linker stubs
LOAD C:/ST/STM32CubeIDE_1.17.0/STM32CubeIDE/plugins/com.st.stm32cube.ide.mcu.externaltools.gnu-tools-for-stm32.12.3.rel1.win32_1.1.0.202410251130/tools/bin/../lib/gcc/arm-none-eabi/12.3.1/../../../../arm-none-eabi/lib/thumb/v7e-m+dp/hard\libc.a
LOAD C:/ST/STM32CubeIDE_1.17.0/STM32CubeIDE/plugins/com.st.stm32cube.ide.mcu.externaltools.gnu-tools-for-stm32.12.3.rel1.win32_1.1.0.202410251130/tools/bin/../lib/gcc/arm-none-eabi/12.3.1/../../../../arm-none-eabi/lib/thumb/v7e-m+dp/hard\libm.a
LOAD C:/ST/STM32CubeIDE_1.17.0/STM32CubeIDE/plugins/com.st.stm32cube.ide.mcu.externaltools.gnu-tools-for-stm32.12.3.rel1.win32_1.1.0.202410251130/tools/bin/../lib/gcc/arm-none-eabi/12.3.1/thumb/v7e-m+dp/hard\libgcc.a

.debug_info     0x00000000    0x12ef8
 .debug_info    0x00000000     0x2311 Core\Src\main.o
 .debug_info    0x00002311      0x48b Core\Src\stm32h7xx_hal_msp.o
 .debug_info    0x0000279c      0x6e3 Core\Src\stm32h7xx_it.o
 .debug_info    0x00002e7f      0xd33 Core\Src\system_stm32h7xx.o
 .debug_info    0x00003bb2       0x30 Core\Startup\startup_stm32h7a3rgtx.o
 .debug_info    0x00003be2     0x13f1 Drivers\STM32H7xx_HAL_Driver\Src\stm32h7xx_hal.o
 .debug_info    0x00004fd3     0x1093 Drivers\STM32H7xx_HAL_Driver\Src\stm32h7xx_hal_cortex.o
 .debug_info    0x00006066      0xb3a Drivers\STM32H7xx_HAL_Driver\Src\stm32h7xx_hal_gpio.o
 .debug_info    0x00006ba0     0x1561 Drivers\STM32H7xx_HAL_Driver\Src\stm32h7xx_hal_pcd.o
 .debug_info    0x00008101      0x8b3 Drivers\STM32H7xx_HAL_Driver\Src\stm32h7xx_hal_pcd_ex.o
 .debug_info    0x000089b4      0xf01 Drivers\STM32H7xx_HAL_Driver\Src\stm32h7xx_hal_pwr_ex.o
 .debug_info    0x000098b5      0xeb0 Drivers\STM32H7xx_HAL_Driver\Src\stm32h7xx_hal_rcc.o
 .debug_info    0x0000a765     0x120c Drivers\STM32H7xx_HAL_Driver\Src\stm32h7xx_hal_rcc_ex.o
 .debug_info    0x0000b971     0x1a1e Drivers\STM32H7xx_HAL_Driver\Src\stm32h7xx_ll_usb.o
 .debug_info    0x0000d38f      0xa9f Middlewares\ST\STM32_USB_Device_Library\Class\HID\Src\usbd_hid.o
 .debug_info    0x0000de2e      0xe13 Middlewares\ST\STM32_USB_Device_Library\Core\Src\usbd_core.o
 .debug_info    0x0000ec41      0xaf9 Middlewares\ST\STM32_USB_Device_Library\Core\Src\usbd_ctlreq.o
 .debug_info    0x0000f73a      0x770 Middlewares\ST\STM32_USB_Device_Library\Core\Src\usbd_ioreq.o
 .debug_info    0x0000feaa      0x613 USB_DEVICE\App\usb_device.o
 .debug_info    0x000104bd      0x4b9 USB_DEVICE\App\usbd_desc.o
 .debug_info    0x00010976     0x2582 USB_DEVICE\Target\usbd_conf.o

.debug_abbrev   0x00000000     0x2f5e
 .debug_abbrev  0x00000000      0x39f Core\Src\main.o
 .debug_abbrev  0x0000039f       0xec Core\Src\stm32h7xx_hal_msp.o
 .debug_abbrev  0x0000048b      0x1a5 Core\Src\stm32h7xx_it.o
 .debug_abbrev  0x00000630      0x165 Core\Src\system_stm32h7xx.o
 .debug_abbrev  0x00000795       0x24 Core\Startup\startup_stm32h7a3rgtx.o
 .debug_abbrev  0x000007b9      0x291 Drivers\STM32H7xx_HAL_Driver\Src\stm32h7xx_hal.o
 .debug_abbrev  0x00000a4a      0x339 Drivers\STM32H7xx_HAL_Driver\Src\stm32h7xx_hal_cortex.o
 .debug_abbrev  0x00000d83      0x201 Drivers\STM32H7xx_HAL_Driver\Src\stm32h7xx_hal_gpio.o
 .debug_abbrev  0x00000f84      0x2dc Drivers\STM32H7xx_HAL_Driver\Src\stm32h7xx_hal_pcd.o
 .debug_abbrev  0x00001260      0x256 Drivers\STM32H7xx_HAL_Driver\Src\stm32h7xx_hal_pcd_ex.o
 .debug_abbrev  0x000014b6      0x297 Drivers\STM32H7xx_HAL_Driver\Src\stm32h7xx_hal_pwr_ex.o
 .debug_abbrev  0x0000174d      0x2c5 Drivers\STM32H7xx_HAL_Driver\Src\stm32h7xx_hal_rcc.o
 .debug_abbrev  0x00001a12      0x27a Drivers\STM32H7xx_HAL_Driver\Src\stm32h7xx_hal_rcc_ex.o
 .debug_abbrev  0x00001c8c      0x2b3 Drivers\STM32H7xx_HAL_Driver\Src\stm32h7xx_ll_usb.o
 .debug_abbrev  0x00001f3f      0x2a2 Middlewares\ST\STM32_USB_Device_Library\Class\HID\Src\usbd_hid.o
 .debug_abbrev  0x000021e1      0x27c Middlewares\ST\STM32_USB_Device_Library\Core\Src\usbd_core.o
 .debug_abbrev  0x0000245d      0x26f Middlewares\ST\STM32_USB_Device_Library\Core\Src\usbd_ctlreq.o
 .debug_abbrev  0x000026cc      0x19a Middlewares\ST\STM32_USB_Device_Library\Core\Src\usbd_ioreq.o
 .debug_abbrev  0x00002866      0x1a3 USB_DEVICE\App\usb_device.o
 .debug_abbrev  0x00002a09      0x1f5 USB_DEVICE\App\usbd_desc.o
 .debug_abbrev  0x00002bfe      0x360 USB_DEVICE\Target\usbd_conf.o

.debug_aranges  0x00000000      0xe78
 .debug_aranges
                0x00000000       0x68 Core\Src\main.o
 .debug_aranges
                0x00000068       0x20 Core\Src\stm32h7xx_hal_msp.o
 .debug_aranges
                0x00000088       0x78 Core\Src\stm32h7xx_it.o
 .debug_aranges
                0x00000100       0x30 Core\Src\system_stm32h7xx.o
 .debug_aranges
                0x00000130       0x28 Core\Startup\startup_stm32h7a3rgtx.o
 .debug_aranges
                0x00000158      0x1a0 Drivers\STM32H7xx_HAL_Driver\Src\stm32h7xx_hal.o
 .debug_aranges
                0x000002f8      0x130 Drivers\STM32H7xx_HAL_Driver\Src\stm32h7xx_hal_cortex.o
 .debug_aranges
                0x00000428       0x58 Drivers\STM32H7xx_HAL_Driver\Src\stm32h7xx_hal_gpio.o
 .debug_aranges
                0x00000480      0x140 Drivers\STM32H7xx_HAL_Driver\Src\stm32h7xx_hal_pcd.o
 .debug_aranges
                0x000005c0       0x60 Drivers\STM32H7xx_HAL_Driver\Src\stm32h7xx_hal_pcd_ex.o
 .debug_aranges
                0x00000620      0x188 Drivers\STM32H7xx_HAL_Driver\Src\stm32h7xx_hal_pwr_ex.o
 .debug_aranges
                0x000007a8       0x88 Drivers\STM32H7xx_HAL_Driver\Src\stm32h7xx_hal_rcc.o
 .debug_aranges
                0x00000830       0xf0 Drivers\STM32H7xx_HAL_Driver\Src\stm32h7xx_hal_rcc_ex.o
 .debug_aranges
                0x00000920      0x1a0 Drivers\STM32H7xx_HAL_Driver\Src\stm32h7xx_ll_usb.o
 .debug_aranges
                0x00000ac0       0x68 Middlewares\ST\STM32_USB_Device_Library\Class\HID\Src\usbd_hid.o
 .debug_aranges
                0x00000b28       0xd8 Middlewares\ST\STM32_USB_Device_Library\Core\Src\usbd_core.o
 .debug_aranges
                0x00000c00       0x90 Middlewares\ST\STM32_USB_Device_Library\Core\Src\usbd_ctlreq.o
 .debug_aranges
                0x00000c90       0x50 Middlewares\ST\STM32_USB_Device_Library\Core\Src\usbd_ioreq.o
 .debug_aranges
                0x00000ce0       0x20 USB_DEVICE\App\usb_device.o
 .debug_aranges
                0x00000d00       0x68 USB_DEVICE\App\usbd_desc.o
 .debug_aranges
                0x00000d68      0x110 USB_DEVICE\Target\usbd_conf.o

.debug_rnglists
                0x00000000      0xac3
 .debug_rnglists
                0x00000000       0x4c Core\Src\main.o
 .debug_rnglists
                0x0000004c       0x13 Core\Src\stm32h7xx_hal_msp.o
 .debug_rnglists
                0x0000005f       0x55 Core\Src\stm32h7xx_it.o
 .debug_rnglists
                0x000000b4       0x21 Core\Src\system_stm32h7xx.o
 .debug_rnglists
                0x000000d5       0x19 Core\Startup\startup_stm32h7a3rgtx.o
 .debug_rnglists
                0x000000ee      0x137 Drivers\STM32H7xx_HAL_Driver\Src\stm32h7xx_hal.o
 .debug_rnglists
                0x00000225       0xe0 Drivers\STM32H7xx_HAL_Driver\Src\stm32h7xx_hal_cortex.o
 .debug_rnglists
                0x00000305       0x3f Drivers\STM32H7xx_HAL_Driver\Src\stm32h7xx_hal_gpio.o
 .debug_rnglists
                0x00000344       0xf4 Drivers\STM32H7xx_HAL_Driver\Src\stm32h7xx_hal_pcd.o
 .debug_rnglists
                0x00000438       0x45 Drivers\STM32H7xx_HAL_Driver\Src\stm32h7xx_hal_pcd_ex.o
 .debug_rnglists
                0x0000047d      0x126 Drivers\STM32H7xx_HAL_Driver\Src\stm32h7xx_hal_pwr_ex.o
 .debug_rnglists
                0x000005a3       0x68 Drivers\STM32H7xx_HAL_Driver\Src\stm32h7xx_hal_rcc.o
 .debug_rnglists
                0x0000060b       0xba Drivers\STM32H7xx_HAL_Driver\Src\stm32h7xx_hal_rcc_ex.o
 .debug_rnglists
                0x000006c5      0x147 Drivers\STM32H7xx_HAL_Driver\Src\stm32h7xx_ll_usb.o
 .debug_rnglists
                0x0000080c       0x4c Middlewares\ST\STM32_USB_Device_Library\Class\HID\Src\usbd_hid.o
 .debug_rnglists
                0x00000858       0xa1 Middlewares\ST\STM32_USB_Device_Library\Core\Src\usbd_core.o
 .debug_rnglists
                0x000008f9       0x6e Middlewares\ST\STM32_USB_Device_Library\Core\Src\usbd_ctlreq.o
 .debug_rnglists
                0x00000967       0x37 Middlewares\ST\STM32_USB_Device_Library\Core\Src\usbd_ioreq.o
 .debug_rnglists
                0x0000099e       0x13 USB_DEVICE\App\usb_device.o
 .debug_rnglists
                0x000009b1       0x49 USB_DEVICE\App\usbd_desc.o
 .debug_rnglists
                0x000009fa       0xc9 USB_DEVICE\Target\usbd_conf.o

.debug_macro    0x00000000    0x311b9
 .debug_macro   0x00000000      0x3ad Core\Src\main.o
 .debug_macro   0x000003ad      0xad2 Core\Src\main.o
 .debug_macro   0x00000e7f      0x232 Core\Src\main.o
 .debug_macro   0x000010b1       0x2e Core\Src\main.o
 .debug_macro   0x000010df       0x3b Core\Src\main.o
 .debug_macro   0x0000111a       0x22 Core\Src\main.o
 .debug_macro   0x0000113c       0x8e Core\Src\main.o
 .debug_macro   0x000011ca       0x51 Core\Src\main.o
 .debug_macro   0x0000121b      0x103 Core\Src\main.o
 .debug_macro   0x0000131e       0x6a Core\Src\main.o
 .debug_macro   0x00001388      0x1df Core\Src\main.o
 .debug_macro   0x00001567       0x1c Core\Src\main.o
 .debug_macro   0x00001583       0x22 Core\Src\main.o
 .debug_macro   0x000015a5       0xfb Core\Src\main.o
 .debug_macro   0x000016a0     0x1305 Core\Src\main.o
 .debug_macro   0x000029a5      0x11f Core\Src\main.o
 .debug_macro   0x00002ac4       0x27 Core\Src\main.o
 .debug_macro   0x00002aeb    0x1eb92 Core\Src\main.o
 .debug_macro   0x0002167d       0x6d Core\Src\main.o
 .debug_macro   0x000216ea     0x3d80 Core\Src\main.o
 .debug_macro   0x0002546a      0x189 Core\Src\main.o
 .debug_macro   0x000255f3       0x61 Core\Src\main.o
 .debug_macro   0x00025654       0x29 Core\Src\main.o
 .debug_macro   0x0002567d       0x43 Core\Src\main.o
 .debug_macro   0x000256c0       0x34 Core\Src\main.o
 .debug_macro   0x000256f4       0x16 Core\Src\main.o
 .debug_macro   0x0002570a       0x43 Core\Src\main.o
 .debug_macro   0x0002574d       0x34 Core\Src\main.o
 .debug_macro   0x00025781       0x10 Core\Src\main.o
 .debug_macro   0x00025791       0x58 Core\Src\main.o
 .debug_macro   0x000257e9       0x8e Core\Src\main.o
 .debug_macro   0x00025877       0x1c Core\Src\main.o
 .debug_macro   0x00025893      0x177 Core\Src\main.o
 .debug_macro   0x00025a0a      0x369 Core\Src\main.o
 .debug_macro   0x00025d73      0x19b Core\Src\main.o
 .debug_macro   0x00025f0e       0x5d Core\Src\main.o
 .debug_macro   0x00025f6b     0x24ee Core\Src\main.o
 .debug_macro   0x00028459     0x103a Core\Src\main.o
 .debug_macro   0x00029493      0x154 Core\Src\main.o
 .debug_macro   0x000295e7      0x114 Core\Src\main.o
 .debug_macro   0x000296fb      0x3d5 Core\Src\main.o
 .debug_macro   0x00029ad0       0xac Core\Src\main.o
 .debug_macro   0x00029b7c      0x70a Core\Src\main.o
 .debug_macro   0x0002a286      0x20c Core\Src\main.o
 .debug_macro   0x0002a492       0x66 Core\Src\main.o
 .debug_macro   0x0002a4f8      0x3c9 Core\Src\main.o
 .debug_macro   0x0002a8c1      0x3eb Core\Src\main.o
 .debug_macro   0x0002acac      0x275 Core\Src\main.o
 .debug_macro   0x0002af21      0x6c8 Core\Src\main.o
 .debug_macro   0x0002b5e9      0x520 Core\Src\main.o
 .debug_macro   0x0002bb09       0x58 Core\Src\main.o
 .debug_macro   0x0002bb61       0x4a Core\Src\main.o
 .debug_macro   0x0002bbab      0x22c Core\Src\main.o
 .debug_macro   0x0002bdd7       0x67 Core\Src\main.o
 .debug_macro   0x0002be3e       0xa5 Core\Src\main.o
 .debug_macro   0x0002bee3      0x1bd Core\Src\main.o
 .debug_macro   0x0002c0a0      0x2ab Core\Src\main.o
 .debug_macro   0x0002c34b       0x35 Core\Src\main.o
 .debug_macro   0x0002c380      0x293 Core\Src\main.o
 .debug_macro   0x0002c613       0x90 Core\Src\main.o
 .debug_macro   0x0002c6a3      0x5ca Core\Src\main.o
 .debug_macro   0x0002cc6d       0x1c Core\Src\main.o
 .debug_macro   0x0002cc89       0x35 Core\Src\main.o
 .debug_macro   0x0002ccbe       0x10 Core\Src\main.o
 .debug_macro   0x0002ccce       0x1c Core\Src\main.o
 .debug_macro   0x0002ccea       0x16 Core\Src\main.o
 .debug_macro   0x0002cd00      0x146 Core\Src\main.o
 .debug_macro   0x0002ce46       0x16 Core\Src\main.o
 .debug_macro   0x0002ce5c       0x16 Core\Src\main.o
 .debug_macro   0x0002ce72       0x29 Core\Src\main.o
 .debug_macro   0x0002ce9b       0x16 Core\Src\main.o
 .debug_macro   0x0002ceb1       0x20 Core\Src\main.o
 .debug_macro   0x0002ced1       0x6b Core\Src\main.o
 .debug_macro   0x0002cf3c      0x20f Core\Src\main.o
 .debug_macro   0x0002d14b       0x5f Core\Src\main.o
 .debug_macro   0x0002d1aa      0x372 Core\Src\stm32h7xx_hal_msp.o
 .debug_macro   0x0002d51c      0x37c Core\Src\stm32h7xx_it.o
 .debug_macro   0x0002d898      0x2a4 Core\Src\system_stm32h7xx.o
 .debug_macro   0x0002db3c      0x2ce Drivers\STM32H7xx_HAL_Driver\Src\stm32h7xx_hal.o
 .debug_macro   0x0002de0a      0x2a4 Drivers\STM32H7xx_HAL_Driver\Src\stm32h7xx_hal_cortex.o
 .debug_macro   0x0002e0ae      0x2ab Drivers\STM32H7xx_HAL_Driver\Src\stm32h7xx_hal_gpio.o
 .debug_macro   0x0002e359      0x2b0 Drivers\STM32H7xx_HAL_Driver\Src\stm32h7xx_hal_pcd.o
 .debug_macro   0x0002e609      0x2a4 Drivers\STM32H7xx_HAL_Driver\Src\stm32h7xx_hal_pcd_ex.o
 .debug_macro   0x0002e8ad      0x2dd Drivers\STM32H7xx_HAL_Driver\Src\stm32h7xx_hal_pwr_ex.o
 .debug_macro   0x0002eb8a      0x2c8 Drivers\STM32H7xx_HAL_Driver\Src\stm32h7xx_hal_rcc.o
 .debug_macro   0x0002ee52      0x2c2 Drivers\STM32H7xx_HAL_Driver\Src\stm32h7xx_hal_rcc_ex.o
 .debug_macro   0x0002f114      0x2a4 Drivers\STM32H7xx_HAL_Driver\Src\stm32h7xx_ll_usb.o
 .debug_macro   0x0002f3b8      0x3b3 Middlewares\ST\STM32_USB_Device_Library\Class\HID\Src\usbd_hid.o
 .debug_macro   0x0002f76b       0x16 Middlewares\ST\STM32_USB_Device_Library\Class\HID\Src\usbd_hid.o
 .debug_macro   0x0002f781       0x9e Middlewares\ST\STM32_USB_Device_Library\Class\HID\Src\usbd_hid.o
 .debug_macro   0x0002f81f      0x10b Middlewares\ST\STM32_USB_Device_Library\Class\HID\Src\usbd_hid.o
 .debug_macro   0x0002f92a       0x16 Middlewares\ST\STM32_USB_Device_Library\Class\HID\Src\usbd_hid.o
 .debug_macro   0x0002f940      0x3a4 Middlewares\ST\STM32_USB_Device_Library\Core\Src\usbd_core.o
 .debug_macro   0x0002fce4      0x227 Middlewares\ST\STM32_USB_Device_Library\Core\Src\usbd_core.o
 .debug_macro   0x0002ff0b      0x3a4 Middlewares\ST\STM32_USB_Device_Library\Core\Src\usbd_ctlreq.o
 .debug_macro   0x000302af      0x3a0 Middlewares\ST\STM32_USB_Device_Library\Core\Src\usbd_ioreq.o
 .debug_macro   0x0003064f      0x3ba USB_DEVICE\App\usb_device.o
 .debug_macro   0x00030a09       0x22 USB_DEVICE\App\usb_device.o
 .debug_macro   0x00030a2b      0x3dd USB_DEVICE\App\usbd_desc.o
 .debug_macro   0x00030e08      0x3b1 USB_DEVICE\Target\usbd_conf.o

.debug_line     0x00000000    0x13602
 .debug_line    0x00000000      0xd56 Core\Src\main.o
 .debug_line    0x00000d56      0x9bc Core\Src\stm32h7xx_hal_msp.o
 .debug_line    0x00001712      0xac8 Core\Src\stm32h7xx_it.o
 .debug_line    0x000021da      0xaaf Core\Src\system_stm32h7xx.o
 .debug_line    0x00002c89       0x7b Core\Startup\startup_stm32h7a3rgtx.o
 .debug_line    0x00002d04      0xe7b Drivers\STM32H7xx_HAL_Driver\Src\stm32h7xx_hal.o
 .debug_line    0x00003b7f      0xe9d Drivers\STM32H7xx_HAL_Driver\Src\stm32h7xx_hal_cortex.o
 .debug_line    0x00004a1c      0xd46 Drivers\STM32H7xx_HAL_Driver\Src\stm32h7xx_hal_gpio.o
 .debug_line    0x00005762     0x1692 Drivers\STM32H7xx_HAL_Driver\Src\stm32h7xx_hal_pcd.o
 .debug_line    0x00006df4      0xacb Drivers\STM32H7xx_HAL_Driver\Src\stm32h7xx_hal_pcd_ex.o
 .debug_line    0x000078bf      0xfda Drivers\STM32H7xx_HAL_Driver\Src\stm32h7xx_hal_pwr_ex.o
 .debug_line    0x00008899     0x13c9 Drivers\STM32H7xx_HAL_Driver\Src\stm32h7xx_hal_rcc.o
 .debug_line    0x00009c62     0x1ce0 Drivers\STM32H7xx_HAL_Driver\Src\stm32h7xx_hal_rcc_ex.o
 .debug_line    0x0000b942     0x1f61 Drivers\STM32H7xx_HAL_Driver\Src\stm32h7xx_ll_usb.o
 .debug_line    0x0000d8a3      0xcdf Middlewares\ST\STM32_USB_Device_Library\Class\HID\Src\usbd_hid.o
 .debug_line    0x0000e582      0xfae Middlewares\ST\STM32_USB_Device_Library\Core\Src\usbd_core.o
 .debug_line    0x0000f530     0x11db Middlewares\ST\STM32_USB_Device_Library\Core\Src\usbd_ctlreq.o
 .debug_line    0x0001070b      0xac8 Middlewares\ST\STM32_USB_Device_Library\Core\Src\usbd_ioreq.o
 .debug_line    0x000111d3      0xa5a USB_DEVICE\App\usb_device.o
 .debug_line    0x00011c2d      0xb56 USB_DEVICE\App\usbd_desc.o
 .debug_line    0x00012783      0xe7f USB_DEVICE\Target\usbd_conf.o

.debug_str      0x00000000   0x12fe4c
 .debug_str     0x00000000   0x12c142 Core\Src\main.o
                             0x12c825 (size before relaxing)
 .debug_str     0x0012c142       0x2c Core\Src\stm32h7xx_hal_msp.o
                             0x12ada9 (size before relaxing)
 .debug_str     0x0012c16e      0x139 Core\Src\stm32h7xx_it.o
                             0x12b0a0 (size before relaxing)
 .debug_str     0x0012c2a7      0x31b Core\Src\system_stm32h7xx.o
                             0x129f18 (size before relaxing)
 .debug_str     0x0012c5c2       0x44 Core\Startup\startup_stm32h7a3rgtx.o
                                 0x7d (size before relaxing)
 .debug_str     0x0012c606      0x7ed Drivers\STM32H7xx_HAL_Driver\Src\stm32h7xx_hal.o
                             0x12adac (size before relaxing)
 .debug_str     0x0012cdf3      0x2c3 Drivers\STM32H7xx_HAL_Driver\Src\stm32h7xx_hal_cortex.o
                             0x12a7f4 (size before relaxing)
 .debug_str     0x0012d0b6       0xb7 Drivers\STM32H7xx_HAL_Driver\Src\stm32h7xx_hal_gpio.o
                             0x129e89 (size before relaxing)
 .debug_str     0x0012d16d      0x83a Drivers\STM32H7xx_HAL_Driver\Src\stm32h7xx_hal_pcd.o
                             0x12a64f (size before relaxing)
 .debug_str     0x0012d9a7      0x174 Drivers\STM32H7xx_HAL_Driver\Src\stm32h7xx_hal_pcd_ex.o
                             0x129fed (size before relaxing)
 .debug_str     0x0012db1b      0x756 Drivers\STM32H7xx_HAL_Driver\Src\stm32h7xx_hal_pwr_ex.o
                             0x12a40e (size before relaxing)
 .debug_str     0x0012e271      0x21a Drivers\STM32H7xx_HAL_Driver\Src\stm32h7xx_hal_rcc.o
                             0x12a2b1 (size before relaxing)
 .debug_str     0x0012e48b      0x92d Drivers\STM32H7xx_HAL_Driver\Src\stm32h7xx_hal_rcc_ex.o
                             0x12a746 (size before relaxing)
 .debug_str     0x0012edb8      0x4ad Drivers\STM32H7xx_HAL_Driver\Src\stm32h7xx_ll_usb.o
                             0x12a549 (size before relaxing)
 .debug_str     0x0012f265      0x2fb Middlewares\ST\STM32_USB_Device_Library\Class\HID\Src\usbd_hid.o
                             0x12b463 (size before relaxing)
 .debug_str     0x0012f560      0x37a Middlewares\ST\STM32_USB_Device_Library\Core\Src\usbd_core.o
                             0x12b3d1 (size before relaxing)
 .debug_str     0x0012f8da      0x139 Middlewares\ST\STM32_USB_Device_Library\Core\Src\usbd_ctlreq.o
                             0x12b1f9 (size before relaxing)
 .debug_str     0x0012fa13       0x79 Middlewares\ST\STM32_USB_Device_Library\Core\Src\usbd_ioreq.o
                             0x12b0ce (size before relaxing)
 .debug_str     0x0012fa8c       0xa2 USB_DEVICE\App\usb_device.o
                             0x12b271 (size before relaxing)
 .debug_str     0x0012fb2e      0x297 USB_DEVICE\App\usbd_desc.o
                             0x12affa (size before relaxing)
 .debug_str     0x0012fdc5       0x87 USB_DEVICE\Target\usbd_conf.o
                             0x12ca25 (size before relaxing)

.comment        0x00000000       0x43
 .comment       0x00000000       0x43 Core\Src\main.o
                                 0x44 (size before relaxing)
 .comment       0x00000043       0x44 Core\Src\stm32h7xx_hal_msp.o
 .comment       0x00000043       0x44 Core\Src\stm32h7xx_it.o
 .comment       0x00000043       0x44 Core\Src\system_stm32h7xx.o
 .comment       0x00000043       0x44 Drivers\STM32H7xx_HAL_Driver\Src\stm32h7xx_hal.o
 .comment       0x00000043       0x44 Drivers\STM32H7xx_HAL_Driver\Src\stm32h7xx_hal_cortex.o
 .comment       0x00000043       0x44 Drivers\STM32H7xx_HAL_Driver\Src\stm32h7xx_hal_gpio.o
 .comment       0x00000043       0x44 Drivers\STM32H7xx_HAL_Driver\Src\stm32h7xx_hal_pcd.o
 .comment       0x00000043       0x44 Drivers\STM32H7xx_HAL_Driver\Src\stm32h7xx_hal_pcd_ex.o
 .comment       0x00000043       0x44 Drivers\STM32H7xx_HAL_Driver\Src\stm32h7xx_hal_pwr_ex.o
 .comment       0x00000043       0x44 Drivers\STM32H7xx_HAL_Driver\Src\stm32h7xx_hal_rcc.o
 .comment       0x00000043       0x44 Drivers\STM32H7xx_HAL_Driver\Src\stm32h7xx_hal_rcc_ex.o
 .comment       0x00000043       0x44 Drivers\STM32H7xx_HAL_Driver\Src\stm32h7xx_ll_usb.o
 .comment       0x00000043       0x44 Middlewares\ST\STM32_USB_Device_Library\Class\HID\Src\usbd_hid.o
 .comment       0x00000043       0x44 Middlewares\ST\STM32_USB_Device_Library\Core\Src\usbd_core.o
 .comment       0x00000043       0x44 Middlewares\ST\STM32_USB_Device_Library\Core\Src\usbd_ctlreq.o
 .comment       0x00000043       0x44 Middlewares\ST\STM32_USB_Device_Library\Core\Src\usbd_ioreq.o
 .comment       0x00000043       0x44 USB_DEVICE\App\usb_device.o
 .comment       0x00000043       0x44 USB_DEVICE\App\usbd_desc.o
 .comment       0x00000043       0x44 USB_DEVICE\Target\usbd_conf.o

.debug_frame    0x00000000     0x3a58
 .debug_frame   0x00000000      0x16c Core\Src\main.o
 .debug_frame   0x0000016c       0x38 Core\Src\stm32h7xx_hal_msp.o
 .debug_frame   0x000001a4      0x158 Core\Src\stm32h7xx_it.o
 .debug_frame   0x000002fc       0x78 Core\Src\system_stm32h7xx.o
 .debug_frame   0x00000374      0x6a8 Drivers\STM32H7xx_HAL_Driver\Src\stm32h7xx_hal.o
 .debug_frame   0x00000a1c      0x508 Drivers\STM32H7xx_HAL_Driver\Src\stm32h7xx_hal_cortex.o
 .debug_frame   0x00000f24      0x14c Drivers\STM32H7xx_HAL_Driver\Src\stm32h7xx_hal_gpio.o
 .debug_frame   0x00001070      0x590 Drivers\STM32H7xx_HAL_Driver\Src\stm32h7xx_hal_pcd.o
 .debug_frame   0x00001600      0x174 Drivers\STM32H7xx_HAL_Driver\Src\stm32h7xx_hal_pcd_ex.o
 .debug_frame   0x00001774      0x660 Drivers\STM32H7xx_HAL_Driver\Src\stm32h7xx_hal_pwr_ex.o
 .debug_frame   0x00001dd4      0x1fc Drivers\STM32H7xx_HAL_Driver\Src\stm32h7xx_hal_rcc.o
 .debug_frame   0x00001fd0      0x3ec Drivers\STM32H7xx_HAL_Driver\Src\stm32h7xx_hal_rcc_ex.o
 .debug_frame   0x000023bc      0x7c0 Drivers\STM32H7xx_HAL_Driver\Src\stm32h7xx_ll_usb.o
 .debug_frame   0x00002b7c      0x184 Middlewares\ST\STM32_USB_Device_Library\Class\HID\Src\usbd_hid.o
 .debug_frame   0x00002d00      0x390 Middlewares\ST\STM32_USB_Device_Library\Core\Src\usbd_core.o
 .debug_frame   0x00003090      0x23c Middlewares\ST\STM32_USB_Device_Library\Core\Src\usbd_ctlreq.o
 .debug_frame   0x000032cc      0x10c Middlewares\ST\STM32_USB_Device_Library\Core\Src\usbd_ioreq.o
 .debug_frame   0x000033d8       0x2c USB_DEVICE\App\usb_device.o
 .debug_frame   0x00003404      0x188 USB_DEVICE\App\usbd_desc.o
 .debug_frame   0x0000358c      0x480 USB_DEVICE\Target\usbd_conf.o
 .debug_frame   0x00003a0c       0x20 C:/ST/STM32CubeIDE_1.17.0/STM32CubeIDE/plugins/com.st.stm32cube.ide.mcu.externaltools.gnu-tools-for-stm32.12.3.rel1.win32_1.1.0.202410251130/tools/bin/../lib/gcc/arm-none-eabi/12.3.1/../../../../arm-none-eabi/lib/thumb/v7e-m+dp/hard\libc_nano.a(libc_a-memset.o)
 .debug_frame   0x00003a2c       0x2c C:/ST/STM32CubeIDE_1.17.0/STM32CubeIDE/plugins/com.st.stm32cube.ide.mcu.externaltools.gnu-tools-for-stm32.12.3.rel1.win32_1.1.0.202410251130/tools/bin/../lib/gcc/arm-none-eabi/12.3.1/../../../../arm-none-eabi/lib/thumb/v7e-m+dp/hard\libc_nano.a(libc_a-init.o)

.debug_line_str
                0x00000000       0x61
 .debug_line_str
                0x00000000       0x61 Core\Startup\startup_stm32h7a3rgtx.o
